=== MIC (default input = AirPods, id 103) ===
15:19:41.338  device=103  live
15:19:45.626  device=103  MUTED
15:19:50.515  device=103  live
done

=== LID ANGLE (change points) ===
15:19:41.342 125°
15:19:43.341 124°
15:19:43.446 119°
15:19:43.552 113°
15:19:43.654 104°
15:19:43.758 92°
15:19:43.864 79°
15:19:43.970 68°
15:19:44.076 57°
15:19:44.182 46°
15:19:44.286 37°
15:19:44.391 32°
15:19:44.497 29°
15:19:48.584 32°
15:19:48.687 42°
15:19:48.792 59°
15:19:48.897 78°
15:19:49.002 93°
15:19:49.104 106°
15:19:49.209 110°
15:19:49.315 114°
15:19:49.420 121°
15:19:49.522 123°
