Clamshell, внешний монитор кабелем (зеркалирование), 2026-08-12.
Дисплеи: active=1 online=2, единственный активный builtin=false mirrored=true 1920x1080.
screens=1 в логах — зеркальная пара считается одним экраном NSScreen.

==================== СЦЕНАРИЙ A ====================
--- MIC ---
15:30:00.222  device=90  live
done
--- ANGLE (точки изменения) ---
15:30:00.052 123°
15:30:06.413 121°
15:30:06.519 111°
15:30:06.622 96°
15:30:06.729 82°
15:30:06.836 70°
15:30:06.952 58°
15:30:07.056 42°
15:30:07.162 26°
15:30:07.263 12°
15:30:07.366 1°
15:30:07.890 0°
15:30:07.996 1°
15:30:08.204 0°
15:30:08.314 1°
15:30:08.420 0°
15:30:08.630 1°
15:30:08.735 0°
15:30:09.048 1°
15:30:09.263 0°
15:30:09.472 1°
15:30:09.594 0°
15:30:09.697 1°
15:30:09.905 0°
15:30:10.423 1°
15:30:10.635 0°
15:30:10.846 1°
15:30:10.952 0°
15:30:11.058 1°
15:30:11.164 0°
15:30:11.372 1°
15:30:11.474 0°
15:30:11.686 1°
15:30:11.893 0°
15:30:12.836 1°
15:30:13.048 0°
15:30:13.153 1°
15:30:13.363 0°
15:30:13.467 1°
15:30:13.571 0°
15:30:13.672 1°
15:30:13.993 0°
15:30:14.519 1°
15:30:14.736 0°
15:30:15.467 1°
15:30:15.568 0°
15:30:16.921 1°
15:30:17.027 0°
15:30:17.130 1°
15:30:17.235 0°
15:30:17.336 1°
15:30:17.649 0°
15:30:17.755 1°
15:30:17.962 0°
15:30:18.176 1°
15:30:18.281 0°
15:30:18.492 1°
15:30:18.597 0°
15:30:18.701 1°
15:30:18.807 0°
15:30:18.913 1°
15:30:19.018 0°
15:30:19.226 1°
15:30:19.435 0°
15:30:19.851 1°
15:30:19.952 0°
15:30:21.102 1°
15:30:21.314 0°
15:30:21.523 1°
15:30:21.730 0°
15:30:22.361 1°
15:30:22.463 4°
15:30:22.568 14°
15:30:22.675 30°
15:30:22.780 47°
15:30:22.883 68°
15:30:22.987 104°
15:30:23.088 115°
15:30:23.190 117°

==================== СЦЕНАРИЙ B ====================
--- MIC ---
15:32:55.976  device=90  live
15:33:10.039  device=90  MUTED
15:33:12.705  device=90  live
done
--- ANGLE (точки изменения) ---
15:32:55.763 117°
15:33:03.381 116°
15:33:03.590 115°
15:33:03.800 114°
15:33:03.906 113°
15:33:04.008 111°
15:33:04.114 110°
15:33:04.221 108°
15:33:04.325 106°
15:33:04.429 103°
15:33:04.534 98°
15:33:04.638 96°
15:33:04.743 95°
15:33:04.850 93°
15:33:04.955 90°
15:33:05.057 88°
15:33:05.161 86°
15:33:05.267 85°
15:33:05.373 84°
15:33:05.480 82°
15:33:05.584 80°
15:33:05.690 79°
15:33:05.793 77°
15:33:05.899 75°
15:33:06.005 72°
15:33:06.109 70°
15:33:06.215 68°
15:33:06.321 66°
15:33:06.426 65°
15:33:06.533 63°
15:33:06.642 60°
15:33:06.748 58°
15:33:06.852 56°
15:33:06.957 54°
15:33:07.169 53°
15:33:07.272 52°
15:33:07.377 49°
15:33:07.483 45°
15:33:07.588 42°
15:33:07.689 40°
15:33:07.796 38°
15:33:07.901 35°
15:33:08.005 34°
15:33:08.108 32°
15:33:08.214 30°
15:33:08.318 29°
15:33:08.421 28°
15:33:08.527 26°
15:33:08.630 25°
15:33:08.840 24°
15:33:08.946 23°
15:33:09.469 22°
15:33:10.201 21°
15:33:10.515 20°
15:33:10.726 19°
15:33:10.830 16°
15:33:10.937 14°
15:33:11.045 10°
15:33:11.153 5°
15:33:11.258 0°
15:33:11.583 1°
15:33:11.706 0°
15:33:11.826 1°
15:33:12.034 0°
15:33:12.244 1°
15:33:12.349 0°
15:33:12.451 1°
15:33:12.554 0°
15:33:12.655 1°
15:33:12.761 0°
15:33:13.293 1°
15:33:13.398 0°
15:33:13.717 1°
15:33:13.931 0°
15:33:14.037 1°
15:33:14.143 0°
15:33:14.557 1°
15:33:14.663 0°
15:33:14.980 1°
15:33:15.191 0°
15:33:15.507 1°
15:33:15.820 0°
15:33:16.132 1°
15:33:16.234 0°
15:33:16.341 1°
15:33:16.447 0°
15:33:16.659 1°
15:33:16.765 0°
15:33:17.185 1°
15:33:17.287 0°
15:33:17.393 1°
15:33:17.498 0°
15:33:17.602 1°
15:33:17.706 0°
15:33:17.916 1°
15:33:18.032 0°
15:33:18.341 1°
15:33:18.447 0°
15:33:18.765 1°
15:33:18.868 0°
15:33:20.650 1°
15:33:20.754 0°
15:33:21.077 1°
15:33:21.184 0°
15:33:22.026 1°
15:33:22.130 2°
15:33:22.236 7°
15:33:22.470 42°
15:33:22.574 54°
15:33:22.677 65°
15:33:22.782 75°
15:33:22.883 85°
15:33:22.987 95°
15:33:23.089 103°
15:33:23.194 109°
15:33:23.299 113°
15:33:23.401 115°
15:33:23.503 116°

==================== СЦЕНАРИЙ C ====================
--- MIC ---
15:35:17.900  device=90  live
15:35:31.556  device=90  MUTED
done
--- ANGLE (точки изменения) ---
15:35:17.690 116°
15:35:29.163 111°
15:35:29.269 102°
15:35:29.375 89°
15:35:29.481 74°
15:35:29.586 60°
15:35:29.692 51°
15:35:29.794 43°
15:35:29.897 35°
15:35:30.004 23°
15:35:30.111 22°
15:35:30.214 21°
15:35:30.320 19°
15:35:30.630 18°
15:35:35.046 19°
15:35:35.148 18°
15:35:41.453 19°
15:35:41.559 18°
15:35:41.874 19°
15:35:41.979 18°
15:35:47.438 17°
15:35:47.541 16°
15:35:47.744 17°
15:35:47.850 19°
15:35:47.957 23°
15:35:48.061 25°
15:35:48.167 28°
15:35:48.268 29°
15:35:48.792 28°
15:36:13.709 27°
15:36:13.813 28°
15:36:14.021 27°
15:36:14.127 28°
15:36:14.437 27°
15:36:14.543 28°
15:36:15.592 27°
15:36:15.696 28°
15:36:16.437 27°
15:36:16.543 28°
15:36:16.973 27°
15:36:17.078 28°
15:36:18.245 27°
15:36:18.351 28°
15:36:19.713 27°
15:36:19.815 28°
15:36:21.486 27°
15:36:21.699 28°
15:36:21.910 27°
15:36:22.014 28°
15:36:22.124 27°
15:36:22.337 28°
15:36:22.439 27°
15:36:22.541 28°
15:36:22.854 27°
15:36:22.956 28°
15:36:23.270 27°
15:36:23.376 28°
15:36:24.116 27°
15:36:24.222 28°
15:36:24.434 27°
15:36:24.540 28°
15:36:24.962 27°
15:36:25.171 28°
15:36:25.274 27°
15:36:25.379 28°
15:36:25.715 27°
15:36:25.828 28°
15:36:26.353 27°
15:36:26.562 28°
15:36:26.667 27°
15:36:26.772 28°
15:36:26.875 27°
15:36:26.981 28°
15:36:27.399 27°
15:36:27.605 28°
15:36:27.919 27°
15:36:28.127 28°
15:36:28.229 27°
15:36:28.334 28°
15:36:28.437 27°
15:36:29.066 28°
15:36:29.278 27°
15:36:29.385 28°
15:36:29.491 27°
15:36:29.597 28°
15:36:29.800 27°
15:36:30.118 28°
15:36:30.336 27°
15:36:30.441 28°
15:36:30.548 27°
15:36:30.650 28°
15:36:31.174 27°
15:36:31.278 28°
15:36:31.486 27°
15:36:31.698 28°
15:36:32.125 27°
15:36:32.332 28°
15:36:32.538 27°
15:36:32.643 28°
15:36:32.852 27°
15:36:32.958 28°
15:36:33.170 27°
15:36:33.276 28°
15:36:33.615 27°
15:36:33.931 28°
15:36:34.276 27°
15:36:34.488 28°
15:36:34.593 27°
15:36:34.696 28°
15:36:34.906 27°
15:36:35.012 28°
15:36:35.440 27°
15:36:35.543 28°
15:36:35.751 27°
15:36:35.857 28°
15:36:35.963 27°
15:36:36.069 28°
15:36:36.278 27°
15:36:36.594 28°
15:36:36.699 27°
15:36:36.801 28°
15:36:36.906 27°
15:36:37.010 28°
15:36:37.117 27°
15:36:37.324 28°
15:36:38.707 27°
15:36:39.654 28°
15:36:39.760 27°
15:36:39.865 28°
15:36:40.075 27°
15:36:40.390 28°
15:36:40.601 27°
15:36:40.707 28°
15:36:40.812 27°
15:36:41.024 28°
15:36:41.236 27°
15:36:41.549 28°
15:36:41.756 27°
15:36:42.172 28°
15:36:42.276 27°
15:36:42.694 28°
15:36:42.906 27°
15:36:43.012 28°
15:36:43.326 27°
15:36:43.433 28°
15:36:43.644 27°
15:36:43.857 28°
15:36:44.174 27°
15:36:44.279 28°
15:36:44.385 27°
15:36:44.913 28°
15:36:45.326 27°
15:36:45.432 28°
15:36:45.535 27°
15:36:45.746 28°
15:36:45.959 27°
15:36:46.277 28°
15:36:46.493 27°
15:36:46.602 28°
15:36:46.708 27°
15:36:47.129 28°
15:36:47.339 27°
15:36:47.661 28°
15:36:47.766 27°
15:36:48.395 28°
15:36:48.501 27°
15:36:48.603 28°
15:36:48.708 27°
15:36:48.812 28°
15:36:48.918 27°
15:36:49.125 28°
15:36:49.228 27°
15:36:49.649 28°
15:36:49.752 27°
15:36:50.175 28°
15:36:50.382 27°
15:36:50.585 28°
15:36:50.690 27°
15:36:50.796 28°
15:36:50.904 27°
15:36:51.635 28°
15:36:51.843 27°
15:36:52.265 28°
15:36:52.369 27°

