# Gesture verified after the timer fix, 2026-08-12, MacBookPro18,3.
# Mic state (CoreAudio, device 90 = MacBook Pro Microphone), 5 Hz:
14:36:39.907  device=90  live
14:36:45.419  device=90  MUTED
14:36:53.175  device=90  live
done
# Lid angle, 10 Hz:
14:36:39.769   113°  screens=1  raw: 01 71 00
14:36:40.116   113°  screens=1  raw: 01 71 00
14:36:40.222   113°  screens=1  raw: 01 71 00
14:36:40.328   113°  screens=1  raw: 01 71 00
14:36:40.433   113°  screens=1  raw: 01 71 00
14:36:40.538   113°  screens=1  raw: 01 71 00
14:36:40.644   113°  screens=1  raw: 01 71 00
14:36:40.748   113°  screens=1  raw: 01 71 00
14:36:40.854   113°  screens=1  raw: 01 71 00
14:36:40.957   113°  screens=1  raw: 01 71 00
14:36:41.062   113°  screens=1  raw: 01 71 00
14:36:41.166   113°  screens=1  raw: 01 71 00
14:36:41.272   113°  screens=1  raw: 01 71 00
14:36:41.378   113°  screens=1  raw: 01 71 00
14:36:41.484   113°  screens=1  raw: 01 71 00
14:36:41.585   113°  screens=1  raw: 01 71 00
14:36:41.691   113°  screens=1  raw: 01 71 00
14:36:41.796   113°  screens=1  raw: 01 71 00
14:36:41.898   113°  screens=1  raw: 01 71 00
14:36:42.004   113°  screens=1  raw: 01 71 00
14:36:42.107   113°  screens=1  raw: 01 71 00
14:36:42.212   113°  screens=1  raw: 01 71 00
14:36:42.316   113°  screens=1  raw: 01 71 00
14:36:42.419   113°  screens=1  raw: 01 71 00
14:36:42.523   113°  screens=1  raw: 01 71 00
14:36:42.627   113°  screens=1  raw: 01 71 00
14:36:42.733   113°  screens=1  raw: 01 71 00
14:36:42.838    93°  screens=1  raw: 01 5d 00
14:36:42.941    83°  screens=1  raw: 01 53 00
14:36:43.044    72°  screens=1  raw: 01 48 00
14:36:43.149    62°  screens=1  raw: 01 3e 00
14:36:43.254    53°  screens=1  raw: 01 35 00
14:36:43.359    46°  screens=1  raw: 01 2e 00
14:36:43.464    40°  screens=1  raw: 01 28 00
14:36:43.570    37°  screens=1  raw: 01 25 00
14:36:43.676    36°  screens=1  raw: 01 24 00
14:36:43.781    34°  screens=1  raw: 01 22 00
14:36:43.887    33°  screens=1  raw: 01 21 00
14:36:43.990    32°  screens=1  raw: 01 20 00
14:36:44.096    31°  screens=1  raw: 01 1f 00
14:36:44.198    30°  screens=1  raw: 01 1e 00
14:36:44.304    29°  screens=1  raw: 01 1d 00
14:36:44.410    29°  screens=1  raw: 01 1d 00
14:36:44.515    29°  screens=1  raw: 01 1d 00
14:36:44.617    29°  screens=1  raw: 01 1d 00
14:36:44.722    29°  screens=1  raw: 01 1d 00
14:36:44.830    29°  screens=1  raw: 01 1d 00
14:36:44.936    29°  screens=1  raw: 01 1d 00
14:36:45.042    29°  screens=1  raw: 01 1d 00
14:36:45.146    29°  screens=1  raw: 01 1d 00
14:36:45.248    29°  screens=1  raw: 01 1d 00
14:36:45.354    29°  screens=1  raw: 01 1d 00
14:36:45.457    29°  screens=1  raw: 01 1d 00
14:36:45.559    29°  screens=1  raw: 01 1d 00
14:36:45.665    29°  screens=1  raw: 01 1d 00
14:36:45.768    29°  screens=1  raw: 01 1d 00
14:36:45.874    29°  screens=1  raw: 01 1d 00
14:36:45.980    29°  screens=1  raw: 01 1d 00
14:36:46.082    29°  screens=1  raw: 01 1d 00
14:36:46.186    29°  screens=1  raw: 01 1d 00
14:36:46.289    29°  screens=1  raw: 01 1d 00
14:36:46.393    29°  screens=1  raw: 01 1d 00
14:36:46.498    29°  screens=1  raw: 01 1d 00
14:36:46.603    29°  screens=1  raw: 01 1d 00
14:36:46.708    29°  screens=1  raw: 01 1d 00
14:36:46.812    29°  screens=1  raw: 01 1d 00
14:36:46.917    29°  screens=1  raw: 01 1d 00
14:36:47.024    29°  screens=1  raw: 01 1d 00
14:36:47.129    29°  screens=1  raw: 01 1d 00
14:36:47.232    30°  screens=1  raw: 01 1e 00
14:36:47.334    29°  screens=1  raw: 01 1d 00
14:36:47.440    29°  screens=1  raw: 01 1d 00
14:36:47.541    29°  screens=1  raw: 01 1d 00
14:36:47.646    29°  screens=1  raw: 01 1d 00
14:36:47.749    29°  screens=1  raw: 01 1d 00
14:36:47.856    29°  screens=1  raw: 01 1d 00
14:36:47.963    29°  screens=1  raw: 01 1d 00
14:36:48.069    29°  screens=1  raw: 01 1d 00
14:36:48.172    29°  screens=1  raw: 01 1d 00
14:36:48.278    29°  screens=1  raw: 01 1d 00
14:36:48.384    29°  screens=1  raw: 01 1d 00
14:36:48.484    29°  screens=1  raw: 01 1d 00
14:36:48.590    29°  screens=1  raw: 01 1d 00
14:36:48.692    29°  screens=1  raw: 01 1d 00
14:36:48.796    29°  screens=1  raw: 01 1d 00
14:36:48.898    29°  screens=1  raw: 01 1d 00
14:36:49.007    30°  screens=1  raw: 01 1e 00
14:36:49.113    29°  screens=1  raw: 01 1d 00
14:36:49.215    29°  screens=1  raw: 01 1d 00
14:36:49.320    29°  screens=1  raw: 01 1d 00
14:36:49.423    30°  screens=1  raw: 01 1e 00
14:36:49.529    29°  screens=1  raw: 01 1d 00
14:36:49.635    29°  screens=1  raw: 01 1d 00
14:36:49.741    29°  screens=1  raw: 01 1d 00
14:36:49.844    29°  screens=1  raw: 01 1d 00
14:36:49.950    29°  screens=1  raw: 01 1d 00
14:36:50.052    29°  screens=1  raw: 01 1d 00
14:36:50.155    29°  screens=1  raw: 01 1d 00
14:36:50.261    29°  screens=1  raw: 01 1d 00
14:36:50.366    29°  screens=1  raw: 01 1d 00
14:36:50.472    29°  screens=1  raw: 01 1d 00
14:36:50.574    29°  screens=1  raw: 01 1d 00
14:36:50.678    29°  screens=1  raw: 01 1d 00
14:36:50.780    29°  screens=1  raw: 01 1d 00
14:36:50.885    30°  screens=1  raw: 01 1e 00
14:36:50.990    29°  screens=1  raw: 01 1d 00
14:36:51.095    30°  screens=1  raw: 01 1e 00
14:36:51.201    32°  screens=1  raw: 01 20 00
14:36:51.309    40°  screens=1  raw: 01 28 00
14:36:51.412    52°  screens=1  raw: 01 34 00
14:36:51.518    67°  screens=1  raw: 01 43 00
14:36:51.624    84°  screens=1  raw: 01 54 00
14:36:51.726    99°  screens=1  raw: 01 63 00
14:36:51.829   116°  screens=1  raw: 01 74 00
14:36:51.936   119°  screens=1  raw: 01 77 00
14:36:52.042   119°  screens=1  raw: 01 77 00
14:36:52.144   119°  screens=1  raw: 01 77 00
14:36:52.247   119°  screens=1  raw: 01 77 00
14:36:52.353   119°  screens=1  raw: 01 77 00
14:36:52.459   119°  screens=1  raw: 01 77 00
14:36:52.562   119°  screens=1  raw: 01 77 00
14:36:52.664   119°  screens=1  raw: 01 77 00
14:36:52.765   119°  screens=1  raw: 01 77 00
14:36:52.871   119°  screens=1  raw: 01 77 00
14:36:52.972   119°  screens=1  raw: 01 77 00
14:36:53.078   119°  screens=1  raw: 01 77 00
14:36:53.181   119°  screens=1  raw: 01 77 00
14:36:53.287   119°  screens=1  raw: 01 77 00
14:36:53.393   119°  screens=1  raw: 01 77 00
14:36:53.497   119°  screens=1  raw: 01 77 00
14:36:53.603   119°  screens=1  raw: 01 77 00
14:36:53.706   119°  screens=1  raw: 01 77 00
14:36:53.808   119°  screens=1  raw: 01 77 00
14:36:53.913   119°  screens=1  raw: 01 77 00
14:36:54.016   119°  screens=1  raw: 01 77 00
14:36:54.118   119°  screens=1  raw: 01 77 00
14:36:54.222   119°  screens=1  raw: 01 77 00
14:36:54.323   119°  screens=1  raw: 01 77 00
14:36:54.425   119°  screens=1  raw: 01 77 00
14:36:54.531   119°  screens=1  raw: 01 77 00
14:36:54.635   119°  screens=1  raw: 01 77 00
14:36:54.741   119°  screens=1  raw: 01 77 00
14:36:54.847   119°  screens=1  raw: 01 77 00
14:36:54.953   119°  screens=1  raw: 01 77 00
14:36:55.057   119°  screens=1  raw: 01 77 00
14:36:55.162   119°  screens=1  raw: 01 77 00
14:36:55.266   119°  screens=1  raw: 01 77 00
14:36:55.371   119°  screens=1  raw: 01 77 00
14:36:55.477   119°  screens=1  raw: 01 77 00
14:36:55.583   119°  screens=1  raw: 01 77 00
14:36:55.688   119°  screens=1  raw: 01 77 00
14:36:55.792   119°  screens=1  raw: 01 77 00
14:36:55.893   119°  screens=1  raw: 01 77 00
14:36:55.999   119°  screens=1  raw: 01 77 00
14:36:56.105   119°  screens=1  raw: 01 77 00
14:36:56.210   119°  screens=1  raw: 01 77 00
14:36:56.316   119°  screens=1  raw: 01 77 00
14:36:56.419   119°  screens=1  raw: 01 77 00
14:36:56.523   119°  screens=1  raw: 01 77 00
14:36:56.628   119°  screens=1  raw: 01 77 00
14:36:56.734   119°  screens=1  raw: 01 77 00
14:36:56.839   119°  screens=1  raw: 01 77 00
14:36:56.943   119°  screens=1  raw: 01 77 00
14:36:57.049   119°  screens=1  raw: 01 77 00
14:36:57.152   119°  screens=1  raw: 01 77 00
14:36:57.256   119°  screens=1  raw: 01 77 00
14:36:57.361   119°  screens=1  raw: 01 77 00
14:36:57.467   119°  screens=1  raw: 01 77 00
14:36:57.569   119°  screens=1  raw: 01 77 00
14:36:57.674   119°  screens=1  raw: 01 77 00
14:36:57.776   119°  screens=1  raw: 01 77 00
14:36:57.878   119°  screens=1  raw: 01 77 00
14:36:57.984   119°  screens=1  raw: 01 77 00
14:36:58.091   119°  screens=1  raw: 01 77 00
14:36:58.197   119°  screens=1  raw: 01 77 00
14:36:58.302   119°  screens=1  raw: 01 77 00
14:36:58.408   119°  screens=1  raw: 01 77 00
14:36:58.513   119°  screens=1  raw: 01 77 00
14:36:58.618   119°  screens=1  raw: 01 77 00
14:36:58.725   119°  screens=1  raw: 01 77 00
14:36:58.831   119°  screens=1  raw: 01 77 00
14:36:58.937   119°  screens=1  raw: 01 77 00
14:36:59.038   119°  screens=1  raw: 01 77 00
14:36:59.140   119°  screens=1  raw: 01 77 00
14:36:59.246   119°  screens=1  raw: 01 77 00
14:36:59.349   119°  screens=1  raw: 01 77 00
14:36:59.452   119°  screens=1  raw: 01 77 00
14:36:59.558   119°  screens=1  raw: 01 77 00
14:36:59.662   119°  screens=1  raw: 01 77 00
14:36:59.768   119°  screens=1  raw: 01 77 00
14:36:59.874   119°  screens=1  raw: 01 77 00
14:36:59.976   119°  screens=1  raw: 01 77 00
14:37:00.080   119°  screens=1  raw: 01 77 00
14:37:00.181   119°  screens=1  raw: 01 77 00
14:37:00.288   119°  screens=1  raw: 01 77 00
14:37:00.394   119°  screens=1  raw: 01 77 00
14:37:00.499   119°  screens=1  raw: 01 77 00
14:37:00.602   119°  screens=1  raw: 01 77 00
14:37:00.708   119°  screens=1  raw: 01 77 00
14:37:00.811   119°  screens=1  raw: 01 77 00
14:37:00.915   119°  screens=1  raw: 01 77 00
14:37:01.020   119°  screens=1  raw: 01 77 00
14:37:01.126   119°  screens=1  raw: 01 77 00
14:37:01.232   119°  screens=1  raw: 01 77 00
14:37:01.338   119°  screens=1  raw: 01 77 00
14:37:01.443   119°  screens=1  raw: 01 77 00
14:37:01.548   119°  screens=1  raw: 01 77 00
14:37:01.652   119°  screens=1  raw: 01 77 00
14:37:01.756   119°  screens=1  raw: 01 77 00
14:37:01.862   119°  screens=1  raw: 01 77 00
14:37:01.968   119°  screens=1  raw: 01 77 00
14:37:02.074   119°  screens=1  raw: 01 77 00
14:37:02.180   119°  screens=1  raw: 01 77 00
14:37:02.285   119°  screens=1  raw: 01 77 00
14:37:02.392   119°  screens=1  raw: 01 77 00
14:37:02.497   119°  screens=1  raw: 01 77 00
14:37:02.599   119°  screens=1  raw: 01 77 00
14:37:02.704   119°  screens=1  raw: 01 77 00
14:37:02.812   119°  screens=1  raw: 01 77 00
14:37:02.914   119°  screens=1  raw: 01 77 00
14:37:03.024   119°  screens=1  raw: 01 77 00
14:37:03.128   119°  screens=1  raw: 01 77 00
14:37:03.235   119°  screens=1  raw: 01 77 00
14:37:03.339   119°  screens=1  raw: 01 77 00
14:37:03.445   119°  screens=1  raw: 01 77 00
14:37:03.547   119°  screens=1  raw: 01 77 00
14:37:03.652   119°  screens=1  raw: 01 77 00
14:37:03.757   119°  screens=1  raw: 01 77 00
14:37:03.863   119°  screens=1  raw: 01 77 00
14:37:03.969   119°  screens=1  raw: 01 77 00
14:37:04.075   119°  screens=1  raw: 01 77 00
14:37:04.179   119°  screens=1  raw: 01 77 00
14:37:04.281   119°  screens=1  raw: 01 77 00
14:37:04.387   119°  screens=1  raw: 01 77 00
14:37:04.491   119°  screens=1  raw: 01 77 00
14:37:04.594   119°  screens=1  raw: 01 77 00
14:37:04.699   119°  screens=1  raw: 01 77 00
14:37:04.803   119°  screens=1  raw: 01 77 00
14:37:04.909   119°  screens=1  raw: 01 77 00
14:37:05.016   119°  screens=1  raw: 01 77 00
14:37:05.119   119°  screens=1  raw: 01 77 00
14:37:05.223   119°  screens=1  raw: 01 77 00
14:37:05.329   119°  screens=1  raw: 01 77 00
14:37:05.431   119°  screens=1  raw: 01 77 00
14:37:05.539   119°  screens=1  raw: 01 77 00
14:37:05.641   119°  screens=1  raw: 01 77 00
14:37:05.746   119°  screens=1  raw: 01 77 00
14:37:05.850   119°  screens=1  raw: 01 77 00
14:37:05.951   119°  screens=1  raw: 01 77 00
14:37:06.056   119°  screens=1  raw: 01 77 00
14:37:06.160   119°  screens=1  raw: 01 77 00
14:37:06.265   119°  screens=1  raw: 01 77 00
14:37:06.368   119°  screens=1  raw: 01 77 00
14:37:06.472   119°  screens=1  raw: 01 77 00
14:37:06.578   119°  screens=1  raw: 01 77 00
14:37:06.683   119°  screens=1  raw: 01 77 00
14:37:06.786   119°  screens=1  raw: 01 77 00
14:37:06.895   119°  screens=1  raw: 01 77 00
14:37:07.023   119°  screens=1  raw: 01 77 00
14:37:07.124   119°  screens=1  raw: 01 77 00
14:37:07.230   119°  screens=1  raw: 01 77 00
14:37:07.334   119°  screens=1  raw: 01 77 00
14:37:07.440   119°  screens=1  raw: 01 77 00
14:37:07.542   119°  screens=1  raw: 01 77 00
14:37:07.645   119°  screens=1  raw: 01 77 00
14:37:07.748   119°  screens=1  raw: 01 77 00
14:37:07.850   119°  screens=1  raw: 01 77 00
14:37:07.956   119°  screens=1  raw: 01 77 00
14:37:08.062   119°  screens=1  raw: 01 77 00
14:37:08.168   119°  screens=1  raw: 01 77 00
14:37:08.274   119°  screens=1  raw: 01 77 00
14:37:08.377   119°  screens=1  raw: 01 77 00
14:37:08.479   119°  screens=1  raw: 01 77 00
14:37:08.584   119°  screens=1  raw: 01 77 00
14:37:08.689   119°  screens=1  raw: 01 77 00
14:37:08.792   119°  screens=1  raw: 01 77 00
14:37:08.898   119°  screens=1  raw: 01 77 00
14:37:09.004   119°  screens=1  raw: 01 77 00
14:37:09.109   119°  screens=1  raw: 01 77 00
14:37:09.214   119°  screens=1  raw: 01 77 00
14:37:09.319   119°  screens=1  raw: 01 77 00
14:37:09.423   119°  screens=1  raw: 01 77 00
14:37:09.528   119°  screens=1  raw: 01 77 00
14:37:09.632   119°  screens=1  raw: 01 77 00
14:37:09.733   119°  screens=1  raw: 01 77 00
14:37:09.839   119°  screens=1  raw: 01 77 00
14:37:09.944   119°  screens=1  raw: 01 77 00
14:37:10.048   119°  screens=1  raw: 01 77 00
14:37:10.152   119°  screens=1  raw: 01 77 00
14:37:10.258   119°  screens=1  raw: 01 77 00
14:37:10.360   119°  screens=1  raw: 01 77 00
14:37:10.465   119°  screens=1  raw: 01 77 00
14:37:10.567   119°  screens=1  raw: 01 77 00
14:37:10.672   119°  screens=1  raw: 01 77 00
14:37:10.777   119°  screens=1  raw: 01 77 00
14:37:10.881   119°  screens=1  raw: 01 77 00
14:37:10.986   119°  screens=1  raw: 01 77 00
14:37:11.092   119°  screens=1  raw: 01 77 00
14:37:11.194   119°  screens=1  raw: 01 77 00
14:37:11.300   119°  screens=1  raw: 01 77 00
14:37:11.404   119°  screens=1  raw: 01 77 00
14:37:11.508   119°  screens=1  raw: 01 77 00
14:37:11.613   119°  screens=1  raw: 01 77 00
14:37:11.719   119°  screens=1  raw: 01 77 00
14:37:11.823   119°  screens=1  raw: 01 77 00
14:37:11.928   119°  screens=1  raw: 01 77 00
14:37:12.031   119°  screens=1  raw: 01 77 00
14:37:12.136   119°  screens=1  raw: 01 77 00
14:37:12.241   119°  screens=1  raw: 01 77 00
14:37:12.351   119°  screens=1  raw: 01 77 00
14:37:12.456   119°  screens=1  raw: 01 77 00
14:37:12.564   119°  screens=1  raw: 01 77 00
14:37:12.670   119°  screens=1  raw: 01 77 00
14:37:12.774   119°  screens=1  raw: 01 77 00
14:37:12.878   119°  screens=1  raw: 01 77 00
14:37:12.984   119°  screens=1  raw: 01 77 00
14:37:13.085   119°  screens=1  raw: 01 77 00
14:37:13.191   119°  screens=1  raw: 01 77 00
14:37:13.296   119°  screens=1  raw: 01 77 00
14:37:13.402   119°  screens=1  raw: 01 77 00
14:37:13.504   119°  screens=1  raw: 01 77 00
14:37:13.609   119°  screens=1  raw: 01 77 00
14:37:13.711   119°  screens=1  raw: 01 77 00
14:37:13.816   119°  screens=1  raw: 01 77 00
14:37:13.919   119°  screens=1  raw: 01 77 00
14:37:14.023   119°  screens=1  raw: 01 77 00
14:37:14.128   119°  screens=1  raw: 01 77 00
14:37:14.234   119°  screens=1  raw: 01 77 00
14:37:14.335   119°  screens=1  raw: 01 77 00
14:37:14.441   119°  screens=1  raw: 01 77 00
14:37:14.544   119°  screens=1  raw: 01 77 00
14:37:14.650   119°  screens=1  raw: 01 77 00
14:37:14.755   119°  screens=1  raw: 01 77 00
14:37:14.861   119°  screens=1  raw: 01 77 00
14:37:14.967   119°  screens=1  raw: 01 77 00
14:37:15.073   119°  screens=1  raw: 01 77 00
14:37:15.175   119°  screens=1  raw: 01 77 00
14:37:15.277   119°  screens=1  raw: 01 77 00
14:37:15.381   119°  screens=1  raw: 01 77 00
14:37:15.487   119°  screens=1  raw: 01 77 00
14:37:15.592   119°  screens=1  raw: 01 77 00
14:37:15.698   119°  screens=1  raw: 01 77 00
14:37:15.804   119°  screens=1  raw: 01 77 00
14:37:15.906   119°  screens=1  raw: 01 77 00
14:37:16.010   119°  screens=1  raw: 01 77 00
14:37:16.116   119°  screens=1  raw: 01 77 00
14:37:16.219   119°  screens=1  raw: 01 77 00
14:37:16.320   119°  screens=1  raw: 01 77 00
14:37:16.426   119°  screens=1  raw: 01 77 00
14:37:16.531   119°  screens=1  raw: 01 77 00
14:37:16.635   119°  screens=1  raw: 01 77 00
14:37:16.741   119°  screens=1  raw: 01 77 00
14:37:16.844   119°  screens=1  raw: 01 77 00
14:37:16.949   119°  screens=1  raw: 01 77 00
14:37:17.055   119°  screens=1  raw: 01 77 00
14:37:17.156   119°  screens=1  raw: 01 77 00
14:37:17.258   119°  screens=1  raw: 01 77 00
14:37:17.366   119°  screens=1  raw: 01 77 00
14:37:17.490   119°  screens=1  raw: 01 77 00
14:37:17.596   119°  screens=1  raw: 01 77 00
14:37:17.701   119°  screens=1  raw: 01 77 00
14:37:17.802   119°  screens=1  raw: 01 77 00
14:37:17.906   119°  screens=1  raw: 01 77 00
14:37:18.010   119°  screens=1  raw: 01 77 00
14:37:18.117   119°  screens=1  raw: 01 77 00
14:37:18.220   119°  screens=1  raw: 01 77 00
14:37:18.326   119°  screens=1  raw: 01 77 00
14:37:18.431   119°  screens=1  raw: 01 77 00
14:37:18.532   119°  screens=1  raw: 01 77 00
14:37:18.636   119°  screens=1  raw: 01 77 00
14:37:18.739   119°  screens=1  raw: 01 77 00
14:37:18.848   119°  screens=1  raw: 01 77 00
14:37:18.952   119°  screens=1  raw: 01 77 00
14:37:19.057   119°  screens=1  raw: 01 77 00
14:37:19.161   119°  screens=1  raw: 01 77 00
14:37:19.264   119°  screens=1  raw: 01 77 00
14:37:19.369   119°  screens=1  raw: 01 77 00
14:37:19.473   119°  screens=1  raw: 01 77 00
14:37:19.578   119°  screens=1  raw: 01 77 00
14:37:19.685   119°  screens=1  raw: 01 77 00
14:37:19.788   119°  screens=1  raw: 01 77 00
14:37:19.894   119°  screens=1  raw: 01 77 00
14:37:19.999   119°  screens=1  raw: 01 77 00
14:37:20.103   119°  screens=1  raw: 01 77 00
14:37:20.209   119°  screens=1  raw: 01 77 00
14:37:20.312   119°  screens=1  raw: 01 77 00
14:37:20.418   119°  screens=1  raw: 01 77 00
14:37:20.524   119°  screens=1  raw: 01 77 00
14:37:20.630   119°  screens=1  raw: 01 77 00
14:37:20.736   119°  screens=1  raw: 01 77 00
14:37:20.843   119°  screens=1  raw: 01 77 00
14:37:20.947   119°  screens=1  raw: 01 77 00
14:37:21.052   119°  screens=1  raw: 01 77 00
14:37:21.157   119°  screens=1  raw: 01 77 00
14:37:21.258   119°  screens=1  raw: 01 77 00
14:37:21.364   119°  screens=1  raw: 01 77 00
14:37:21.468   119°  screens=1  raw: 01 77 00
14:37:21.574   119°  screens=1  raw: 01 77 00
14:37:21.677   119°  screens=1  raw: 01 77 00
14:37:21.780   119°  screens=1  raw: 01 77 00
14:37:21.886   119°  screens=1  raw: 01 77 00
14:37:21.992   119°  screens=1  raw: 01 77 00
14:37:22.094   119°  screens=1  raw: 01 77 00
14:37:22.199   119°  screens=1  raw: 01 77 00
14:37:22.302   119°  screens=1  raw: 01 77 00
14:37:22.408   119°  screens=1  raw: 01 77 00
14:37:22.510   119°  screens=1  raw: 01 77 00
14:37:22.616   119°  screens=1  raw: 01 77 00
14:37:22.722   119°  screens=1  raw: 01 77 00
14:37:22.830   119°  screens=1  raw: 01 77 00
14:37:22.932   119°  screens=1  raw: 01 77 00
14:37:23.041   119°  screens=1  raw: 01 77 00
14:37:23.143   119°  screens=1  raw: 01 77 00
14:37:23.250   119°  screens=1  raw: 01 77 00
14:37:23.358   119°  screens=1  raw: 01 77 00
14:37:23.465   119°  screens=1  raw: 01 77 00
14:37:23.571   119°  screens=1  raw: 01 77 00
14:37:23.677   119°  screens=1  raw: 01 77 00
14:37:23.783   119°  screens=1  raw: 01 77 00
14:37:23.889   119°  screens=1  raw: 01 77 00
14:37:23.995   119°  screens=1  raw: 01 77 00
14:37:24.101   119°  screens=1  raw: 01 77 00
14:37:24.206   119°  screens=1  raw: 01 77 00
14:37:24.311   119°  screens=1  raw: 01 77 00
14:37:24.414   119°  screens=1  raw: 01 77 00
14:37:24.516   119°  screens=1  raw: 01 77 00
14:37:24.620   119°  screens=1  raw: 01 77 00
14:37:24.723   119°  screens=1  raw: 01 77 00
14:37:24.828   119°  screens=1  raw: 01 77 00
14:37:24.935   119°  screens=1  raw: 01 77 00
14:37:25.041   119°  screens=1  raw: 01 77 00
14:37:25.147   119°  screens=1  raw: 01 77 00
14:37:25.253   119°  screens=1  raw: 01 77 00
14:37:25.357   119°  screens=1  raw: 01 77 00
14:37:25.459   119°  screens=1  raw: 01 77 00
14:37:25.562   119°  screens=1  raw: 01 77 00
14:37:25.664   119°  screens=1  raw: 01 77 00
14:37:25.770   119°  screens=1  raw: 01 77 00
14:37:25.872   119°  screens=1  raw: 01 77 00
14:37:25.979   119°  screens=1  raw: 01 77 00
14:37:26.083   119°  screens=1  raw: 01 77 00
14:37:26.187   119°  screens=1  raw: 01 77 00
14:37:26.289   119°  screens=1  raw: 01 77 00
14:37:26.392   119°  screens=1  raw: 01 77 00
14:37:26.498   119°  screens=1  raw: 01 77 00
14:37:26.604   119°  screens=1  raw: 01 77 00
14:37:26.710   119°  screens=1  raw: 01 77 00
14:37:26.814   119°  screens=1  raw: 01 77 00
14:37:26.919   119°  screens=1  raw: 01 77 00
14:37:27.025   119°  screens=1  raw: 01 77 00
14:37:27.130   119°  screens=1  raw: 01 77 00
14:37:27.236   119°  screens=1  raw: 01 77 00
14:37:27.342   119°  screens=1  raw: 01 77 00
14:37:27.447   119°  screens=1  raw: 01 77 00
14:37:27.549   119°  screens=1  raw: 01 77 00
14:37:27.655   119°  screens=1  raw: 01 77 00
14:37:27.760   119°  screens=1  raw: 01 77 00
14:37:27.866   119°  screens=1  raw: 01 77 00
14:37:27.974   119°  screens=1  raw: 01 77 00
14:37:28.083   119°  screens=1  raw: 01 77 00
14:37:28.189   119°  screens=1  raw: 01 77 00
14:37:28.290   119°  screens=1  raw: 01 77 00
14:37:28.393   119°  screens=1  raw: 01 77 00
14:37:28.499   119°  screens=1  raw: 01 77 00
14:37:28.605   119°  screens=1  raw: 01 77 00
14:37:28.711   119°  screens=1  raw: 01 77 00
14:37:28.817   119°  screens=1  raw: 01 77 00
14:37:28.922   119°  screens=1  raw: 01 77 00
14:37:29.028   119°  screens=1  raw: 01 77 00
14:37:29.134   119°  screens=1  raw: 01 77 00
14:37:29.235   119°  screens=1  raw: 01 77 00
14:37:29.339   119°  screens=1  raw: 01 77 00
14:37:29.445   119°  screens=1  raw: 01 77 00
14:37:29.551   119°  screens=1  raw: 01 77 00
14:37:29.659   119°  screens=1  raw: 01 77 00
14:37:29.760   119°  screens=1  raw: 01 77 00
14:37:29.866   119°  screens=1  raw: 01 77 00
14:37:29.969   119°  screens=1  raw: 01 77 00
14:37:30.074   119°  screens=1  raw: 01 77 00
14:37:30.180   119°  screens=1  raw: 01 77 00
14:37:30.285   119°  screens=1  raw: 01 77 00
14:37:30.388   119°  screens=1  raw: 01 77 00
14:37:30.490   119°  screens=1  raw: 01 77 00
14:37:30.596   119°  screens=1  raw: 01 77 00
14:37:30.699   119°  screens=1  raw: 01 77 00
14:37:30.805   119°  screens=1  raw: 01 77 00
14:37:30.908   119°  screens=1  raw: 01 77 00
14:37:31.011   119°  screens=1  raw: 01 77 00
14:37:31.116   119°  screens=1  raw: 01 77 00
14:37:31.222   119°  screens=1  raw: 01 77 00
14:37:31.327   119°  screens=1  raw: 01 77 00
14:37:31.431   119°  screens=1  raw: 01 77 00
14:37:31.533   119°  screens=1  raw: 01 77 00
14:37:31.639   119°  screens=1  raw: 01 77 00
14:37:31.744   119°  screens=1  raw: 01 77 00
14:37:31.847   119°  screens=1  raw: 01 77 00
14:37:31.953   119°  screens=1  raw: 01 77 00
14:37:32.055   119°  screens=1  raw: 01 77 00
14:37:32.159   119°  screens=1  raw: 01 77 00
14:37:32.265   119°  screens=1  raw: 01 77 00
14:37:32.371   119°  screens=1  raw: 01 77 00
14:37:32.477   119°  screens=1  raw: 01 77 00
14:37:32.579   119°  screens=1  raw: 01 77 00
14:37:32.684   119°  screens=1  raw: 01 77 00
14:37:32.791   119°  screens=1  raw: 01 77 00
14:37:32.894   119°  screens=1  raw: 01 77 00
14:37:32.999   119°  screens=1  raw: 01 77 00
14:37:33.110   119°  screens=1  raw: 01 77 00
14:37:33.216   119°  screens=1  raw: 01 77 00
14:37:33.318   119°  screens=1  raw: 01 77 00
14:37:33.424   119°  screens=1  raw: 01 77 00
14:37:33.529   119°  screens=1  raw: 01 77 00
14:37:33.635   119°  screens=1  raw: 01 77 00
14:37:33.739   119°  screens=1  raw: 01 77 00
14:37:33.845   119°  screens=1  raw: 01 77 00
14:37:33.951   119°  screens=1  raw: 01 77 00
14:37:34.055   119°  screens=1  raw: 01 77 00
14:37:34.157   119°  screens=1  raw: 01 77 00
14:37:34.261   119°  screens=1  raw: 01 77 00
14:37:34.367   119°  screens=1  raw: 01 77 00
14:37:34.469   119°  screens=1  raw: 01 77 00
14:37:34.574   119°  screens=1  raw: 01 77 00
14:37:34.677   119°  screens=1  raw: 01 77 00
14:37:34.781   119°  screens=1  raw: 01 77 00
14:37:34.885   119°  screens=1  raw: 01 77 00
14:37:34.991   119°  screens=1  raw: 01 77 00
14:37:35.098   119°  screens=1  raw: 01 77 00
14:37:35.205   119°  screens=1  raw: 01 77 00
14:37:35.311   119°  screens=1  raw: 01 77 00
14:37:35.418   119°  screens=1  raw: 01 77 00
14:37:35.524   119°  screens=1  raw: 01 77 00
14:37:35.629   119°  screens=1  raw: 01 77 00
14:37:35.734   119°  screens=1  raw: 01 77 00
14:37:35.840   119°  screens=1  raw: 01 77 00
14:37:35.946   119°  screens=1  raw: 01 77 00
14:37:36.051   119°  screens=1  raw: 01 77 00
14:37:36.158   119°  screens=1  raw: 01 77 00
14:37:36.264   119°  screens=1  raw: 01 77 00
14:37:36.369   119°  screens=1  raw: 01 77 00
14:37:36.472   119°  screens=1  raw: 01 77 00
14:37:36.578   119°  screens=1  raw: 01 77 00
14:37:36.680   119°  screens=1  raw: 01 77 00
14:37:36.784   119°  screens=1  raw: 01 77 00
14:37:36.891   119°  screens=1  raw: 01 77 00
14:37:36.997   119°  screens=1  raw: 01 77 00
14:37:37.105   119°  screens=1  raw: 01 77 00
14:37:37.211   119°  screens=1  raw: 01 77 00
14:37:37.314   119°  screens=1  raw: 01 77 00
14:37:37.419   119°  screens=1  raw: 01 77 00
14:37:37.525   119°  screens=1  raw: 01 77 00
14:37:37.631   119°  screens=1  raw: 01 77 00
14:37:37.735   119°  screens=1  raw: 01 77 00
14:37:37.838   119°  screens=1  raw: 01 77 00
14:37:37.944   119°  screens=1  raw: 01 77 00
14:37:38.050   119°  screens=1  raw: 01 77 00
14:37:38.157   119°  screens=1  raw: 01 77 00
14:37:38.263   119°  screens=1  raw: 01 77 00
14:37:38.366   119°  screens=1  raw: 01 77 00
14:37:38.472   119°  screens=1  raw: 01 77 00
14:37:38.579   119°  screens=1  raw: 01 77 00
14:37:38.684   119°  screens=1  raw: 01 77 00
14:37:38.790   119°  screens=1  raw: 01 77 00
14:37:38.895   119°  screens=1  raw: 01 77 00
14:37:39.000   119°  screens=1  raw: 01 77 00
14:37:39.107   119°  screens=1  raw: 01 77 00
14:37:39.213   119°  screens=1  raw: 01 77 00
14:37:39.319   119°  screens=1  raw: 01 77 00
14:37:39.422   119°  screens=1  raw: 01 77 00
14:37:39.528   119°  screens=1  raw: 01 77 00
14:37:39.634   119°  screens=1  raw: 01 77 00
14:37:39.740   119°  screens=1  raw: 01 77 00
14:37:39.847   119°  screens=1  raw: 01 77 00
14:37:39.952   119°  screens=1  raw: 01 77 00
14:37:40.055   119°  screens=1  raw: 01 77 00
14:37:40.161   119°  screens=1  raw: 01 77 00
14:37:40.265   119°  screens=1  raw: 01 77 00
14:37:40.369   119°  screens=1  raw: 01 77 00
14:37:40.473   119°  screens=1  raw: 01 77 00
14:37:40.576   119°  screens=1  raw: 01 77 00
14:37:40.682   119°  screens=1  raw: 01 77 00
14:37:40.787   119°  screens=1  raw: 01 77 00
14:37:40.893   119°  screens=1  raw: 01 77 00
14:37:40.999   119°  screens=1  raw: 01 77 00
14:37:41.107   119°  screens=1  raw: 01 77 00
14:37:41.214   119°  screens=1  raw: 01 77 00
14:37:41.320   119°  screens=1  raw: 01 77 00
14:37:41.422   119°  screens=1  raw: 01 77 00
14:37:41.527   119°  screens=1  raw: 01 77 00
14:37:41.632   119°  screens=1  raw: 01 77 00
14:37:41.738   119°  screens=1  raw: 01 77 00
14:37:41.843   119°  screens=1  raw: 01 77 00
14:37:41.949   119°  screens=1  raw: 01 77 00
14:37:42.052   119°  screens=1  raw: 01 77 00
14:37:42.158   119°  screens=1  raw: 01 77 00
14:37:42.264   119°  screens=1  raw: 01 77 00
14:37:42.370   119°  screens=1  raw: 01 77 00
14:37:42.472   119°  screens=1  raw: 01 77 00
14:37:42.573   119°  screens=1  raw: 01 77 00
14:37:42.679   119°  screens=1  raw: 01 77 00
14:37:42.781   119°  screens=1  raw: 01 77 00
