# Pause toggle, 2026-08-12, MacBookPro18,3. Pass 1 paused, pass 2 unpaused.
# Mic state (CoreAudio, device 90), 5 Hz:
14:42:32.124  device=90  live
14:42:51.338  device=90  MUTED
14:42:56.234  device=90  live
done
# Lid angle, 10 Hz:
14:42:32.006    27°  screens=1  raw: 01 1b 00
14:42:32.239    25°  screens=1  raw: 01 19 00
14:42:32.340    24°  screens=1  raw: 01 18 00
14:42:32.446    24°  screens=1  raw: 01 18 00
14:42:32.549    23°  screens=1  raw: 01 17 00
14:42:32.654    21°  screens=1  raw: 01 15 00
14:42:32.758    21°  screens=1  raw: 01 15 00
14:42:32.862    21°  screens=1  raw: 01 15 00
14:42:32.965    21°  screens=1  raw: 01 15 00
14:42:33.067    22°  screens=1  raw: 01 16 00
14:42:33.172    21°  screens=1  raw: 01 15 00
14:42:33.276    21°  screens=1  raw: 01 15 00
14:42:33.381    21°  screens=1  raw: 01 15 00
14:42:33.487    21°  screens=1  raw: 01 15 00
14:42:33.593    21°  screens=1  raw: 01 15 00
14:42:33.700    21°  screens=1  raw: 01 15 00
14:42:33.806    21°  screens=1  raw: 01 15 00
14:42:33.911    21°  screens=1  raw: 01 15 00
14:42:34.013    21°  screens=1  raw: 01 15 00
14:42:34.115    21°  screens=1  raw: 01 15 00
14:42:34.220    21°  screens=1  raw: 01 15 00
14:42:34.327    21°  screens=1  raw: 01 15 00
14:42:34.432    21°  screens=1  raw: 01 15 00
14:42:34.537    21°  screens=1  raw: 01 15 00
14:42:34.642    21°  screens=1  raw: 01 15 00
14:42:34.746    21°  screens=1  raw: 01 15 00
14:42:34.847    21°  screens=1  raw: 01 15 00
14:42:34.952    21°  screens=1  raw: 01 15 00
14:42:35.054    21°  screens=1  raw: 01 15 00
14:42:35.160    21°  screens=1  raw: 01 15 00
14:42:35.265    21°  screens=1  raw: 01 15 00
14:42:35.375    21°  screens=1  raw: 01 15 00
14:42:35.481    21°  screens=1  raw: 01 15 00
14:42:35.585    21°  screens=1  raw: 01 15 00
14:42:35.689    21°  screens=1  raw: 01 15 00
14:42:35.794    21°  screens=1  raw: 01 15 00
14:42:35.900    21°  screens=1  raw: 01 15 00
14:42:36.001    21°  screens=1  raw: 01 15 00
14:42:36.104    21°  screens=1  raw: 01 15 00
14:42:36.205    21°  screens=1  raw: 01 15 00
14:42:36.310    21°  screens=1  raw: 01 15 00
14:42:36.415    21°  screens=1  raw: 01 15 00
14:42:36.521    21°  screens=1  raw: 01 15 00
14:42:36.625    21°  screens=1  raw: 01 15 00
14:42:36.730    21°  screens=1  raw: 01 15 00
14:42:36.834    21°  screens=1  raw: 01 15 00
14:42:36.940    21°  screens=1  raw: 01 15 00
14:42:37.046    21°  screens=1  raw: 01 15 00
14:42:37.149    21°  screens=1  raw: 01 15 00
14:42:37.252    21°  screens=1  raw: 01 15 00
14:42:37.356    21°  screens=1  raw: 01 15 00
14:42:37.462    21°  screens=1  raw: 01 15 00
14:42:37.568    21°  screens=1  raw: 01 15 00
14:42:37.672    21°  screens=1  raw: 01 15 00
14:42:37.777    21°  screens=1  raw: 01 15 00
14:42:37.884    21°  screens=1  raw: 01 15 00
14:42:37.989    21°  screens=1  raw: 01 15 00
14:42:38.092    21°  screens=1  raw: 01 15 00
14:42:38.202    21°  screens=1  raw: 01 15 00
14:42:38.309    21°  screens=1  raw: 01 15 00
14:42:38.412    21°  screens=1  raw: 01 15 00
14:42:38.518    21°  screens=1  raw: 01 15 00
14:42:38.620    21°  screens=1  raw: 01 15 00
14:42:38.728    21°  screens=1  raw: 01 15 00
14:42:38.936    21°  screens=1  raw: 01 15 00
14:42:39.043    21°  screens=1  raw: 01 15 00
14:42:39.148    21°  screens=1  raw: 01 15 00
14:42:39.256    21°  screens=1  raw: 01 15 00
14:42:39.359    22°  screens=1  raw: 01 16 00
14:42:39.464    21°  screens=1  raw: 01 15 00
14:42:39.569    21°  screens=1  raw: 01 15 00
14:42:39.675    21°  screens=1  raw: 01 15 00
14:42:39.777    21°  screens=1  raw: 01 15 00
14:42:39.880    21°  screens=1  raw: 01 15 00
14:42:39.986    21°  screens=1  raw: 01 15 00
14:42:40.092    21°  screens=1  raw: 01 15 00
14:42:40.197    21°  screens=1  raw: 01 15 00
14:42:40.326    21°  screens=1  raw: 01 15 00
14:42:40.433    21°  screens=1  raw: 01 15 00
14:42:40.545    21°  screens=1  raw: 01 15 00
14:42:40.653    21°  screens=1  raw: 01 15 00
14:42:40.758    21°  screens=1  raw: 01 15 00
14:42:40.864    21°  screens=1  raw: 01 15 00
14:42:40.970    21°  screens=1  raw: 01 15 00
14:42:41.076    21°  screens=1  raw: 01 15 00
14:42:41.178    21°  screens=1  raw: 01 15 00
14:42:41.284    21°  screens=1  raw: 01 15 00
14:42:41.388    21°  screens=1  raw: 01 15 00
14:42:41.496    23°  screens=1  raw: 01 17 00
14:42:41.600    28°  screens=1  raw: 01 1c 00
14:42:41.705    37°  screens=1  raw: 01 25 00
14:42:41.811    52°  screens=1  raw: 01 34 00
14:42:41.916    67°  screens=1  raw: 01 43 00
14:42:42.022    83°  screens=1  raw: 01 53 00
14:42:42.123    98°  screens=1  raw: 01 62 00
14:42:42.229   108°  screens=1  raw: 01 6c 00
14:42:42.332   114°  screens=1  raw: 01 72 00
14:42:42.439   116°  screens=1  raw: 01 74 00
14:42:42.542   117°  screens=1  raw: 01 75 00
14:42:42.647   117°  screens=1  raw: 01 75 00
14:42:42.752   117°  screens=1  raw: 01 75 00
14:42:42.858   117°  screens=1  raw: 01 75 00
14:42:42.964   117°  screens=1  raw: 01 75 00
14:42:43.070   117°  screens=1  raw: 01 75 00
14:42:43.175   117°  screens=1  raw: 01 75 00
14:42:43.280   117°  screens=1  raw: 01 75 00
14:42:43.388   117°  screens=1  raw: 01 75 00
14:42:43.494   117°  screens=1  raw: 01 75 00
14:42:43.599   117°  screens=1  raw: 01 75 00
14:42:43.701   117°  screens=1  raw: 01 75 00
14:42:43.806   117°  screens=1  raw: 01 75 00
14:42:43.909   117°  screens=1  raw: 01 75 00
14:42:44.015   117°  screens=1  raw: 01 75 00
14:42:44.118   117°  screens=1  raw: 01 75 00
14:42:44.224   117°  screens=1  raw: 01 75 00
14:42:44.331   117°  screens=1  raw: 01 75 00
14:42:44.432   117°  screens=1  raw: 01 75 00
14:42:44.543   117°  screens=1  raw: 01 75 00
14:42:44.649   117°  screens=1  raw: 01 75 00
14:42:44.754   117°  screens=1  raw: 01 75 00
14:42:44.860   117°  screens=1  raw: 01 75 00
14:42:44.965   117°  screens=1  raw: 01 75 00
14:42:45.068   117°  screens=1  raw: 01 75 00
14:42:45.173   117°  screens=1  raw: 01 75 00
14:42:45.275   117°  screens=1  raw: 01 75 00
14:42:45.378   117°  screens=1  raw: 01 75 00
14:42:45.485   117°  screens=1  raw: 01 75 00
14:42:45.588   117°  screens=1  raw: 01 75 00
14:42:45.691   117°  screens=1  raw: 01 75 00
14:42:45.798   117°  screens=1  raw: 01 75 00
14:42:45.904   117°  screens=1  raw: 01 75 00
14:42:46.006   117°  screens=1  raw: 01 75 00
14:42:46.112   117°  screens=1  raw: 01 75 00
14:42:46.214   117°  screens=1  raw: 01 75 00
14:42:46.318   117°  screens=1  raw: 01 75 00
14:42:46.419   117°  screens=1  raw: 01 75 00
14:42:46.525   117°  screens=1  raw: 01 75 00
14:42:46.629   117°  screens=1  raw: 01 75 00
14:42:46.736   117°  screens=1  raw: 01 75 00
14:42:46.840   117°  screens=1  raw: 01 75 00
14:42:46.943   117°  screens=1  raw: 01 75 00
14:42:47.049   117°  screens=1  raw: 01 75 00
14:42:47.155   117°  screens=1  raw: 01 75 00
14:42:47.258   117°  screens=1  raw: 01 75 00
14:42:47.364   117°  screens=1  raw: 01 75 00
14:42:47.469   117°  screens=1  raw: 01 75 00
14:42:47.574   117°  screens=1  raw: 01 75 00
14:42:47.676   117°  screens=1  raw: 01 75 00
14:42:47.780   117°  screens=1  raw: 01 75 00
14:42:47.882   117°  screens=1  raw: 01 75 00
14:42:47.987   117°  screens=1  raw: 01 75 00
14:42:48.091   117°  screens=1  raw: 01 75 00
14:42:48.195   117°  screens=1  raw: 01 75 00
14:42:48.301   117°  screens=1  raw: 01 75 00
14:42:48.408   117°  screens=1  raw: 01 75 00
14:42:48.517   117°  screens=1  raw: 01 75 00
14:42:48.623   117°  screens=1  raw: 01 75 00
14:42:48.729   117°  screens=1  raw: 01 75 00
14:42:48.833   117°  screens=1  raw: 01 75 00
14:42:48.935   117°  screens=1  raw: 01 75 00
14:42:49.041   117°  screens=1  raw: 01 75 00
14:42:49.144   117°  screens=1  raw: 01 75 00
14:42:49.249   117°  screens=1  raw: 01 75 00
14:42:49.354   117°  screens=1  raw: 01 75 00
14:42:49.458   116°  screens=1  raw: 01 74 00
14:42:49.561   114°  screens=1  raw: 01 72 00
14:42:49.669   103°  screens=1  raw: 01 67 00
14:42:49.772    88°  screens=1  raw: 01 58 00
14:42:49.879    73°  screens=1  raw: 01 49 00
14:42:49.981    58°  screens=1  raw: 01 3a 00
14:42:50.087    34°  screens=1  raw: 01 22 00
14:42:50.189    30°  screens=1  raw: 01 1e 00
14:42:50.295    30°  screens=1  raw: 01 1e 00
14:42:50.401    30°  screens=1  raw: 01 1e 00
14:42:50.506    30°  screens=1  raw: 01 1e 00
14:42:50.609    30°  screens=1  raw: 01 1e 00
14:42:50.715    30°  screens=1  raw: 01 1e 00
14:42:50.818    30°  screens=1  raw: 01 1e 00
14:42:50.925    30°  screens=1  raw: 01 1e 00
14:42:51.028    30°  screens=1  raw: 01 1e 00
14:42:51.134    30°  screens=1  raw: 01 1e 00
14:42:51.241    30°  screens=1  raw: 01 1e 00
14:42:51.343    30°  screens=1  raw: 01 1e 00
14:42:51.450    30°  screens=1  raw: 01 1e 00
14:42:51.554    30°  screens=1  raw: 01 1e 00
14:42:51.659    30°  screens=1  raw: 01 1e 00
14:42:51.765    30°  screens=1  raw: 01 1e 00
14:42:51.871    30°  screens=1  raw: 01 1e 00
14:42:51.974    30°  screens=1  raw: 01 1e 00
14:42:52.080    30°  screens=1  raw: 01 1e 00
14:42:52.184    30°  screens=1  raw: 01 1e 00
14:42:52.285    30°  screens=1  raw: 01 1e 00
14:42:52.388    30°  screens=1  raw: 01 1e 00
14:42:52.493    30°  screens=1  raw: 01 1e 00
14:42:52.598    30°  screens=1  raw: 01 1e 00
14:42:52.703    30°  screens=1  raw: 01 1e 00
14:42:52.809    30°  screens=1  raw: 01 1e 00
14:42:52.915    30°  screens=1  raw: 01 1e 00
14:42:53.018    30°  screens=1  raw: 01 1e 00
14:42:53.126    30°  screens=1  raw: 01 1e 00
14:42:53.233    30°  screens=1  raw: 01 1e 00
14:42:53.338    30°  screens=1  raw: 01 1e 00
14:42:53.444    30°  screens=1  raw: 01 1e 00
14:42:53.549    30°  screens=1  raw: 01 1e 00
14:42:53.653    30°  screens=1  raw: 01 1e 00
14:42:53.758    30°  screens=1  raw: 01 1e 00
14:42:53.865    30°  screens=1  raw: 01 1e 00
14:42:53.968    30°  screens=1  raw: 01 1e 00
14:42:54.074    30°  screens=1  raw: 01 1e 00
14:42:54.179    30°  screens=1  raw: 01 1e 00
14:42:54.284    30°  screens=1  raw: 01 1e 00
14:42:54.392    31°  screens=1  raw: 01 1f 00
14:42:54.500    37°  screens=1  raw: 01 25 00
14:42:54.603    52°  screens=1  raw: 01 34 00
14:42:54.709    69°  screens=1  raw: 01 45 00
14:42:54.810    85°  screens=1  raw: 01 55 00
14:42:54.923   100°  screens=1  raw: 01 64 00
14:42:55.030   110°  screens=1  raw: 01 6e 00
14:42:55.136   114°  screens=1  raw: 01 72 00
14:42:55.242   114°  screens=1  raw: 01 72 00
14:42:55.348   114°  screens=1  raw: 01 72 00
14:42:55.454   114°  screens=1  raw: 01 72 00
14:42:55.560   114°  screens=1  raw: 01 72 00
14:42:55.667   114°  screens=1  raw: 01 72 00
14:42:55.772   114°  screens=1  raw: 01 72 00
14:42:55.877   114°  screens=1  raw: 01 72 00
14:42:55.982   114°  screens=1  raw: 01 72 00
14:42:56.086   114°  screens=1  raw: 01 72 00
14:42:56.189   114°  screens=1  raw: 01 72 00
14:42:56.295   114°  screens=1  raw: 01 72 00
14:42:56.401   114°  screens=1  raw: 01 72 00
14:42:56.507   114°  screens=1  raw: 01 72 00
14:42:56.611   114°  screens=1  raw: 01 72 00
14:42:56.718   114°  screens=1  raw: 01 72 00
14:42:56.822   114°  screens=1  raw: 01 72 00
14:42:56.924   114°  screens=1  raw: 01 72 00
14:42:57.028   114°  screens=1  raw: 01 72 00
14:42:57.132   114°  screens=1  raw: 01 72 00
14:42:57.238   114°  screens=1  raw: 01 72 00
14:42:57.344   114°  screens=1  raw: 01 72 00
14:42:57.448   114°  screens=1  raw: 01 72 00
14:42:57.554   114°  screens=1  raw: 01 72 00
14:42:57.659   114°  screens=1  raw: 01 72 00
14:42:57.766   114°  screens=1  raw: 01 72 00
14:42:57.872   114°  screens=1  raw: 01 72 00
14:42:57.978   114°  screens=1  raw: 01 72 00
14:42:58.085   114°  screens=1  raw: 01 72 00
14:42:58.189   114°  screens=1  raw: 01 72 00
14:42:58.291   114°  screens=1  raw: 01 72 00
14:42:58.393   114°  screens=1  raw: 01 72 00
14:42:58.499   114°  screens=1  raw: 01 72 00
14:42:58.607   114°  screens=1  raw: 01 72 00
14:42:58.712   114°  screens=1  raw: 01 72 00
14:42:58.818   114°  screens=1  raw: 01 72 00
14:42:58.924   114°  screens=1  raw: 01 72 00
14:42:59.029   114°  screens=1  raw: 01 72 00
14:42:59.131   114°  screens=1  raw: 01 72 00
14:42:59.235   114°  screens=1  raw: 01 72 00
14:42:59.337   114°  screens=1  raw: 01 72 00
14:42:59.440   114°  screens=1  raw: 01 72 00
14:42:59.543   114°  screens=1  raw: 01 72 00
14:42:59.648   114°  screens=1  raw: 01 72 00
14:42:59.751   114°  screens=1  raw: 01 72 00
14:42:59.854   114°  screens=1  raw: 01 72 00
14:42:59.958   114°  screens=1  raw: 01 72 00
14:43:00.062   114°  screens=1  raw: 01 72 00
14:43:00.166   114°  screens=1  raw: 01 72 00
14:43:00.269   114°  screens=1  raw: 01 72 00
14:43:00.371   114°  screens=1  raw: 01 72 00
14:43:00.477   114°  screens=1  raw: 01 72 00
14:43:00.582   114°  screens=1  raw: 01 72 00
14:43:00.688   114°  screens=1  raw: 01 72 00
14:43:00.794   114°  screens=1  raw: 01 72 00
14:43:00.904   114°  screens=1  raw: 01 72 00
14:43:01.007   114°  screens=1  raw: 01 72 00
14:43:01.114   114°  screens=1  raw: 01 72 00
14:43:01.219   114°  screens=1  raw: 01 72 00
14:43:01.324   114°  screens=1  raw: 01 72 00
14:43:01.428   114°  screens=1  raw: 01 72 00
14:43:01.534   114°  screens=1  raw: 01 72 00
14:43:01.637   114°  screens=1  raw: 01 72 00
14:43:01.738   114°  screens=1  raw: 01 72 00
14:43:01.841   114°  screens=1  raw: 01 72 00
14:43:01.943   114°  screens=1  raw: 01 72 00
14:43:02.049   114°  screens=1  raw: 01 72 00
14:43:02.153   114°  screens=1  raw: 01 72 00
14:43:02.253   114°  screens=1  raw: 01 72 00
14:43:02.359   114°  screens=1  raw: 01 72 00
14:43:02.465   114°  screens=1  raw: 01 72 00
14:43:02.570   114°  screens=1  raw: 01 72 00
14:43:02.674   114°  screens=1  raw: 01 72 00
14:43:02.776   114°  screens=1  raw: 01 72 00
14:43:02.882   114°  screens=1  raw: 01 72 00
14:43:02.986   114°  screens=1  raw: 01 72 00
14:43:03.089   114°  screens=1  raw: 01 72 00
14:43:03.194   114°  screens=1  raw: 01 72 00
14:43:03.300   114°  screens=1  raw: 01 72 00
14:43:03.404   114°  screens=1  raw: 01 72 00
14:43:03.509   114°  screens=1  raw: 01 72 00
14:43:03.615   114°  screens=1  raw: 01 72 00
14:43:03.717   114°  screens=1  raw: 01 72 00
14:43:03.823   114°  screens=1  raw: 01 72 00
14:43:03.928   114°  screens=1  raw: 01 72 00
14:43:04.034   114°  screens=1  raw: 01 72 00
14:43:04.139   114°  screens=1  raw: 01 72 00
14:43:04.244   114°  screens=1  raw: 01 72 00
14:43:04.345   114°  screens=1  raw: 01 72 00
14:43:04.451   114°  screens=1  raw: 01 72 00
14:43:04.557   114°  screens=1  raw: 01 72 00
14:43:04.660   114°  screens=1  raw: 01 72 00
14:43:04.765   114°  screens=1  raw: 01 72 00
14:43:04.874   114°  screens=1  raw: 01 72 00
14:43:04.977   114°  screens=1  raw: 01 72 00
14:43:05.083   114°  screens=1  raw: 01 72 00
14:43:05.184   114°  screens=1  raw: 01 72 00
14:43:05.287   114°  screens=1  raw: 01 72 00
14:43:05.392   114°  screens=1  raw: 01 72 00
14:43:05.495   114°  screens=1  raw: 01 72 00
14:43:05.601   114°  screens=1  raw: 01 72 00
14:43:05.706   114°  screens=1  raw: 01 72 00
14:43:05.812   114°  screens=1  raw: 01 72 00
14:43:05.917   114°  screens=1  raw: 01 72 00
14:43:06.022   114°  screens=1  raw: 01 72 00
14:43:06.128   114°  screens=1  raw: 01 72 00
14:43:06.233   114°  screens=1  raw: 01 72 00
14:43:06.338   114°  screens=1  raw: 01 72 00
14:43:06.443   114°  screens=1  raw: 01 72 00
14:43:06.547   114°  screens=1  raw: 01 72 00
14:43:06.657   114°  screens=1  raw: 01 72 00
14:43:06.763   114°  screens=1  raw: 01 72 00
14:43:06.869   114°  screens=1  raw: 01 72 00
14:43:06.975   114°  screens=1  raw: 01 72 00
14:43:07.079   114°  screens=1  raw: 01 72 00
14:43:07.184   114°  screens=1  raw: 01 72 00
14:43:07.288   114°  screens=1  raw: 01 72 00
14:43:07.394   114°  screens=1  raw: 01 72 00
14:43:07.498   114°  screens=1  raw: 01 72 00
14:43:07.604   114°  screens=1  raw: 01 72 00
14:43:07.708   114°  screens=1  raw: 01 72 00
14:43:07.811   114°  screens=1  raw: 01 72 00
14:43:07.916   114°  screens=1  raw: 01 72 00
14:43:08.018   114°  screens=1  raw: 01 72 00
14:43:08.119   114°  screens=1  raw: 01 72 00
14:43:08.224   114°  screens=1  raw: 01 72 00
14:43:08.327   114°  screens=1  raw: 01 72 00
14:43:08.434   114°  screens=1  raw: 01 72 00
14:43:08.538   114°  screens=1  raw: 01 72 00
14:43:08.644   114°  screens=1  raw: 01 72 00
14:43:08.750   114°  screens=1  raw: 01 72 00
14:43:08.856   114°  screens=1  raw: 01 72 00
14:43:08.959   114°  screens=1  raw: 01 72 00
14:43:09.063   114°  screens=1  raw: 01 72 00
14:43:09.168   114°  screens=1  raw: 01 72 00
14:43:09.270   114°  screens=1  raw: 01 72 00
14:43:09.379   114°  screens=1  raw: 01 72 00
14:43:09.485   114°  screens=1  raw: 01 72 00
14:43:09.586   114°  screens=1  raw: 01 72 00
14:43:09.691   114°  screens=1  raw: 01 72 00
14:43:09.796   114°  screens=1  raw: 01 72 00
14:43:09.902   114°  screens=1  raw: 01 72 00
14:43:10.008   114°  screens=1  raw: 01 72 00
14:43:10.117   114°  screens=1  raw: 01 72 00
14:43:10.220   114°  screens=1  raw: 01 72 00
14:43:10.325   114°  screens=1  raw: 01 72 00
14:43:10.427   114°  screens=1  raw: 01 72 00
14:43:10.528   114°  screens=1  raw: 01 72 00
14:43:10.633   114°  screens=1  raw: 01 72 00
14:43:10.739   114°  screens=1  raw: 01 72 00
14:43:10.844   114°  screens=1  raw: 01 72 00
14:43:10.950   114°  screens=1  raw: 01 72 00
14:43:11.054   114°  screens=1  raw: 01 72 00
14:43:11.160   114°  screens=1  raw: 01 72 00
14:43:11.264   114°  screens=1  raw: 01 72 00
14:43:11.369   114°  screens=1  raw: 01 72 00
14:43:11.474   114°  screens=1  raw: 01 72 00
14:43:11.577   115°  screens=1  raw: 01 73 00
14:43:11.681   117°  screens=1  raw: 01 75 00
14:43:11.784   121°  screens=1  raw: 01 79 00
14:43:11.890   125°  screens=1  raw: 01 7d 00
14:43:11.996   126°  screens=1  raw: 01 7e 00
14:43:12.102   126°  screens=1  raw: 01 7e 00
14:43:12.207   126°  screens=1  raw: 01 7e 00
14:43:12.313   126°  screens=1  raw: 01 7e 00
14:43:12.420   126°  screens=1  raw: 01 7e 00
14:43:12.525   126°  screens=1  raw: 01 7e 00
14:43:12.629   126°  screens=1  raw: 01 7e 00
14:43:12.734   126°  screens=1  raw: 01 7e 00
14:43:12.837   126°  screens=1  raw: 01 7e 00
14:43:12.940   126°  screens=1  raw: 01 7e 00
14:43:13.046   126°  screens=1  raw: 01 7e 00
14:43:13.152   126°  screens=1  raw: 01 7e 00
14:43:13.256   126°  screens=1  raw: 01 7e 00
14:43:13.362   126°  screens=1  raw: 01 7e 00
14:43:13.466   126°  screens=1  raw: 01 7e 00
14:43:13.570   126°  screens=1  raw: 01 7e 00
14:43:13.672   126°  screens=1  raw: 01 7e 00
14:43:13.778   126°  screens=1  raw: 01 7e 00
14:43:13.879   126°  screens=1  raw: 01 7e 00
14:43:13.984   126°  screens=1  raw: 01 7e 00
14:43:14.090   126°  screens=1  raw: 01 7e 00
14:43:14.194   126°  screens=1  raw: 01 7e 00
14:43:14.299   126°  screens=1  raw: 01 7e 00
14:43:14.406   126°  screens=1  raw: 01 7e 00
14:43:14.511   126°  screens=1  raw: 01 7e 00
14:43:14.615   126°  screens=1  raw: 01 7e 00
14:43:14.722   126°  screens=1  raw: 01 7e 00
14:43:14.828   126°  screens=1  raw: 01 7e 00
14:43:14.934   126°  screens=1  raw: 01 7e 00
14:43:15.040   126°  screens=1  raw: 01 7e 00
14:43:15.146   126°  screens=1  raw: 01 7e 00
14:43:15.250   126°  screens=1  raw: 01 7e 00
14:43:15.356   126°  screens=1  raw: 01 7e 00
14:43:15.458   126°  screens=1  raw: 01 7e 00
14:43:15.563   126°  screens=1  raw: 01 7e 00
14:43:15.666   126°  screens=1  raw: 01 7e 00
14:43:15.769   126°  screens=1  raw: 01 7e 00
14:43:15.876   126°  screens=1  raw: 01 7e 00
14:43:15.983   126°  screens=1  raw: 01 7e 00
14:43:16.088   126°  screens=1  raw: 01 7e 00
14:43:16.191   126°  screens=1  raw: 01 7e 00
14:43:16.297   126°  screens=1  raw: 01 7e 00
14:43:16.403   126°  screens=1  raw: 01 7e 00
14:43:16.507   126°  screens=1  raw: 01 7e 00
14:43:16.612   126°  screens=1  raw: 01 7e 00
14:43:16.718   126°  screens=1  raw: 01 7e 00
14:43:16.824   126°  screens=1  raw: 01 7e 00
14:43:16.930   126°  screens=1  raw: 01 7e 00
14:43:17.035   126°  screens=1  raw: 01 7e 00
14:43:17.138   126°  screens=1  raw: 01 7e 00
14:43:17.252   126°  screens=1  raw: 01 7e 00
14:43:17.358   126°  screens=1  raw: 01 7e 00
14:43:17.464   126°  screens=1  raw: 01 7e 00
14:43:17.570   126°  screens=1  raw: 01 7e 00
14:43:17.671   126°  screens=1  raw: 01 7e 00
14:43:17.781   126°  screens=1  raw: 01 7e 00
14:43:17.885   126°  screens=1  raw: 01 7e 00
14:43:17.992   126°  screens=1  raw: 01 7e 00
14:43:18.102   126°  screens=1  raw: 01 7e 00
14:43:18.208   126°  screens=1  raw: 01 7e 00
14:43:18.315   126°  screens=1  raw: 01 7e 00
14:43:18.420   126°  screens=1  raw: 01 7e 00
14:43:18.524   126°  screens=1  raw: 01 7e 00
14:43:18.630   126°  screens=1  raw: 01 7e 00
14:43:18.736   126°  screens=1  raw: 01 7e 00
14:43:18.843   126°  screens=1  raw: 01 7e 00
14:43:18.949   126°  screens=1  raw: 01 7e 00
14:43:19.053   126°  screens=1  raw: 01 7e 00
14:43:19.158   126°  screens=1  raw: 01 7e 00
14:43:19.261   126°  screens=1  raw: 01 7e 00
14:43:19.368   126°  screens=1  raw: 01 7e 00
14:43:19.471   126°  screens=1  raw: 01 7e 00
14:43:19.578   126°  screens=1  raw: 01 7e 00
14:43:19.683   126°  screens=1  raw: 01 7e 00
14:43:19.789   126°  screens=1  raw: 01 7e 00
14:43:19.894   126°  screens=1  raw: 01 7e 00
14:43:20.000   126°  screens=1  raw: 01 7e 00
14:43:20.113   126°  screens=1  raw: 01 7e 00
14:43:20.217   126°  screens=1  raw: 01 7e 00
14:43:20.323   126°  screens=1  raw: 01 7e 00
14:43:20.427   126°  screens=1  raw: 01 7e 00
14:43:20.532   126°  screens=1  raw: 01 7e 00
14:43:20.635   126°  screens=1  raw: 01 7e 00
14:43:20.742   126°  screens=1  raw: 01 7e 00
14:43:20.854   126°  screens=1  raw: 01 7e 00
14:43:20.967   126°  screens=1  raw: 01 7e 00
14:43:21.073   126°  screens=1  raw: 01 7e 00
14:43:21.179   126°  screens=1  raw: 01 7e 00
14:43:21.285   126°  screens=1  raw: 01 7e 00
14:43:21.391   126°  screens=1  raw: 01 7e 00
14:43:21.497   126°  screens=1  raw: 01 7e 00
14:43:21.600   126°  screens=1  raw: 01 7e 00
14:43:21.706   126°  screens=1  raw: 01 7e 00
14:43:21.810   126°  screens=1  raw: 01 7e 00
14:43:21.920   126°  screens=1  raw: 01 7e 00
14:43:22.027   126°  screens=1  raw: 01 7e 00
14:43:22.135   126°  screens=1  raw: 01 7e 00
14:43:22.238   126°  screens=1  raw: 01 7e 00
14:43:22.345   126°  screens=1  raw: 01 7e 00
14:43:22.449   126°  screens=1  raw: 01 7e 00
14:43:22.552   126°  screens=1  raw: 01 7e 00
14:43:22.658   126°  screens=1  raw: 01 7e 00
14:43:22.764   126°  screens=1  raw: 01 7e 00
14:43:22.873   126°  screens=1  raw: 01 7e 00
14:43:22.975   126°  screens=1  raw: 01 7e 00
14:43:23.078   126°  screens=1  raw: 01 7e 00
14:43:23.185   126°  screens=1  raw: 01 7e 00
14:43:23.289   126°  screens=1  raw: 01 7e 00
14:43:23.395   126°  screens=1  raw: 01 7e 00
14:43:23.501   126°  screens=1  raw: 01 7e 00
14:43:23.608   126°  screens=1  raw: 01 7e 00
14:43:23.711   126°  screens=1  raw: 01 7e 00
14:43:23.814   126°  screens=1  raw: 01 7e 00
14:43:23.918   126°  screens=1  raw: 01 7e 00
14:43:24.024   126°  screens=1  raw: 01 7e 00
14:43:24.131   126°  screens=1  raw: 01 7e 00
14:43:24.237   126°  screens=1  raw: 01 7e 00
14:43:24.338   126°  screens=1  raw: 01 7e 00
14:43:24.444   126°  screens=1  raw: 01 7e 00
14:43:24.548   126°  screens=1  raw: 01 7e 00
14:43:24.651   126°  screens=1  raw: 01 7e 00
14:43:24.757   126°  screens=1  raw: 01 7e 00
14:43:24.862   126°  screens=1  raw: 01 7e 00
14:43:24.968   126°  screens=1  raw: 01 7e 00
14:43:25.074   126°  screens=1  raw: 01 7e 00
14:43:25.180   126°  screens=1  raw: 01 7e 00
14:43:25.286   126°  screens=1  raw: 01 7e 00
14:43:25.391   126°  screens=1  raw: 01 7e 00
14:43:25.497   126°  screens=1  raw: 01 7e 00
14:43:25.597   126°  screens=1  raw: 01 7e 00
14:43:25.703   126°  screens=1  raw: 01 7e 00
14:43:25.806   126°  screens=1  raw: 01 7e 00
14:43:25.912   126°  screens=1  raw: 01 7e 00
14:43:26.015   126°  screens=1  raw: 01 7e 00
14:43:26.121   126°  screens=1  raw: 01 7e 00
14:43:26.226   126°  screens=1  raw: 01 7e 00
14:43:26.329   126°  screens=1  raw: 01 7e 00
14:43:26.436   126°  screens=1  raw: 01 7e 00
14:43:26.542   126°  screens=1  raw: 01 7e 00
14:43:26.643   126°  screens=1  raw: 01 7e 00
14:43:26.749   126°  screens=1  raw: 01 7e 00
14:43:26.853   126°  screens=1  raw: 01 7e 00
14:43:26.959   126°  screens=1  raw: 01 7e 00
14:43:27.065   126°  screens=1  raw: 01 7e 00
14:43:27.172   126°  screens=1  raw: 01 7e 00
14:43:27.275   126°  screens=1  raw: 01 7e 00
14:43:27.382   126°  screens=1  raw: 01 7e 00
14:43:27.488   126°  screens=1  raw: 01 7e 00
14:43:27.594   126°  screens=1  raw: 01 7e 00
14:43:27.700   126°  screens=1  raw: 01 7e 00
14:43:27.804   126°  screens=1  raw: 01 7e 00
14:43:27.908   126°  screens=1  raw: 01 7e 00
14:43:28.011   126°  screens=1  raw: 01 7e 00
14:43:28.117   126°  screens=1  raw: 01 7e 00
14:43:28.222   126°  screens=1  raw: 01 7e 00
14:43:28.324   126°  screens=1  raw: 01 7e 00
14:43:28.432   126°  screens=1  raw: 01 7e 00
14:43:28.538   126°  screens=1  raw: 01 7e 00
14:43:28.644   126°  screens=1  raw: 01 7e 00
14:43:28.750   126°  screens=1  raw: 01 7e 00
14:43:28.856   126°  screens=1  raw: 01 7e 00
14:43:28.962   126°  screens=1  raw: 01 7e 00
14:43:29.066   126°  screens=1  raw: 01 7e 00
14:43:29.169   126°  screens=1  raw: 01 7e 00
14:43:29.274   126°  screens=1  raw: 01 7e 00
14:43:29.377   126°  screens=1  raw: 01 7e 00
14:43:29.482   126°  screens=1  raw: 01 7e 00
14:43:29.588   126°  screens=1  raw: 01 7e 00
14:43:29.690   126°  screens=1  raw: 01 7e 00
14:43:29.795   126°  screens=1  raw: 01 7e 00
14:43:29.898   126°  screens=1  raw: 01 7e 00
14:43:30.004   126°  screens=1  raw: 01 7e 00
14:43:30.107   126°  screens=1  raw: 01 7e 00
14:43:30.213   126°  screens=1  raw: 01 7e 00
14:43:30.319   126°  screens=1  raw: 01 7e 00
14:43:30.423   126°  screens=1  raw: 01 7e 00
14:43:30.532   126°  screens=1  raw: 01 7e 00
14:43:30.638   126°  screens=1  raw: 01 7e 00
14:43:30.744   126°  screens=1  raw: 01 7e 00
14:43:30.851   126°  screens=1  raw: 01 7e 00
14:43:30.957   126°  screens=1  raw: 01 7e 00
14:43:31.058   126°  screens=1  raw: 01 7e 00
14:43:31.161   126°  screens=1  raw: 01 7e 00
14:43:31.265   126°  screens=1  raw: 01 7e 00
14:43:31.371   126°  screens=1  raw: 01 7e 00
14:43:31.473   126°  screens=1  raw: 01 7e 00
14:43:31.578   126°  screens=1  raw: 01 7e 00
14:43:31.685   126°  screens=1  raw: 01 7e 00
14:43:31.791   126°  screens=1  raw: 01 7e 00
14:43:31.897   126°  screens=1  raw: 01 7e 00
14:43:32.002   126°  screens=1  raw: 01 7e 00
14:43:32.105   126°  screens=1  raw: 01 7e 00
14:43:32.210   126°  screens=1  raw: 01 7e 00
14:43:32.314   126°  screens=1  raw: 01 7e 00
14:43:32.422   126°  screens=1  raw: 01 7e 00
14:43:32.532   126°  screens=1  raw: 01 7e 00
14:43:32.639   126°  screens=1  raw: 01 7e 00
14:43:32.745   126°  screens=1  raw: 01 7e 00
14:43:32.848   126°  screens=1  raw: 01 7e 00
14:43:32.956   126°  screens=1  raw: 01 7e 00
14:43:33.062   126°  screens=1  raw: 01 7e 00
14:43:33.166   126°  screens=1  raw: 01 7e 00
14:43:33.271   126°  screens=1  raw: 01 7e 00
14:43:33.374   126°  screens=1  raw: 01 7e 00
14:43:33.481   126°  screens=1  raw: 01 7e 00
14:43:33.587   126°  screens=1  raw: 01 7e 00
14:43:33.691   126°  screens=1  raw: 01 7e 00
14:43:33.793   126°  screens=1  raw: 01 7e 00
14:43:33.895   126°  screens=1  raw: 01 7e 00
14:43:34.001   126°  screens=1  raw: 01 7e 00
14:43:34.107   126°  screens=1  raw: 01 7e 00
14:43:34.212   126°  screens=1  raw: 01 7e 00
14:43:34.318   126°  screens=1  raw: 01 7e 00
14:43:34.426   126°  screens=1  raw: 01 7e 00
14:43:34.534   126°  screens=1  raw: 01 7e 00
14:43:34.637   126°  screens=1  raw: 01 7e 00
14:43:34.743   126°  screens=1  raw: 01 7e 00
14:43:34.850   126°  screens=1  raw: 01 7e 00
14:43:34.957   126°  screens=1  raw: 01 7e 00
14:43:35.070   126°  screens=1  raw: 01 7e 00
14:43:35.176   126°  screens=1  raw: 01 7e 00
14:43:35.282   126°  screens=1  raw: 01 7e 00
14:43:35.392   126°  screens=1  raw: 01 7e 00
14:43:35.493   126°  screens=1  raw: 01 7e 00
14:43:35.599   126°  screens=1  raw: 01 7e 00
14:43:35.705   126°  screens=1  raw: 01 7e 00
14:43:35.808   126°  screens=1  raw: 01 7e 00
14:43:35.915   126°  screens=1  raw: 01 7e 00
14:43:36.016   126°  screens=1  raw: 01 7e 00
14:43:36.121   126°  screens=1  raw: 01 7e 00
14:43:36.226   126°  screens=1  raw: 01 7e 00
14:43:36.329   126°  screens=1  raw: 01 7e 00
14:43:36.440   126°  screens=1  raw: 01 7e 00
14:43:36.546   126°  screens=1  raw: 01 7e 00
14:43:36.652   126°  screens=1  raw: 01 7e 00
14:43:36.758   126°  screens=1  raw: 01 7e 00
14:43:36.861   126°  screens=1  raw: 01 7e 00
14:43:36.967   126°  screens=1  raw: 01 7e 00
14:43:37.069   126°  screens=1  raw: 01 7e 00
14:43:37.174   126°  screens=1  raw: 01 7e 00
14:43:37.276   126°  screens=1  raw: 01 7e 00
14:43:37.379   126°  screens=1  raw: 01 7e 00
14:43:37.482   126°  screens=1  raw: 01 7e 00
14:43:37.588   126°  screens=1  raw: 01 7e 00
14:43:37.698   126°  screens=1  raw: 01 7e 00
14:43:37.803   126°  screens=1  raw: 01 7e 00
14:43:37.907   126°  screens=1  raw: 01 7e 00
14:43:38.012   126°  screens=1  raw: 01 7e 00
14:43:38.118   126°  screens=1  raw: 01 7e 00
14:43:38.221   126°  screens=1  raw: 01 7e 00
14:43:38.324   126°  screens=1  raw: 01 7e 00
14:43:38.431   126°  screens=1  raw: 01 7e 00
14:43:38.533   126°  screens=1  raw: 01 7e 00
14:43:38.635   126°  screens=1  raw: 01 7e 00
14:43:38.741   126°  screens=1  raw: 01 7e 00
14:43:38.845   126°  screens=1  raw: 01 7e 00
14:43:38.948   126°  screens=1  raw: 01 7e 00
14:43:39.054   126°  screens=1  raw: 01 7e 00
14:43:39.157   126°  screens=1  raw: 01 7e 00
14:43:39.263   126°  screens=1  raw: 01 7e 00
14:43:39.369   126°  screens=1  raw: 01 7e 00
14:43:39.475   126°  screens=1  raw: 01 7e 00
14:43:39.582   126°  screens=1  raw: 01 7e 00
14:43:39.684   126°  screens=1  raw: 01 7e 00
14:43:39.790   126°  screens=1  raw: 01 7e 00
14:43:39.893   126°  screens=1  raw: 01 7e 00
14:43:39.996   126°  screens=1  raw: 01 7e 00
14:43:40.098   126°  screens=1  raw: 01 7e 00
14:43:40.204   126°  screens=1  raw: 01 7e 00
14:43:40.310   126°  screens=1  raw: 01 7e 00
14:43:40.416   126°  screens=1  raw: 01 7e 00
14:43:40.521   126°  screens=1  raw: 01 7e 00
14:43:40.628   126°  screens=1  raw: 01 7e 00
14:43:40.732   126°  screens=1  raw: 01 7e 00
14:43:40.837   126°  screens=1  raw: 01 7e 00
14:43:40.941   126°  screens=1  raw: 01 7e 00
14:43:41.043   126°  screens=1  raw: 01 7e 00
14:43:41.146   126°  screens=1  raw: 01 7e 00
14:43:41.252   126°  screens=1  raw: 01 7e 00
14:43:41.359   126°  screens=1  raw: 01 7e 00
14:43:41.464   126°  screens=1  raw: 01 7e 00
14:43:41.571   126°  screens=1  raw: 01 7e 00
14:43:41.679   126°  screens=1  raw: 01 7e 00
14:43:41.782   126°  screens=1  raw: 01 7e 00
14:43:41.887   126°  screens=1  raw: 01 7e 00
14:43:41.992   126°  screens=1  raw: 01 7e 00
14:43:42.097   126°  screens=1  raw: 01 7e 00
14:43:42.199   126°  screens=1  raw: 01 7e 00
14:43:42.305   126°  screens=1  raw: 01 7e 00
14:43:42.411   126°  screens=1  raw: 01 7e 00
14:43:42.513   126°  screens=1  raw: 01 7e 00
14:43:42.619   126°  screens=1  raw: 01 7e 00
14:43:42.724   126°  screens=1  raw: 01 7e 00
14:43:42.831   126°  screens=1  raw: 01 7e 00
14:43:42.938   126°  screens=1  raw: 01 7e 00
14:43:43.048   126°  screens=1  raw: 01 7e 00
14:43:43.151   126°  screens=1  raw: 01 7e 00
14:43:43.253   126°  screens=1  raw: 01 7e 00
14:43:43.368   126°  screens=1  raw: 01 7e 00
14:43:43.486   126°  screens=1  raw: 01 7e 00
14:43:43.592   126°  screens=1  raw: 01 7e 00
14:43:43.697   126°  screens=1  raw: 01 7e 00
14:43:43.800   126°  screens=1  raw: 01 7e 00
14:43:43.902   126°  screens=1  raw: 01 7e 00
14:43:44.010   126°  screens=1  raw: 01 7e 00
14:43:44.116   126°  screens=1  raw: 01 7e 00
14:43:44.222   126°  screens=1  raw: 01 7e 00
14:43:44.324   126°  screens=1  raw: 01 7e 00
14:43:44.433   126°  screens=1  raw: 01 7e 00
14:43:44.538   126°  screens=1  raw: 01 7e 00
14:43:44.644   126°  screens=1  raw: 01 7e 00
14:43:44.752   126°  screens=1  raw: 01 7e 00
14:43:44.863   126°  screens=1  raw: 01 7e 00
14:43:44.967   126°  screens=1  raw: 01 7e 00
14:43:45.073   126°  screens=1  raw: 01 7e 00
14:43:45.178   126°  screens=1  raw: 01 7e 00
14:43:45.284   126°  screens=1  raw: 01 7e 00
14:43:45.392   126°  screens=1  raw: 01 7e 00
14:43:45.498   126°  screens=1  raw: 01 7e 00
14:43:45.604   126°  screens=1  raw: 01 7e 00
14:43:45.708   126°  screens=1  raw: 01 7e 00
14:43:45.814   126°  screens=1  raw: 01 7e 00
14:43:45.918   126°  screens=1  raw: 01 7e 00
14:43:46.023   126°  screens=1  raw: 01 7e 00
14:43:46.129   126°  screens=1  raw: 01 7e 00
14:43:46.232   126°  screens=1  raw: 01 7e 00
14:43:46.339   126°  screens=1  raw: 01 7e 00
14:43:46.444   126°  screens=1  raw: 01 7e 00
14:43:46.552   126°  screens=1  raw: 01 7e 00
14:43:46.659   126°  screens=1  raw: 01 7e 00
14:43:46.765   126°  screens=1  raw: 01 7e 00
14:43:46.871   126°  screens=1  raw: 01 7e 00
14:43:46.978   126°  screens=1  raw: 01 7e 00
14:43:47.081   126°  screens=1  raw: 01 7e 00
14:43:47.183   126°  screens=1  raw: 01 7e 00
14:43:47.289   126°  screens=1  raw: 01 7e 00
14:43:47.393   126°  screens=1  raw: 01 7e 00
14:43:47.499   126°  screens=1  raw: 01 7e 00
14:43:47.600   126°  screens=1  raw: 01 7e 00
14:43:47.707   126°  screens=1  raw: 01 7e 00
14:43:47.822   126°  screens=1  raw: 01 7e 00
14:43:47.932   126°  screens=1  raw: 01 7e 00
14:43:48.038   126°  screens=1  raw: 01 7e 00
14:43:48.140   126°  screens=1  raw: 01 7e 00
14:43:48.246   126°  screens=1  raw: 01 7e 00
14:43:48.349   126°  screens=1  raw: 01 7e 00
14:43:48.454   126°  screens=1  raw: 01 7e 00
14:43:48.557   126°  screens=1  raw: 01 7e 00
14:43:48.661   126°  screens=1  raw: 01 7e 00
14:43:48.766   126°  screens=1  raw: 01 7e 00
14:43:48.872   126°  screens=1  raw: 01 7e 00
14:43:48.974   126°  screens=1  raw: 01 7e 00
14:43:49.081   126°  screens=1  raw: 01 7e 00
14:43:49.182   126°  screens=1  raw: 01 7e 00
14:43:49.286   126°  screens=1  raw: 01 7e 00
14:43:49.391   126°  screens=1  raw: 01 7e 00
14:43:49.497   126°  screens=1  raw: 01 7e 00
14:43:49.604   126°  screens=1  raw: 01 7e 00
14:43:49.707   126°  screens=1  raw: 01 7e 00
14:43:49.809   126°  screens=1  raw: 01 7e 00
14:43:49.915   126°  screens=1  raw: 01 7e 00
14:43:50.019   126°  screens=1  raw: 01 7e 00
14:43:50.123   126°  screens=1  raw: 01 7e 00
14:43:50.242   126°  screens=1  raw: 01 7e 00
14:43:50.348   126°  screens=1  raw: 01 7e 00
14:43:50.454   126°  screens=1  raw: 01 7e 00
14:43:50.560   126°  screens=1  raw: 01 7e 00
14:43:50.667   126°  screens=1  raw: 01 7e 00
14:43:50.771   126°  screens=1  raw: 01 7e 00
14:43:50.877   126°  screens=1  raw: 01 7e 00
14:43:50.981   126°  screens=1  raw: 01 7e 00
14:43:51.086   126°  screens=1  raw: 01 7e 00
14:43:51.193   126°  screens=1  raw: 01 7e 00
14:43:51.300   126°  screens=1  raw: 01 7e 00
14:43:51.407   126°  screens=1  raw: 01 7e 00
14:43:51.514   126°  screens=1  raw: 01 7e 00
14:43:51.620   126°  screens=1  raw: 01 7e 00
14:43:51.723   126°  screens=1  raw: 01 7e 00
14:43:51.830   126°  screens=1  raw: 01 7e 00
14:43:51.939   126°  screens=1  raw: 01 7e 00
14:43:52.047   126°  screens=1  raw: 01 7e 00
14:43:52.154   126°  screens=1  raw: 01 7e 00
14:43:52.258   126°  screens=1  raw: 01 7e 00
14:43:52.363   126°  screens=1  raw: 01 7e 00
14:43:52.467   126°  screens=1  raw: 01 7e 00
14:43:52.573   126°  screens=1  raw: 01 7e 00
14:43:52.679   126°  screens=1  raw: 01 7e 00
14:43:52.780   126°  screens=1  raw: 01 7e 00
14:43:52.886   126°  screens=1  raw: 01 7e 00
14:43:52.992   126°  screens=1  raw: 01 7e 00
14:43:53.098   126°  screens=1  raw: 01 7e 00
14:43:53.203   126°  screens=1  raw: 01 7e 00
14:43:53.310   126°  screens=1  raw: 01 7e 00
14:43:53.418   126°  screens=1  raw: 01 7e 00
14:43:53.524   126°  screens=1  raw: 01 7e 00
14:43:53.631   126°  screens=1  raw: 01 7e 00
14:43:53.737   126°  screens=1  raw: 01 7e 00
14:43:53.846   126°  screens=1  raw: 01 7e 00
14:43:53.953   126°  screens=1  raw: 01 7e 00
14:43:54.055   126°  screens=1  raw: 01 7e 00
14:43:54.161   126°  screens=1  raw: 01 7e 00
14:43:54.267   126°  screens=1  raw: 01 7e 00
14:43:54.373   126°  screens=1  raw: 01 7e 00
14:43:54.476   126°  screens=1  raw: 01 7e 00
14:43:54.577   126°  screens=1  raw: 01 7e 00
14:43:54.681   126°  screens=1  raw: 01 7e 00
14:43:54.786   126°  screens=1  raw: 01 7e 00
14:43:54.892   126°  screens=1  raw: 01 7e 00
14:43:54.997   126°  screens=1  raw: 01 7e 00
14:43:55.103   126°  screens=1  raw: 01 7e 00
14:43:55.209   126°  screens=1  raw: 01 7e 00
14:43:55.316   126°  screens=1  raw: 01 7e 00
14:43:55.421   126°  screens=1  raw: 01 7e 00
14:43:55.524   126°  screens=1  raw: 01 7e 00
14:43:55.629   126°  screens=1  raw: 01 7e 00
14:43:55.734   126°  screens=1  raw: 01 7e 00
14:43:55.840   126°  screens=1  raw: 01 7e 00
14:43:55.946   126°  screens=1  raw: 01 7e 00
14:43:56.052   126°  screens=1  raw: 01 7e 00
14:43:56.154   126°  screens=1  raw: 01 7e 00
14:43:56.258   126°  screens=1  raw: 01 7e 00
14:43:56.364   126°  screens=1  raw: 01 7e 00
14:43:56.466   126°  screens=1  raw: 01 7e 00
14:43:56.572   126°  screens=1  raw: 01 7e 00
14:43:56.678   126°  screens=1  raw: 01 7e 00
14:43:56.782   126°  screens=1  raw: 01 7e 00
14:43:56.886   126°  screens=1  raw: 01 7e 00
14:43:56.992   126°  screens=1  raw: 01 7e 00
14:43:57.099   126°  screens=1  raw: 01 7e 00
14:43:57.205   126°  screens=1  raw: 01 7e 00
14:43:57.308   126°  screens=1  raw: 01 7e 00
14:43:57.413   126°  screens=1  raw: 01 7e 00
14:43:57.519   126°  screens=1  raw: 01 7e 00
14:43:57.627   126°  screens=1  raw: 01 7e 00
14:43:57.736   126°  screens=1  raw: 01 7e 00
14:43:57.836   126°  screens=1  raw: 01 7e 00
14:43:57.939   126°  screens=1  raw: 01 7e 00
14:43:58.044   126°  screens=1  raw: 01 7e 00
14:43:58.150   126°  screens=1  raw: 01 7e 00
14:43:58.252   126°  screens=1  raw: 01 7e 00
14:43:58.358   126°  screens=1  raw: 01 7e 00
14:43:58.460   126°  screens=1  raw: 01 7e 00
14:43:58.565   126°  screens=1  raw: 01 7e 00
14:43:58.669   126°  screens=1  raw: 01 7e 00
14:43:58.775   126°  screens=1  raw: 01 7e 00
14:43:58.880   126°  screens=1  raw: 01 7e 00
14:43:58.986   126°  screens=1  raw: 01 7e 00
14:43:59.090   126°  screens=1  raw: 01 7e 00
14:43:59.196   126°  screens=1  raw: 01 7e 00
14:43:59.299   126°  screens=1  raw: 01 7e 00
14:43:59.405   126°  screens=1  raw: 01 7e 00
14:43:59.511   126°  screens=1  raw: 01 7e 00
14:43:59.616   126°  screens=1  raw: 01 7e 00
14:43:59.721   126°  screens=1  raw: 01 7e 00
14:43:59.825   126°  screens=1  raw: 01 7e 00
14:43:59.929   126°  screens=1  raw: 01 7e 00
14:44:00.033   126°  screens=1  raw: 01 7e 00
14:44:00.139   126°  screens=1  raw: 01 7e 00
14:44:00.244   126°  screens=1  raw: 01 7e 00
14:44:00.351   126°  screens=1  raw: 01 7e 00
14:44:00.457   126°  screens=1  raw: 01 7e 00
14:44:00.560   126°  screens=1  raw: 01 7e 00
14:44:00.666   126°  screens=1  raw: 01 7e 00
14:44:00.770   126°  screens=1  raw: 01 7e 00
14:44:00.873   126°  screens=1  raw: 01 7e 00
14:44:00.974   126°  screens=1  raw: 01 7e 00
14:44:01.078   126°  screens=1  raw: 01 7e 00
14:44:01.179   126°  screens=1  raw: 01 7e 00
14:44:01.284   126°  screens=1  raw: 01 7e 00
14:44:01.387   126°  screens=1  raw: 01 7e 00
14:44:01.492   126°  screens=1  raw: 01 7e 00
14:44:01.599   126°  screens=1  raw: 01 7e 00
14:44:01.703   126°  screens=1  raw: 01 7e 00
14:44:01.807   126°  screens=1  raw: 01 7e 00
14:44:01.910   126°  screens=1  raw: 01 7e 00
14:44:02.014   126°  screens=1  raw: 01 7e 00
14:44:02.120   126°  screens=1  raw: 01 7e 00
14:44:02.226   126°  screens=1  raw: 01 7e 00
14:44:02.332   126°  screens=1  raw: 01 7e 00
14:44:02.438   126°  screens=1  raw: 01 7e 00
14:44:02.541   126°  screens=1  raw: 01 7e 00
14:44:02.647   126°  screens=1  raw: 01 7e 00
14:44:02.755   126°  screens=1  raw: 01 7e 00
14:44:02.866   126°  screens=1  raw: 01 7e 00
14:44:02.967   126°  screens=1  raw: 01 7e 00
14:44:03.073   126°  screens=1  raw: 01 7e 00
14:44:03.177   126°  screens=1  raw: 01 7e 00
14:44:03.281   126°  screens=1  raw: 01 7e 00
14:44:03.385   126°  screens=1  raw: 01 7e 00
14:44:03.491   126°  screens=1  raw: 01 7e 00
14:44:03.597   126°  screens=1  raw: 01 7e 00
14:44:03.702   126°  screens=1  raw: 01 7e 00
14:44:03.806   126°  screens=1  raw: 01 7e 00
14:44:03.909   126°  screens=1  raw: 01 7e 00
14:44:04.016   126°  screens=1  raw: 01 7e 00
14:44:04.119   126°  screens=1  raw: 01 7e 00
14:44:04.238   126°  screens=1  raw: 01 7e 00
14:44:04.341   126°  screens=1  raw: 01 7e 00
14:44:04.446   126°  screens=1  raw: 01 7e 00
14:44:04.549   126°  screens=1  raw: 01 7e 00
14:44:04.656   126°  screens=1  raw: 01 7e 00
14:44:04.762   126°  screens=1  raw: 01 7e 00
14:44:04.866   126°  screens=1  raw: 01 7e 00
14:44:04.971   126°  screens=1  raw: 01 7e 00
14:44:05.074   126°  screens=1  raw: 01 7e 00
14:44:05.179   126°  screens=1  raw: 01 7e 00
14:44:05.285   126°  screens=1  raw: 01 7e 00
14:44:05.391   126°  screens=1  raw: 01 7e 00
14:44:05.495   126°  screens=1  raw: 01 7e 00
14:44:05.603   126°  screens=1  raw: 01 7e 00
14:44:05.708   126°  screens=1  raw: 01 7e 00
14:44:05.812   126°  screens=1  raw: 01 7e 00
14:44:05.917   126°  screens=1  raw: 01 7e 00
14:44:06.020   126°  screens=1  raw: 01 7e 00
14:44:06.122   126°  screens=1  raw: 01 7e 00
14:44:06.228   126°  screens=1  raw: 01 7e 00
14:44:06.329   126°  screens=1  raw: 01 7e 00
14:44:06.439   126°  screens=1  raw: 01 7e 00
14:44:06.545   126°  screens=1  raw: 01 7e 00
14:44:06.651   126°  screens=1  raw: 01 7e 00
14:44:06.756   126°  screens=1  raw: 01 7e 00
14:44:06.860   126°  screens=1  raw: 01 7e 00
14:44:06.966   126°  screens=1  raw: 01 7e 00
14:44:07.069   126°  screens=1  raw: 01 7e 00
14:44:07.175   126°  screens=1  raw: 01 7e 00
14:44:07.281   126°  screens=1  raw: 01 7e 00
14:44:07.388   126°  screens=1  raw: 01 7e 00
14:44:07.490   126°  screens=1  raw: 01 7e 00
14:44:07.591   126°  screens=1  raw: 01 7e 00
14:44:07.697   126°  screens=1  raw: 01 7e 00
14:44:07.799   126°  screens=1  raw: 01 7e 00
14:44:07.905   126°  screens=1  raw: 01 7e 00
14:44:08.006   126°  screens=1  raw: 01 7e 00
14:44:08.113   126°  screens=1  raw: 01 7e 00
14:44:08.220   126°  screens=1  raw: 01 7e 00
14:44:08.324   126°  screens=1  raw: 01 7e 00
14:44:08.427   126°  screens=1  raw: 01 7e 00
14:44:08.533   126°  screens=1  raw: 01 7e 00
14:44:08.640   126°  screens=1  raw: 01 7e 00
14:44:08.744   126°  screens=1  raw: 01 7e 00
14:44:08.851   126°  screens=1  raw: 01 7e 00
14:44:08.954   126°  screens=1  raw: 01 7e 00
14:44:09.062   126°  screens=1  raw: 01 7e 00
14:44:09.167   126°  screens=1  raw: 01 7e 00
14:44:09.269   126°  screens=1  raw: 01 7e 00
14:44:09.374   126°  screens=1  raw: 01 7e 00
14:44:09.483   126°  screens=1  raw: 01 7e 00
14:44:09.589   126°  screens=1  raw: 01 7e 00
14:44:09.692   126°  screens=1  raw: 01 7e 00
14:44:09.798   126°  screens=1  raw: 01 7e 00
14:44:09.905   126°  screens=1  raw: 01 7e 00
14:44:10.009   126°  screens=1  raw: 01 7e 00
14:44:10.113   126°  screens=1  raw: 01 7e 00
14:44:10.220   126°  screens=1  raw: 01 7e 00
14:44:10.327   126°  screens=1  raw: 01 7e 00
14:44:10.433   126°  screens=1  raw: 01 7e 00
14:44:10.537   126°  screens=1  raw: 01 7e 00
14:44:10.642   126°  screens=1  raw: 01 7e 00
14:44:10.744   126°  screens=1  raw: 01 7e 00
14:44:10.851   126°  screens=1  raw: 01 7e 00
14:44:10.955   126°  screens=1  raw: 01 7e 00
14:44:11.060   126°  screens=1  raw: 01 7e 00
14:44:11.167   126°  screens=1  raw: 01 7e 00
14:44:11.269   126°  screens=1  raw: 01 7e 00
14:44:11.372   126°  screens=1  raw: 01 7e 00
14:44:11.480   126°  screens=1  raw: 01 7e 00
14:44:11.587   126°  screens=1  raw: 01 7e 00
14:44:11.697   126°  screens=1  raw: 01 7e 00
14:44:11.803   126°  screens=1  raw: 01 7e 00
14:44:11.909   126°  screens=1  raw: 01 7e 00
14:44:12.016   126°  screens=1  raw: 01 7e 00
14:44:12.122   126°  screens=1  raw: 01 7e 00
14:44:12.234   126°  screens=1  raw: 01 7e 00
14:44:12.338   126°  screens=1  raw: 01 7e 00
14:44:12.442   126°  screens=1  raw: 01 7e 00
14:44:12.552   126°  screens=1  raw: 01 7e 00
14:44:12.657   126°  screens=1  raw: 01 7e 00
14:44:12.761   126°  screens=1  raw: 01 7e 00
14:44:12.867   126°  screens=1  raw: 01 7e 00
14:44:12.969   126°  screens=1  raw: 01 7e 00
14:44:13.072   126°  screens=1  raw: 01 7e 00
14:44:13.177   126°  screens=1  raw: 01 7e 00
14:44:13.286   126°  screens=1  raw: 01 7e 00
14:44:13.391   126°  screens=1  raw: 01 7e 00
14:44:13.497   126°  screens=1  raw: 01 7e 00
14:44:13.601   126°  screens=1  raw: 01 7e 00
14:44:13.703   126°  screens=1  raw: 01 7e 00
14:44:13.806   126°  screens=1  raw: 01 7e 00
14:44:13.912   126°  screens=1  raw: 01 7e 00
14:44:14.018   126°  screens=1  raw: 01 7e 00
14:44:14.125   126°  screens=1  raw: 01 7e 00
14:44:14.234   126°  screens=1  raw: 01 7e 00
14:44:14.340   126°  screens=1  raw: 01 7e 00
14:44:14.443   126°  screens=1  raw: 01 7e 00
14:44:14.548   126°  screens=1  raw: 01 7e 00
14:44:14.654   126°  screens=1  raw: 01 7e 00
14:44:14.759   126°  screens=1  raw: 01 7e 00
14:44:14.865   126°  screens=1  raw: 01 7e 00
14:44:14.971   126°  screens=1  raw: 01 7e 00
14:44:15.077   126°  screens=1  raw: 01 7e 00
14:44:15.182   126°  screens=1  raw: 01 7e 00
14:44:15.287   126°  screens=1  raw: 01 7e 00
14:44:15.393   126°  screens=1  raw: 01 7e 00
14:44:15.502   126°  screens=1  raw: 01 7e 00
14:44:15.609   126°  screens=1  raw: 01 7e 00
14:44:15.714   126°  screens=1  raw: 01 7e 00
14:44:15.817   126°  screens=1  raw: 01 7e 00
14:44:15.925   126°  screens=1  raw: 01 7e 00
14:44:16.031   126°  screens=1  raw: 01 7e 00
14:44:16.135   126°  screens=1  raw: 01 7e 00
14:44:16.241   126°  screens=1  raw: 01 7e 00
14:44:16.345   126°  screens=1  raw: 01 7e 00
14:44:16.453   126°  screens=1  raw: 01 7e 00
14:44:16.559   126°  screens=1  raw: 01 7e 00
14:44:16.667   126°  screens=1  raw: 01 7e 00
14:44:16.774   126°  screens=1  raw: 01 7e 00
14:44:16.880   126°  screens=1  raw: 01 7e 00
14:44:16.987   126°  screens=1  raw: 01 7e 00
14:44:17.094   126°  screens=1  raw: 01 7e 00
14:44:17.196   126°  screens=1  raw: 01 7e 00
14:44:17.302   126°  screens=1  raw: 01 7e 00
