# Sleep/wake, 2026-08-12, MacBookPro18,3.
# Mic state (device 90), 5 Hz, printed only on change — one line = never changed:
15:06:09.533  device=90  live
done
# Lid angle, 10 Hz. Close 112->0 in 1.5 s at 15:06:22.6; sleep gap 15:06:24.1 -> 15:08:36.4 (132 s); clean wake.
15:06:09.569    97°  screens=1  raw: 01 61 00
15:06:09.753    97°  screens=1  raw: 01 61 00
15:06:09.858    97°  screens=1  raw: 01 61 00
15:06:09.960    97°  screens=1  raw: 01 61 00
15:06:10.066    97°  screens=1  raw: 01 61 00
15:06:10.171    97°  screens=1  raw: 01 61 00
15:06:10.276    97°  screens=1  raw: 01 61 00
15:06:10.382    97°  screens=1  raw: 01 61 00
15:06:10.488    97°  screens=1  raw: 01 61 00
15:06:10.594    97°  screens=1  raw: 01 61 00
15:06:10.700    97°  screens=1  raw: 01 61 00
15:06:10.801    97°  screens=1  raw: 01 61 00
15:06:10.907    97°  screens=1  raw: 01 61 00
15:06:11.012    97°  screens=1  raw: 01 61 00
15:06:11.115    97°  screens=1  raw: 01 61 00
15:06:11.219    97°  screens=1  raw: 01 61 00
15:06:11.320    97°  screens=1  raw: 01 61 00
15:06:11.426    97°  screens=1  raw: 01 61 00
15:06:11.529    97°  screens=1  raw: 01 61 00
15:06:11.635    98°  screens=1  raw: 01 62 00
15:06:11.740   101°  screens=1  raw: 01 65 00
15:06:11.845   105°  screens=1  raw: 01 69 00
15:06:11.950   108°  screens=1  raw: 01 6c 00
15:06:12.052   110°  screens=1  raw: 01 6e 00
15:06:12.163   112°  screens=1  raw: 01 70 00
15:06:12.267   113°  screens=1  raw: 01 71 00
15:06:12.369   113°  screens=1  raw: 01 71 00
15:06:12.473   113°  screens=1  raw: 01 71 00
15:06:12.578   113°  screens=1  raw: 01 71 00
15:06:12.682   113°  screens=1  raw: 01 71 00
15:06:12.783   113°  screens=1  raw: 01 71 00
15:06:12.886   113°  screens=1  raw: 01 71 00
15:06:12.987   113°  screens=1  raw: 01 71 00
15:06:13.089   113°  screens=1  raw: 01 71 00
15:06:13.191   113°  screens=1  raw: 01 71 00
15:06:13.297   113°  screens=1  raw: 01 71 00
15:06:13.399   113°  screens=1  raw: 01 71 00
15:06:13.505   113°  screens=1  raw: 01 71 00
15:06:13.612   113°  screens=1  raw: 01 71 00
15:06:13.716   113°  screens=1  raw: 01 71 00
15:06:13.822   113°  screens=1  raw: 01 71 00
15:06:13.928   113°  screens=1  raw: 01 71 00
15:06:14.034   113°  screens=1  raw: 01 71 00
15:06:14.140   113°  screens=1  raw: 01 71 00
15:06:14.245   113°  screens=1  raw: 01 71 00
15:06:14.346   113°  screens=1  raw: 01 71 00
15:06:14.453   113°  screens=1  raw: 01 71 00
15:06:14.556   113°  screens=1  raw: 01 71 00
15:06:14.657   113°  screens=1  raw: 01 71 00
15:06:14.762   113°  screens=1  raw: 01 71 00
15:06:14.864   113°  screens=1  raw: 01 71 00
15:06:14.969   112°  screens=1  raw: 01 70 00
15:06:15.073   112°  screens=1  raw: 01 70 00
15:06:15.179   112°  screens=1  raw: 01 70 00
15:06:15.284   112°  screens=1  raw: 01 70 00
15:06:15.388   112°  screens=1  raw: 01 70 00
15:06:15.494   113°  screens=1  raw: 01 71 00
15:06:15.597   113°  screens=1  raw: 01 71 00
15:06:15.703   113°  screens=1  raw: 01 71 00
15:06:15.809   113°  screens=1  raw: 01 71 00
15:06:15.915   113°  screens=1  raw: 01 71 00
15:06:16.020   113°  screens=1  raw: 01 71 00
15:06:16.126   113°  screens=1  raw: 01 71 00
15:06:16.229   113°  screens=1  raw: 01 71 00
15:06:16.331   113°  screens=1  raw: 01 71 00
15:06:16.438   113°  screens=1  raw: 01 71 00
15:06:16.543   113°  screens=1  raw: 01 71 00
15:06:16.645   113°  screens=1  raw: 01 71 00
15:06:16.751   113°  screens=1  raw: 01 71 00
15:06:16.856   113°  screens=1  raw: 01 71 00
15:06:16.962   113°  screens=1  raw: 01 71 00
15:06:17.067   113°  screens=1  raw: 01 71 00
15:06:17.173   113°  screens=1  raw: 01 71 00
15:06:17.278   113°  screens=1  raw: 01 71 00
15:06:17.384   113°  screens=1  raw: 01 71 00
15:06:17.487   113°  screens=1  raw: 01 71 00
15:06:17.589   113°  screens=1  raw: 01 71 00
15:06:17.694   113°  screens=1  raw: 01 71 00
15:06:17.800   113°  screens=1  raw: 01 71 00
15:06:17.906   113°  screens=1  raw: 01 71 00
15:06:18.012   113°  screens=1  raw: 01 71 00
15:06:18.118   113°  screens=1  raw: 01 71 00
15:06:18.223   113°  screens=1  raw: 01 71 00
15:06:18.324   113°  screens=1  raw: 01 71 00
15:06:18.430   113°  screens=1  raw: 01 71 00
15:06:18.536   113°  screens=1  raw: 01 71 00
15:06:18.641   113°  screens=1  raw: 01 71 00
15:06:18.746   113°  screens=1  raw: 01 71 00
15:06:18.852   113°  screens=1  raw: 01 71 00
15:06:18.960   113°  screens=1  raw: 01 71 00
15:06:19.064   113°  screens=1  raw: 01 71 00
15:06:19.170   113°  screens=1  raw: 01 71 00
15:06:19.276   113°  screens=1  raw: 01 71 00
15:06:19.381   113°  screens=1  raw: 01 71 00
15:06:19.488   113°  screens=1  raw: 01 71 00
15:06:19.595   113°  screens=1  raw: 01 71 00
15:06:19.699   113°  screens=1  raw: 01 71 00
15:06:19.805   113°  screens=1  raw: 01 71 00
15:06:19.910   113°  screens=1  raw: 01 71 00
15:06:20.013   113°  screens=1  raw: 01 71 00
15:06:20.117   113°  screens=1  raw: 01 71 00
15:06:20.223   113°  screens=1  raw: 01 71 00
15:06:20.324   113°  screens=1  raw: 01 71 00
15:06:20.428   113°  screens=1  raw: 01 71 00
15:06:20.534   113°  screens=1  raw: 01 71 00
15:06:20.640   113°  screens=1  raw: 01 71 00
15:06:20.743   113°  screens=1  raw: 01 71 00
15:06:20.847   113°  screens=1  raw: 01 71 00
15:06:20.954   113°  screens=1  raw: 01 71 00
15:06:21.058   113°  screens=1  raw: 01 71 00
15:06:21.164   113°  screens=1  raw: 01 71 00
15:06:21.271   113°  screens=1  raw: 01 71 00
15:06:21.375   113°  screens=1  raw: 01 71 00
15:06:21.482   113°  screens=1  raw: 01 71 00
15:06:21.586   113°  screens=1  raw: 01 71 00
15:06:21.691   113°  screens=1  raw: 01 71 00
15:06:21.797   113°  screens=1  raw: 01 71 00
15:06:21.900   113°  screens=1  raw: 01 71 00
15:06:22.007   113°  screens=1  raw: 01 71 00
15:06:22.113   113°  screens=1  raw: 01 71 00
15:06:22.217   113°  screens=1  raw: 01 71 00
15:06:22.321   113°  screens=1  raw: 01 71 00
15:06:22.427   113°  screens=1  raw: 01 71 00
15:06:22.531   113°  screens=1  raw: 01 71 00
15:06:22.641   112°  screens=1  raw: 01 70 00
15:06:22.745   110°  screens=1  raw: 01 6e 00
15:06:22.847   106°  screens=1  raw: 01 6a 00
15:06:22.953   102°  screens=1  raw: 01 66 00
15:06:23.057    99°  screens=1  raw: 01 63 00
15:06:23.160    97°  screens=1  raw: 01 61 00
15:06:23.269    94°  screens=1  raw: 01 5e 00
15:06:23.375    88°  screens=1  raw: 01 58 00
15:06:23.478    67°  screens=1  raw: 01 43 00
15:06:23.581    39°  screens=1  raw: 01 27 00
15:06:23.684    16°  screens=1  raw: 01 10 00
15:06:23.793     7°  screens=1  raw: 01 07 00
15:06:23.899     3°  screens=1  raw: 01 03 00
15:06:24.000     1°  screens=1  raw: 01 01 00
15:06:24.144     0°  screens=1  raw: 01 00 00
15:06:24.268     0°  screens=1  raw: 01 00 00
15:06:24.374     0°  screens=1  raw: 01 00 00
15:06:24.487     0°  screens=1  raw: 01 00 00
15:06:24.600     0°  screens=1  raw: 01 00 00
15:06:24.710     0°  screens=1  raw: 01 00 00
15:06:24.821     0°  screens=1  raw: 01 00 00
15:06:24.928     0°  screens=1  raw: 01 00 00
15:06:25.034     0°  screens=1  raw: 01 00 00
15:06:25.145     0°  screens=1  raw: 01 00 00
15:06:25.256     0°  screens=1  raw: 01 00 00
15:06:25.357     0°  screens=1  raw: 01 00 00
15:06:25.468     0°  screens=1  raw: 01 00 00
15:06:25.572     0°  screens=1  raw: 01 00 00
15:06:25.683     0°  screens=1  raw: 01 00 00
15:06:25.794     0°  screens=1  raw: 01 00 00
15:06:25.896     0°  screens=1  raw: 01 00 00
15:06:26.001     0°  screens=1  raw: 01 00 00
15:06:26.103     0°  screens=1  raw: 01 00 00
15:06:26.210     0°  screens=1  raw: 01 00 00
15:06:26.312     0°  screens=1  raw: 01 00 00
15:06:26.422     0°  screens=1  raw: 01 00 00
15:06:26.533     0°  screens=1  raw: 01 00 00
15:06:26.635     0°  screens=1  raw: 01 00 00
15:06:26.743     0°  screens=1  raw: 01 00 00
15:06:26.854     0°  screens=1  raw: 01 00 00
15:06:26.958     0°  screens=1  raw: 01 00 00
15:06:27.069     0°  screens=1  raw: 01 00 00
15:06:27.179     0°  screens=1  raw: 01 00 00
15:06:27.290     0°  screens=1  raw: 01 00 00
15:06:27.400     0°  screens=1  raw: 01 00 00
15:06:27.503     0°  screens=1  raw: 01 00 00
15:06:27.614     0°  screens=1  raw: 01 00 00
15:06:27.719     0°  screens=1  raw: 01 00 00
15:06:27.830     0°  screens=1  raw: 01 00 00
15:06:27.935     0°  screens=1  raw: 01 00 00
15:06:28.046     0°  screens=1  raw: 01 00 00
15:06:28.156     0°  screens=1  raw: 01 00 00
15:06:28.267     0°  screens=1  raw: 01 00 00
15:06:28.371     0°  screens=1  raw: 01 00 00
15:06:28.473     0°  screens=1  raw: 01 00 00
15:06:28.584     0°  screens=1  raw: 01 00 00
15:06:28.691     0°  screens=1  raw: 01 00 00
15:06:28.800     0°  screens=1  raw: 01 00 00
15:06:28.911     0°  screens=1  raw: 01 00 00
15:06:29.017     0°  screens=1  raw: 01 00 00
15:06:29.127     0°  screens=1  raw: 01 00 00
15:06:29.234     0°  screens=1  raw: 01 00 00
15:06:29.340     0°  screens=1  raw: 01 00 00
15:06:29.452     0°  screens=1  raw: 01 00 00
15:06:29.556     0°  screens=1  raw: 01 00 00
15:06:29.664     0°  screens=1  raw: 01 00 00
15:06:29.775     0°  screens=1  raw: 01 00 00
15:06:29.883     0°  screens=1  raw: 01 00 00
15:06:29.987     0°  screens=1  raw: 01 00 00
15:06:30.098     0°  screens=1  raw: 01 00 00
15:06:30.209     0°  screens=1  raw: 01 00 00
15:06:30.314     0°  screens=1  raw: 01 00 00
15:06:30.418     0°  screens=1  raw: 01 00 00
15:06:30.530     0°  screens=1  raw: 01 00 00
15:06:30.631     0°  screens=1  raw: 01 00 00
15:08:36.453    11°  screens=1  raw: 01 0b 00
15:08:36.565    32°  screens=1  raw: 01 20 00
15:08:36.671    61°  screens=1  raw: 01 3d 00
15:08:36.803   100°  screens=1  raw: 01 64 00
15:08:36.947   100°  screens=1  raw: 01 64 00
15:08:37.078   100°  screens=1  raw: 01 64 00
15:08:37.260   100°  screens=1  raw: 01 64 00
15:08:37.363   100°  screens=1  raw: 01 64 00
15:08:37.482   100°  screens=1  raw: 01 64 00
15:08:37.588   100°  screens=1  raw: 01 64 00
15:08:37.694   100°  screens=1  raw: 01 64 00
15:08:37.800   100°  screens=1  raw: 01 64 00
15:08:37.902   100°  screens=1  raw: 01 64 00
15:08:38.009   100°  screens=1  raw: 01 64 00
15:08:38.111   100°  screens=1  raw: 01 64 00
15:08:38.217   100°  screens=1  raw: 01 64 00
15:08:38.323   100°  screens=1  raw: 01 64 00
15:08:38.429   100°  screens=1  raw: 01 64 00
15:08:38.535   100°  screens=1  raw: 01 64 00
15:08:38.640   100°  screens=1  raw: 01 64 00
15:08:38.746   100°  screens=1  raw: 01 64 00
15:08:38.853   100°  screens=1  raw: 01 64 00
15:08:38.965   100°  screens=1  raw: 01 64 00
15:08:39.075   100°  screens=1  raw: 01 64 00
15:08:39.181   100°  screens=1  raw: 01 64 00
15:08:39.284   100°  screens=1  raw: 01 64 00
15:08:39.390   100°  screens=1  raw: 01 64 00
15:08:39.495   100°  screens=1  raw: 01 64 00
15:08:39.612   100°  screens=1  raw: 01 64 00
15:08:39.714   100°  screens=1  raw: 01 64 00
15:08:39.820   100°  screens=1  raw: 01 64 00
15:08:39.923   100°  screens=1  raw: 01 64 00
15:08:40.024   100°  screens=1  raw: 01 64 00
15:08:40.131   100°  screens=1  raw: 01 64 00
15:08:40.235   100°  screens=1  raw: 01 64 00
15:08:40.340   100°  screens=1  raw: 01 64 00
15:08:40.445   100°  screens=1  raw: 01 64 00
15:08:40.551   100°  screens=1  raw: 01 64 00
15:08:40.652   100°  screens=1  raw: 01 64 00
15:08:40.758   100°  screens=1  raw: 01 64 00
15:08:40.861   100°  screens=1  raw: 01 64 00
15:08:40.967   100°  screens=1  raw: 01 64 00
15:08:41.072   100°  screens=1  raw: 01 64 00
15:08:41.178   100°  screens=1  raw: 01 64 00
15:08:41.284   100°  screens=1  raw: 01 64 00
15:08:41.388   100°  screens=1  raw: 01 64 00
15:08:41.491   100°  screens=1  raw: 01 64 00
15:08:41.597   100°  screens=1  raw: 01 64 00
15:08:41.702   100°  screens=1  raw: 01 64 00
15:08:41.808   100°  screens=1  raw: 01 64 00
15:08:41.911   100°  screens=1  raw: 01 64 00
15:08:42.017   100°  screens=1  raw: 01 64 00
15:08:42.120   100°  screens=1  raw: 01 64 00
15:08:42.226   100°  screens=1  raw: 01 64 00
15:08:42.328   100°  screens=1  raw: 01 64 00
15:08:42.432   100°  screens=1  raw: 01 64 00
15:08:42.537   100°  screens=1  raw: 01 64 00
15:08:42.640   100°  screens=1  raw: 01 64 00
15:08:42.742   100°  screens=1  raw: 01 64 00
15:08:42.850   100°  screens=1  raw: 01 64 00
15:08:42.955   100°  screens=1  raw: 01 64 00
15:08:43.061   100°  screens=1  raw: 01 64 00
15:08:43.169   100°  screens=1  raw: 01 64 00
15:08:43.276   100°  screens=1  raw: 01 64 00
15:08:43.383   100°  screens=1  raw: 01 64 00
15:08:43.489   100°  screens=1  raw: 01 64 00
15:08:43.595   100°  screens=1  raw: 01 64 00
15:08:43.701   100°  screens=1  raw: 01 64 00
15:08:43.806   100°  screens=1  raw: 01 64 00
15:08:43.912   100°  screens=1  raw: 01 64 00
15:08:44.023   100°  screens=1  raw: 01 64 00
15:08:44.131   100°  screens=1  raw: 01 64 00
15:08:44.236   100°  screens=1  raw: 01 64 00
15:08:44.340   100°  screens=1  raw: 01 64 00
15:08:44.447   100°  screens=1  raw: 01 64 00
15:08:44.553   100°  screens=1  raw: 01 64 00
15:08:44.659   100°  screens=1  raw: 01 64 00
15:08:44.762   100°  screens=1  raw: 01 64 00
15:08:44.867   100°  screens=1  raw: 01 64 00
15:08:44.975   100°  screens=1  raw: 01 64 00
15:08:45.080   100°  screens=1  raw: 01 64 00
15:08:45.187   100°  screens=1  raw: 01 64 00
15:08:45.291   100°  screens=1  raw: 01 64 00
15:08:45.394   100°  screens=1  raw: 01 64 00
15:08:45.496   100°  screens=1  raw: 01 64 00
15:08:45.602   100°  screens=1  raw: 01 64 00
15:08:45.708   100°  screens=1  raw: 01 64 00
15:08:45.812   100°  screens=1  raw: 01 64 00
15:08:45.918   100°  screens=1  raw: 01 64 00
15:08:46.024   100°  screens=1  raw: 01 64 00
15:08:46.126   100°  screens=1  raw: 01 64 00
15:08:46.232   100°  screens=1  raw: 01 64 00
15:08:46.337   100°  screens=1  raw: 01 64 00
15:08:46.445   100°  screens=1  raw: 01 64 00
15:08:46.548   100°  screens=1  raw: 01 64 00
15:08:46.655   100°  screens=1  raw: 01 64 00
15:08:46.760   100°  screens=1  raw: 01 64 00
15:08:46.863   100°  screens=1  raw: 01 64 00
15:08:46.969   100°  screens=1  raw: 01 64 00
15:08:47.085   100°  screens=1  raw: 01 64 00
15:08:47.189   100°  screens=1  raw: 01 64 00
15:08:47.299   100°  screens=1  raw: 01 64 00
15:08:47.411   100°  screens=1  raw: 01 64 00
15:08:47.521   100°  screens=1  raw: 01 64 00
15:08:47.628   100°  screens=1  raw: 01 64 00
15:08:47.729   100°  screens=1  raw: 01 64 00
15:08:47.836   100°  screens=1  raw: 01 64 00
15:08:47.942   101°  screens=1  raw: 01 65 00
15:08:48.051   100°  screens=1  raw: 01 64 00
15:08:48.155   100°  screens=1  raw: 01 64 00
15:08:48.261   100°  screens=1  raw: 01 64 00
15:08:48.366   100°  screens=1  raw: 01 64 00
15:08:48.471   100°  screens=1  raw: 01 64 00
15:08:48.575   100°  screens=1  raw: 01 64 00
15:08:48.682   100°  screens=1  raw: 01 64 00
15:08:48.786   100°  screens=1  raw: 01 64 00
15:08:48.891   100°  screens=1  raw: 01 64 00
15:08:48.994   101°  screens=1  raw: 01 65 00
15:08:49.097   100°  screens=1  raw: 01 64 00
15:08:49.200   100°  screens=1  raw: 01 64 00
15:08:49.304   101°  screens=1  raw: 01 65 00
15:08:49.411   100°  screens=1  raw: 01 64 00
15:08:49.514   100°  screens=1  raw: 01 64 00
15:08:49.620   100°  screens=1  raw: 01 64 00
15:08:49.725   100°  screens=1  raw: 01 64 00
15:08:49.831   100°  screens=1  raw: 01 64 00
15:08:49.937   100°  screens=1  raw: 01 64 00
15:08:50.047   100°  screens=1  raw: 01 64 00
15:08:50.151   100°  screens=1  raw: 01 64 00
15:08:50.253   100°  screens=1  raw: 01 64 00
15:08:50.360   100°  screens=1  raw: 01 64 00
15:08:50.470   100°  screens=1  raw: 01 64 00
15:08:50.576   100°  screens=1  raw: 01 64 00
15:08:50.682   100°  screens=1  raw: 01 64 00
15:08:50.788   100°  screens=1  raw: 01 64 00
15:08:50.889   100°  screens=1  raw: 01 64 00
15:08:50.994   100°  screens=1  raw: 01 64 00
15:08:51.097   100°  screens=1  raw: 01 64 00
15:08:51.203   100°  screens=1  raw: 01 64 00
15:08:51.305   100°  screens=1  raw: 01 64 00
15:08:51.411   101°  screens=1  raw: 01 65 00
15:08:51.514   100°  screens=1  raw: 01 64 00
15:08:51.619   100°  screens=1  raw: 01 64 00
15:08:51.725   100°  screens=1  raw: 01 64 00
15:08:51.831   100°  screens=1  raw: 01 64 00
15:08:51.937   100°  screens=1  raw: 01 64 00
15:08:52.043   100°  screens=1  raw: 01 64 00
15:08:52.147   100°  screens=1  raw: 01 64 00
15:08:52.253   100°  screens=1  raw: 01 64 00
15:08:52.359   100°  screens=1  raw: 01 64 00
15:08:52.464   100°  screens=1  raw: 01 64 00
15:08:52.566   100°  screens=1  raw: 01 64 00
15:08:52.672   101°  screens=1  raw: 01 65 00
15:08:52.773   100°  screens=1  raw: 01 64 00
15:08:52.877   100°  screens=1  raw: 01 64 00
15:08:52.984   100°  screens=1  raw: 01 64 00
15:08:53.089   100°  screens=1  raw: 01 64 00
15:08:53.194   100°  screens=1  raw: 01 64 00
15:08:53.298   100°  screens=1  raw: 01 64 00
15:08:53.404   100°  screens=1  raw: 01 64 00
15:08:53.505   100°  screens=1  raw: 01 64 00
15:08:53.607   100°  screens=1  raw: 01 64 00
15:08:53.713   100°  screens=1  raw: 01 64 00
15:08:53.818   100°  screens=1  raw: 01 64 00
15:08:53.924   100°  screens=1  raw: 01 64 00
15:08:54.026   100°  screens=1  raw: 01 64 00
15:08:54.132   100°  screens=1  raw: 01 64 00
15:08:54.236   100°  screens=1  raw: 01 64 00
15:08:54.343   101°  screens=1  raw: 01 65 00
15:08:54.450   100°  screens=1  raw: 01 64 00
15:08:54.555   100°  screens=1  raw: 01 64 00
15:08:54.663   100°  screens=1  raw: 01 64 00
15:08:54.767   100°  screens=1  raw: 01 64 00
15:08:54.873   100°  screens=1  raw: 01 64 00
15:08:54.979   100°  screens=1  raw: 01 64 00
15:08:55.084   100°  screens=1  raw: 01 64 00
15:08:55.190   101°  screens=1  raw: 01 65 00
15:08:55.295   100°  screens=1  raw: 01 64 00
15:08:55.400   101°  screens=1  raw: 01 65 00
15:08:55.504   100°  screens=1  raw: 01 64 00
15:08:55.608   100°  screens=1  raw: 01 64 00
15:08:55.714   100°  screens=1  raw: 01 64 00
15:08:55.819   100°  screens=1  raw: 01 64 00
15:08:55.925   100°  screens=1  raw: 01 64 00
15:08:56.030   100°  screens=1  raw: 01 64 00
15:08:56.135   100°  screens=1  raw: 01 64 00
15:08:56.238   100°  screens=1  raw: 01 64 00
15:08:56.344   100°  screens=1  raw: 01 64 00
15:08:56.453   100°  screens=1  raw: 01 64 00
15:08:56.558   100°  screens=1  raw: 01 64 00
15:08:56.663   100°  screens=1  raw: 01 64 00
15:08:56.769   100°  screens=1  raw: 01 64 00
15:08:56.873   100°  screens=1  raw: 01 64 00
15:08:56.982   100°  screens=1  raw: 01 64 00
15:08:57.085   100°  screens=1  raw: 01 64 00
15:08:57.189   100°  screens=1  raw: 01 64 00
15:08:57.295   101°  screens=1  raw: 01 65 00
15:08:57.399   100°  screens=1  raw: 01 64 00
15:08:57.505   100°  screens=1  raw: 01 64 00
15:08:57.610   100°  screens=1  raw: 01 64 00
15:08:57.714   101°  screens=1  raw: 01 65 00
15:08:57.818   101°  screens=1  raw: 01 65 00
15:08:57.924   101°  screens=1  raw: 01 65 00
15:08:58.031   100°  screens=1  raw: 01 64 00
15:08:58.133   100°  screens=1  raw: 01 64 00
15:08:58.238   100°  screens=1  raw: 01 64 00
15:08:58.346   100°  screens=1  raw: 01 64 00
15:08:58.450   101°  screens=1  raw: 01 65 00
15:08:58.560   100°  screens=1  raw: 01 64 00
15:08:58.663   100°  screens=1  raw: 01 64 00
15:08:58.766   100°  screens=1  raw: 01 64 00
15:08:58.876   100°  screens=1  raw: 01 64 00
15:08:58.980   100°  screens=1  raw: 01 64 00
15:08:59.086   100°  screens=1  raw: 01 64 00
15:08:59.188   100°  screens=1  raw: 01 64 00
15:08:59.292   100°  screens=1  raw: 01 64 00
15:08:59.397   100°  screens=1  raw: 01 64 00
15:08:59.501   100°  screens=1  raw: 01 64 00
15:08:59.604   100°  screens=1  raw: 01 64 00
15:08:59.710   100°  screens=1  raw: 01 64 00
15:08:59.816   100°  screens=1  raw: 01 64 00
15:08:59.918   100°  screens=1  raw: 01 64 00
15:09:00.024   100°  screens=1  raw: 01 64 00
15:09:00.126   100°  screens=1  raw: 01 64 00
15:09:00.232   100°  screens=1  raw: 01 64 00
15:09:00.334   100°  screens=1  raw: 01 64 00
15:09:00.440   100°  screens=1  raw: 01 64 00
15:09:00.545   100°  screens=1  raw: 01 64 00
15:09:00.649   100°  screens=1  raw: 01 64 00
15:09:00.756   100°  screens=1  raw: 01 64 00
15:09:00.862   100°  screens=1  raw: 01 64 00
15:09:00.968   100°  screens=1  raw: 01 64 00
15:09:01.070   100°  screens=1  raw: 01 64 00
15:09:01.179   100°  screens=1  raw: 01 64 00
15:09:01.285   100°  screens=1  raw: 01 64 00
15:09:01.392   100°  screens=1  raw: 01 64 00
15:09:01.496   100°  screens=1  raw: 01 64 00
15:09:01.601   100°  screens=1  raw: 01 64 00
15:09:01.707   100°  screens=1  raw: 01 64 00
15:09:01.812   100°  screens=1  raw: 01 64 00
15:09:01.918   100°  screens=1  raw: 01 64 00
15:09:02.024   100°  screens=1  raw: 01 64 00
15:09:02.128   100°  screens=1  raw: 01 64 00
15:09:02.232   100°  screens=1  raw: 01 64 00
15:09:02.338   100°  screens=1  raw: 01 64 00
15:09:02.439   100°  screens=1  raw: 01 64 00
15:09:02.545   100°  screens=1  raw: 01 64 00
15:09:02.650   100°  screens=1  raw: 01 64 00
15:09:02.755   100°  screens=1  raw: 01 64 00
15:09:02.861   100°  screens=1  raw: 01 64 00
15:09:02.967   101°  screens=1  raw: 01 65 00
15:09:03.073   100°  screens=1  raw: 01 64 00
15:09:03.179   100°  screens=1  raw: 01 64 00
15:09:03.286   100°  screens=1  raw: 01 64 00
15:09:03.391   100°  screens=1  raw: 01 64 00
15:09:03.492   100°  screens=1  raw: 01 64 00
15:09:03.597   101°  screens=1  raw: 01 65 00
15:09:03.703   100°  screens=1  raw: 01 64 00
15:09:03.809   100°  screens=1  raw: 01 64 00
15:09:03.915   101°  screens=1  raw: 01 65 00
15:09:04.018   100°  screens=1  raw: 01 64 00
15:09:04.123   100°  screens=1  raw: 01 64 00
15:09:04.229   100°  screens=1  raw: 01 64 00
15:09:04.331   100°  screens=1  raw: 01 64 00
15:09:04.435   100°  screens=1  raw: 01 64 00
15:09:04.540   100°  screens=1  raw: 01 64 00
15:09:04.644   100°  screens=1  raw: 01 64 00
15:09:04.749   100°  screens=1  raw: 01 64 00
15:09:04.852   100°  screens=1  raw: 01 64 00
15:09:04.955   100°  screens=1  raw: 01 64 00
15:09:05.060   100°  screens=1  raw: 01 64 00
15:09:05.165   100°  screens=1  raw: 01 64 00
15:09:05.268   100°  screens=1  raw: 01 64 00
15:09:05.371   100°  screens=1  raw: 01 64 00
15:09:05.473   100°  screens=1  raw: 01 64 00
15:09:05.576   100°  screens=1  raw: 01 64 00
15:09:05.701   100°  screens=1  raw: 01 64 00
15:09:05.802   100°  screens=1  raw: 01 64 00
15:09:05.908   100°  screens=1  raw: 01 64 00
15:09:06.013   100°  screens=1  raw: 01 64 00
15:09:06.115   101°  screens=1  raw: 01 65 00
15:09:06.216   100°  screens=1  raw: 01 64 00
15:09:06.321   100°  screens=1  raw: 01 64 00
15:09:06.428   101°  screens=1  raw: 01 65 00
15:09:06.532   100°  screens=1  raw: 01 64 00
15:09:06.638   100°  screens=1  raw: 01 64 00
15:09:06.739   100°  screens=1  raw: 01 64 00
15:09:06.845   100°  screens=1  raw: 01 64 00
15:09:06.951   100°  screens=1  raw: 01 64 00
15:09:07.052   100°  screens=1  raw: 01 64 00
15:09:07.155   100°  screens=1  raw: 01 64 00
15:09:07.261   100°  screens=1  raw: 01 64 00
15:09:07.367   100°  screens=1  raw: 01 64 00
15:09:07.472   100°  screens=1  raw: 01 64 00
15:09:07.578   100°  screens=1  raw: 01 64 00
15:09:07.684   100°  screens=1  raw: 01 64 00
15:09:07.789   100°  screens=1  raw: 01 64 00
15:09:07.894   100°  screens=1  raw: 01 64 00
15:09:07.996   100°  screens=1  raw: 01 64 00
15:09:08.111   100°  screens=1  raw: 01 64 00
15:09:08.216   100°  screens=1  raw: 01 64 00
15:09:08.323   100°  screens=1  raw: 01 64 00
15:09:08.426   100°  screens=1  raw: 01 64 00
15:09:08.528   100°  screens=1  raw: 01 64 00
15:09:08.631   100°  screens=1  raw: 01 64 00
15:09:08.735   100°  screens=1  raw: 01 64 00
15:09:08.839   100°  screens=1  raw: 01 64 00
15:09:08.941   100°  screens=1  raw: 01 64 00
15:09:09.044   100°  screens=1  raw: 01 64 00
15:09:09.148   100°  screens=1  raw: 01 64 00
15:09:09.255   100°  screens=1  raw: 01 64 00
15:09:09.362   100°  screens=1  raw: 01 64 00
15:09:09.467   100°  screens=1  raw: 01 64 00
15:09:09.574   100°  screens=1  raw: 01 64 00
15:09:09.678   100°  screens=1  raw: 01 64 00
15:09:09.782   100°  screens=1  raw: 01 64 00
15:09:09.889   100°  screens=1  raw: 01 64 00
15:09:09.997   100°  screens=1  raw: 01 64 00
15:09:10.103   100°  screens=1  raw: 01 64 00
15:09:10.207   100°  screens=1  raw: 01 64 00
15:09:10.312   100°  screens=1  raw: 01 64 00
15:09:10.414   100°  screens=1  raw: 01 64 00
15:09:10.516   100°  screens=1  raw: 01 64 00
15:09:10.624   100°  screens=1  raw: 01 64 00
15:09:10.730   100°  screens=1  raw: 01 64 00
15:09:10.836   101°  screens=1  raw: 01 65 00
15:09:10.942   101°  screens=1  raw: 01 65 00
15:09:11.044   100°  screens=1  raw: 01 64 00
15:09:11.147   100°  screens=1  raw: 01 64 00
15:09:11.252   100°  screens=1  raw: 01 64 00
15:09:11.358   100°  screens=1  raw: 01 64 00
15:09:11.462   100°  screens=1  raw: 01 64 00
15:09:11.571   100°  screens=1  raw: 01 64 00
15:09:11.675   100°  screens=1  raw: 01 64 00
15:09:11.782   100°  screens=1  raw: 01 64 00
15:09:11.886   100°  screens=1  raw: 01 64 00
15:09:11.987   100°  screens=1  raw: 01 64 00
15:09:12.091   100°  screens=1  raw: 01 64 00
15:09:12.194   100°  screens=1  raw: 01 64 00
15:09:12.296   100°  screens=1  raw: 01 64 00
15:09:12.403   100°  screens=1  raw: 01 64 00
15:09:12.510   100°  screens=1  raw: 01 64 00
15:09:12.615   100°  screens=1  raw: 01 64 00
15:09:12.718   100°  screens=1  raw: 01 64 00
15:09:12.819   100°  screens=1  raw: 01 64 00
15:09:12.922   100°  screens=1  raw: 01 64 00
15:09:13.028   100°  screens=1  raw: 01 64 00
15:09:13.133   100°  screens=1  raw: 01 64 00
15:09:13.238   100°  screens=1  raw: 01 64 00
15:09:13.342   100°  screens=1  raw: 01 64 00
15:09:13.448   100°  screens=1  raw: 01 64 00
15:09:13.551   100°  screens=1  raw: 01 64 00
15:09:13.655   101°  screens=1  raw: 01 65 00
15:09:13.760   100°  screens=1  raw: 01 64 00
15:09:13.865   100°  screens=1  raw: 01 64 00
15:09:13.970   100°  screens=1  raw: 01 64 00
15:09:14.071   100°  screens=1  raw: 01 64 00
15:09:14.178   101°  screens=1  raw: 01 65 00
15:09:14.284   100°  screens=1  raw: 01 64 00
15:09:14.389   100°  screens=1  raw: 01 64 00
15:09:14.492   100°  screens=1  raw: 01 64 00
15:09:14.599   100°  screens=1  raw: 01 64 00
15:09:14.705   100°  screens=1  raw: 01 64 00
15:09:14.810   100°  screens=1  raw: 01 64 00
15:09:14.912   100°  screens=1  raw: 01 64 00
15:09:15.017   100°  screens=1  raw: 01 64 00
15:09:15.119   100°  screens=1  raw: 01 64 00
15:09:15.225   100°  screens=1  raw: 01 64 00
15:09:15.329   100°  screens=1  raw: 01 64 00
15:09:15.435   100°  screens=1  raw: 01 64 00
15:09:15.541   100°  screens=1  raw: 01 64 00
15:09:15.647   100°  screens=1  raw: 01 64 00
15:09:15.751   100°  screens=1  raw: 01 64 00
15:09:15.857   100°  screens=1  raw: 01 64 00
15:09:15.959   100°  screens=1  raw: 01 64 00
15:09:16.063   100°  screens=1  raw: 01 64 00
15:09:16.168   100°  screens=1  raw: 01 64 00
15:09:16.271   100°  screens=1  raw: 01 64 00
15:09:16.376   100°  screens=1  raw: 01 64 00
15:09:16.482   100°  screens=1  raw: 01 64 00
15:09:16.587   100°  screens=1  raw: 01 64 00
15:09:16.688   100°  screens=1  raw: 01 64 00
15:09:16.789   100°  screens=1  raw: 01 64 00
15:09:16.895   101°  screens=1  raw: 01 65 00
15:09:17.000   100°  screens=1  raw: 01 64 00
15:09:17.107   100°  screens=1  raw: 01 64 00
15:09:17.213   100°  screens=1  raw: 01 64 00
15:09:17.320   100°  screens=1  raw: 01 64 00
15:09:17.425   100°  screens=1  raw: 01 64 00
15:09:17.526   100°  screens=1  raw: 01 64 00
15:09:17.628   100°  screens=1  raw: 01 64 00
15:09:17.735   100°  screens=1  raw: 01 64 00
15:09:17.838   100°  screens=1  raw: 01 64 00
15:09:17.944   100°  screens=1  raw: 01 64 00
15:09:18.045   100°  screens=1  raw: 01 64 00
15:09:18.147   100°  screens=1  raw: 01 64 00
15:09:18.251   100°  screens=1  raw: 01 64 00
15:09:18.357   100°  screens=1  raw: 01 64 00
15:09:18.463   101°  screens=1  raw: 01 65 00
15:09:18.568   101°  screens=1  raw: 01 65 00
15:09:18.670   100°  screens=1  raw: 01 64 00
15:09:18.776   100°  screens=1  raw: 01 64 00
15:09:18.881   100°  screens=1  raw: 01 64 00
15:09:18.986   100°  screens=1  raw: 01 64 00
15:09:19.092   100°  screens=1  raw: 01 64 00
15:09:19.196   100°  screens=1  raw: 01 64 00
15:09:19.301   100°  screens=1  raw: 01 64 00
15:09:19.405   100°  screens=1  raw: 01 64 00
15:09:19.510   100°  screens=1  raw: 01 64 00
15:09:19.616   101°  screens=1  raw: 01 65 00
15:09:19.721   100°  screens=1  raw: 01 64 00
15:09:19.825   100°  screens=1  raw: 01 64 00
15:09:19.928   100°  screens=1  raw: 01 64 00
15:09:20.034   100°  screens=1  raw: 01 64 00
15:09:20.138   100°  screens=1  raw: 01 64 00
15:09:20.241   100°  screens=1  raw: 01 64 00
15:09:20.347   100°  screens=1  raw: 01 64 00
15:09:20.453   100°  screens=1  raw: 01 64 00
15:09:20.559   100°  screens=1  raw: 01 64 00
15:09:20.665   100°  screens=1  raw: 01 64 00
15:09:20.768   100°  screens=1  raw: 01 64 00
15:09:20.874   100°  screens=1  raw: 01 64 00
15:09:20.979   100°  screens=1  raw: 01 64 00
15:09:21.085   100°  screens=1  raw: 01 64 00
15:09:21.187   100°  screens=1  raw: 01 64 00
15:09:21.293   101°  screens=1  raw: 01 65 00
15:09:21.399   100°  screens=1  raw: 01 64 00
15:09:21.502   101°  screens=1  raw: 01 65 00
15:09:21.608   100°  screens=1  raw: 01 64 00
15:09:21.713   100°  screens=1  raw: 01 64 00
15:09:21.819   100°  screens=1  raw: 01 64 00
15:09:21.922   100°  screens=1  raw: 01 64 00
15:09:22.028   101°  screens=1  raw: 01 65 00
15:09:22.130   100°  screens=1  raw: 01 64 00
15:09:22.236   100°  screens=1  raw: 01 64 00
15:09:22.341   100°  screens=1  raw: 01 64 00
15:09:22.442   100°  screens=1  raw: 01 64 00
15:09:22.545   100°  screens=1  raw: 01 64 00
15:09:22.651   100°  screens=1  raw: 01 64 00
15:09:22.757   100°  screens=1  raw: 01 64 00
15:09:22.863   100°  screens=1  raw: 01 64 00
15:09:22.969   100°  screens=1  raw: 01 64 00
15:09:23.072   100°  screens=1  raw: 01 64 00
15:09:23.177   100°  screens=1  raw: 01 64 00
15:09:23.280   100°  screens=1  raw: 01 64 00
15:09:23.385   100°  screens=1  raw: 01 64 00
15:09:23.489   100°  screens=1  raw: 01 64 00
15:09:23.592   100°  screens=1  raw: 01 64 00
15:09:23.694   100°  screens=1  raw: 01 64 00
15:09:23.796   100°  screens=1  raw: 01 64 00
15:09:23.901   100°  screens=1  raw: 01 64 00
15:09:24.004   100°  screens=1  raw: 01 64 00
15:09:24.109   100°  screens=1  raw: 01 64 00
15:09:24.212   101°  screens=1  raw: 01 65 00
15:09:24.328   100°  screens=1  raw: 01 64 00
15:09:24.433   100°  screens=1  raw: 01 64 00
15:09:24.537   100°  screens=1  raw: 01 64 00
15:09:24.642   100°  screens=1  raw: 01 64 00
15:09:24.748   100°  screens=1  raw: 01 64 00
15:09:24.853   101°  screens=1  raw: 01 65 00
15:09:24.959   100°  screens=1  raw: 01 64 00
15:09:25.066   100°  screens=1  raw: 01 64 00
15:09:25.172   100°  screens=1  raw: 01 64 00
15:09:25.276   100°  screens=1  raw: 01 64 00
15:09:25.381   100°  screens=1  raw: 01 64 00
15:09:25.487   100°  screens=1  raw: 01 64 00
15:09:25.592   100°  screens=1  raw: 01 64 00
15:09:25.695   100°  screens=1  raw: 01 64 00
15:09:25.801   100°  screens=1  raw: 01 64 00
15:09:25.905   100°  screens=1  raw: 01 64 00
15:09:26.011   100°  screens=1  raw: 01 64 00
15:09:26.118   100°  screens=1  raw: 01 64 00
15:09:26.222   100°  screens=1  raw: 01 64 00
15:09:26.328   100°  screens=1  raw: 01 64 00
15:09:26.429   101°  screens=1  raw: 01 65 00
15:09:26.534   100°  screens=1  raw: 01 64 00
15:09:26.640   100°  screens=1  raw: 01 64 00
15:09:26.744   100°  screens=1  raw: 01 64 00
15:09:26.848   101°  screens=1  raw: 01 65 00
15:09:26.953   100°  screens=1  raw: 01 64 00
15:09:27.059   101°  screens=1  raw: 01 65 00
15:09:27.161   101°  screens=1  raw: 01 65 00
15:09:27.267   100°  screens=1  raw: 01 64 00
15:09:27.373   100°  screens=1  raw: 01 64 00
15:09:27.477   100°  screens=1  raw: 01 64 00
15:09:27.583   100°  screens=1  raw: 01 64 00
15:09:27.689   100°  screens=1  raw: 01 64 00
15:09:27.791   100°  screens=1  raw: 01 64 00
15:09:27.896   100°  screens=1  raw: 01 64 00
15:09:28.003   101°  screens=1  raw: 01 65 00
15:09:28.109   100°  screens=1  raw: 01 64 00
15:09:28.216   100°  screens=1  raw: 01 64 00
15:09:28.322   101°  screens=1  raw: 01 65 00
15:09:28.428   100°  screens=1  raw: 01 64 00
15:09:28.530   100°  screens=1  raw: 01 64 00
15:09:28.636   100°  screens=1  raw: 01 64 00
15:09:28.742   100°  screens=1  raw: 01 64 00
15:09:28.847   100°  screens=1  raw: 01 64 00
15:09:28.951   100°  screens=1  raw: 01 64 00
15:09:29.055   100°  screens=1  raw: 01 64 00
15:09:29.161   100°  screens=1  raw: 01 64 00
15:09:29.267   100°  screens=1  raw: 01 64 00
15:09:29.372   100°  screens=1  raw: 01 64 00
15:09:29.478   100°  screens=1  raw: 01 64 00
15:09:29.581   100°  screens=1  raw: 01 64 00
15:09:29.687   100°  screens=1  raw: 01 64 00
15:09:29.790   100°  screens=1  raw: 01 64 00
15:09:29.895   100°  screens=1  raw: 01 64 00
15:09:30.001   100°  screens=1  raw: 01 64 00
15:09:30.107   100°  screens=1  raw: 01 64 00
15:09:30.213   100°  screens=1  raw: 01 64 00
15:09:30.317   100°  screens=1  raw: 01 64 00
15:09:30.420   100°  screens=1  raw: 01 64 00
15:09:30.525   100°  screens=1  raw: 01 64 00
15:09:30.630   100°  screens=1  raw: 01 64 00
15:09:30.734   100°  screens=1  raw: 01 64 00
15:09:30.839   100°  screens=1  raw: 01 64 00
15:09:30.941   100°  screens=1  raw: 01 64 00
15:09:31.044   100°  screens=1  raw: 01 64 00
15:09:31.150   100°  screens=1  raw: 01 64 00
15:09:31.254   100°  screens=1  raw: 01 64 00
15:09:31.360   100°  screens=1  raw: 01 64 00
15:09:31.464   100°  screens=1  raw: 01 64 00
15:09:31.567   101°  screens=1  raw: 01 65 00
15:09:31.672   100°  screens=1  raw: 01 64 00
15:09:31.778   101°  screens=1  raw: 01 65 00
15:09:31.882   100°  screens=1  raw: 01 64 00
15:09:31.986   100°  screens=1  raw: 01 64 00
15:09:32.092   100°  screens=1  raw: 01 64 00
15:09:32.198   100°  screens=1  raw: 01 64 00
15:09:32.303   100°  screens=1  raw: 01 64 00
15:09:32.405   100°  screens=1  raw: 01 64 00
15:09:32.511   100°  screens=1  raw: 01 64 00
15:09:32.614   100°  screens=1  raw: 01 64 00
15:09:32.720   100°  screens=1  raw: 01 64 00
15:09:32.824   100°  screens=1  raw: 01 64 00
15:09:32.925   100°  screens=1  raw: 01 64 00
15:09:33.034   100°  screens=1  raw: 01 64 00
15:09:33.139   100°  screens=1  raw: 01 64 00
15:09:33.243   100°  screens=1  raw: 01 64 00
15:09:33.348   100°  screens=1  raw: 01 64 00
15:09:33.451   100°  screens=1  raw: 01 64 00
15:09:33.557   100°  screens=1  raw: 01 64 00
15:09:33.659   100°  screens=1  raw: 01 64 00
15:09:33.764   100°  screens=1  raw: 01 64 00
15:09:33.867   101°  screens=1  raw: 01 65 00
15:09:33.972   100°  screens=1  raw: 01 64 00
15:09:34.076   100°  screens=1  raw: 01 64 00
15:09:34.182   100°  screens=1  raw: 01 64 00
15:09:34.288   100°  screens=1  raw: 01 64 00
15:09:34.391   100°  screens=1  raw: 01 64 00
15:09:34.497   101°  screens=1  raw: 01 65 00
15:09:34.601   101°  screens=1  raw: 01 65 00
15:09:34.707   100°  screens=1  raw: 01 64 00
15:09:34.813   100°  screens=1  raw: 01 64 00
15:09:34.918   100°  screens=1  raw: 01 64 00
15:09:35.023   100°  screens=1  raw: 01 64 00
15:09:35.127   100°  screens=1  raw: 01 64 00
15:09:35.230   100°  screens=1  raw: 01 64 00
15:09:35.336   100°  screens=1  raw: 01 64 00
15:09:35.436   100°  screens=1  raw: 01 64 00
15:09:35.542   100°  screens=1  raw: 01 64 00
15:09:35.649   100°  screens=1  raw: 01 64 00
15:09:35.756   101°  screens=1  raw: 01 65 00
15:09:35.859   100°  screens=1  raw: 01 64 00
15:09:35.960   100°  screens=1  raw: 01 64 00
15:09:36.066   100°  screens=1  raw: 01 64 00
15:09:36.172   100°  screens=1  raw: 01 64 00
15:09:36.275   100°  screens=1  raw: 01 64 00
15:09:36.381   100°  screens=1  raw: 01 64 00
15:09:36.486   100°  screens=1  raw: 01 64 00
15:09:36.592   100°  screens=1  raw: 01 64 00
15:09:36.695   100°  screens=1  raw: 01 64 00
15:09:36.800   100°  screens=1  raw: 01 64 00
15:09:36.906   100°  screens=1  raw: 01 64 00
15:09:37.011   100°  screens=1  raw: 01 64 00
15:09:37.113   100°  screens=1  raw: 01 64 00
15:09:37.218   100°  screens=1  raw: 01 64 00
15:09:37.321   100°  screens=1  raw: 01 64 00
15:09:37.427   100°  screens=1  raw: 01 64 00
15:09:37.532   100°  screens=1  raw: 01 64 00
15:09:37.638   100°  screens=1  raw: 01 64 00
15:09:37.742   100°  screens=1  raw: 01 64 00
15:09:37.846   100°  screens=1  raw: 01 64 00
15:09:37.950   100°  screens=1  raw: 01 64 00
15:09:38.051   100°  screens=1  raw: 01 64 00
15:09:38.154   100°  screens=1  raw: 01 64 00
15:09:38.260   100°  screens=1  raw: 01 64 00
15:09:38.363   100°  screens=1  raw: 01 64 00
15:09:38.464   100°  screens=1  raw: 01 64 00
15:09:38.570   100°  screens=1  raw: 01 64 00
15:09:38.675   100°  screens=1  raw: 01 64 00
15:09:38.781   100°  screens=1  raw: 01 64 00
15:09:38.884   100°  screens=1  raw: 01 64 00
15:09:38.990   100°  screens=1  raw: 01 64 00
15:09:39.096   100°  screens=1  raw: 01 64 00
15:09:39.202   100°  screens=1  raw: 01 64 00
15:09:39.308   100°  screens=1  raw: 01 64 00
15:09:39.412   101°  screens=1  raw: 01 65 00
15:09:39.518   100°  screens=1  raw: 01 64 00
15:09:39.624   100°  screens=1  raw: 01 64 00
15:09:39.726   100°  screens=1  raw: 01 64 00
15:09:39.833   100°  screens=1  raw: 01 64 00
15:09:39.939   101°  screens=1  raw: 01 65 00
15:09:40.045   101°  screens=1  raw: 01 65 00
15:09:40.150   100°  screens=1  raw: 01 64 00
15:09:40.256   100°  screens=1  raw: 01 64 00
15:09:40.365   100°  screens=1  raw: 01 64 00
15:09:40.470   100°  screens=1  raw: 01 64 00
15:09:40.576   100°  screens=1  raw: 01 64 00
15:09:40.681   100°  screens=1  raw: 01 64 00
15:09:40.784   100°  screens=1  raw: 01 64 00
15:09:40.890   100°  screens=1  raw: 01 64 00
15:09:40.996   100°  screens=1  raw: 01 64 00
15:09:41.101   100°  screens=1  raw: 01 64 00
15:09:41.202   100°  screens=1  raw: 01 64 00
15:09:41.305   100°  screens=1  raw: 01 64 00
15:09:41.411   100°  screens=1  raw: 01 64 00
15:09:41.515   100°  screens=1  raw: 01 64 00
15:09:41.619   100°  screens=1  raw: 01 64 00
15:09:41.722   100°  screens=1  raw: 01 64 00
15:09:41.828   100°  screens=1  raw: 01 64 00
15:09:41.934   100°  screens=1  raw: 01 64 00
15:09:42.039   100°  screens=1  raw: 01 64 00
15:09:42.144   100°  screens=1  raw: 01 64 00
15:09:42.250   100°  screens=1  raw: 01 64 00
15:09:42.358   100°  screens=1  raw: 01 64 00
15:09:42.466   101°  screens=1  raw: 01 65 00
15:09:42.568   100°  screens=1  raw: 01 64 00
15:09:42.669   100°  screens=1  raw: 01 64 00
15:09:42.773   100°  screens=1  raw: 01 64 00
15:09:42.879   100°  screens=1  raw: 01 64 00
15:09:42.983   100°  screens=1  raw: 01 64 00
15:09:43.088   100°  screens=1  raw: 01 64 00
15:09:43.194   100°  screens=1  raw: 01 64 00
15:09:43.298   100°  screens=1  raw: 01 64 00
15:09:43.401   101°  screens=1  raw: 01 65 00
15:09:43.506   100°  screens=1  raw: 01 64 00
15:09:43.611   100°  screens=1  raw: 01 64 00
15:09:43.714   100°  screens=1  raw: 01 64 00
15:09:43.818   100°  screens=1  raw: 01 64 00
15:09:43.924   100°  screens=1  raw: 01 64 00
15:09:44.025   100°  screens=1  raw: 01 64 00
15:09:44.130   100°  screens=1  raw: 01 64 00
15:09:44.233   100°  screens=1  raw: 01 64 00
15:09:44.334   100°  screens=1  raw: 01 64 00
15:09:44.440   100°  screens=1  raw: 01 64 00
15:09:44.546   100°  screens=1  raw: 01 64 00
15:09:44.653   100°  screens=1  raw: 01 64 00
15:09:44.755   100°  screens=1  raw: 01 64 00
15:09:44.861   100°  screens=1  raw: 01 64 00
15:09:44.967   101°  screens=1  raw: 01 65 00
15:09:45.069   100°  screens=1  raw: 01 64 00
15:09:45.175   100°  screens=1  raw: 01 64 00
15:09:45.276   100°  screens=1  raw: 01 64 00
15:09:45.382   100°  screens=1  raw: 01 64 00
15:09:45.487   100°  screens=1  raw: 01 64 00
15:09:45.593   100°  screens=1  raw: 01 64 00
15:09:45.698   100°  screens=1  raw: 01 64 00
15:09:45.802   100°  screens=1  raw: 01 64 00
15:09:45.904   101°  screens=1  raw: 01 65 00
15:09:46.011   100°  screens=1  raw: 01 64 00
15:09:46.115   100°  screens=1  raw: 01 64 00
15:09:46.219   100°  screens=1  raw: 01 64 00
15:09:46.321   100°  screens=1  raw: 01 64 00
15:09:46.427   100°  screens=1  raw: 01 64 00
15:09:46.531   100°  screens=1  raw: 01 64 00
15:09:46.637   100°  screens=1  raw: 01 64 00
15:09:46.744   100°  screens=1  raw: 01 64 00
15:09:46.846   100°  screens=1  raw: 01 64 00
15:09:46.952   100°  screens=1  raw: 01 64 00
15:09:47.057   100°  screens=1  raw: 01 64 00
15:09:47.159   100°  screens=1  raw: 01 64 00
15:09:47.265   100°  screens=1  raw: 01 64 00
15:09:47.370   100°  screens=1  raw: 01 64 00
15:09:47.477   100°  screens=1  raw: 01 64 00
15:09:47.579   100°  screens=1  raw: 01 64 00
15:09:47.682   100°  screens=1  raw: 01 64 00
15:09:47.787   100°  screens=1  raw: 01 64 00
15:09:47.893   100°  screens=1  raw: 01 64 00
15:09:47.999   100°  screens=1  raw: 01 64 00
15:09:48.101   101°  screens=1  raw: 01 65 00
15:09:48.208   100°  screens=1  raw: 01 64 00
15:09:48.315   100°  screens=1  raw: 01 64 00
15:09:48.420   100°  screens=1  raw: 01 64 00
15:09:48.528   100°  screens=1  raw: 01 64 00
15:09:48.632   100°  screens=1  raw: 01 64 00
15:09:48.737   100°  screens=1  raw: 01 64 00
15:09:48.843   100°  screens=1  raw: 01 64 00
15:09:48.946   100°  screens=1  raw: 01 64 00
15:09:49.051   100°  screens=1  raw: 01 64 00
15:09:49.155   100°  screens=1  raw: 01 64 00
15:09:49.258   100°  screens=1  raw: 01 64 00
15:09:49.359   100°  screens=1  raw: 01 64 00
15:09:49.466   100°  screens=1  raw: 01 64 00
15:09:49.571   100°  screens=1  raw: 01 64 00
15:09:49.678   100°  screens=1  raw: 01 64 00
15:09:49.779   100°  screens=1  raw: 01 64 00
15:09:49.883   100°  screens=1  raw: 01 64 00
15:09:49.987   100°  screens=1  raw: 01 64 00
15:09:50.092   100°  screens=1  raw: 01 64 00
15:09:50.198   100°  screens=1  raw: 01 64 00
15:09:50.303   100°  screens=1  raw: 01 64 00
15:09:50.412   100°  screens=1  raw: 01 64 00
15:09:50.520   100°  screens=1  raw: 01 64 00
15:09:50.625   100°  screens=1  raw: 01 64 00
15:09:50.726   100°  screens=1  raw: 01 64 00
15:09:50.832   100°  screens=1  raw: 01 64 00
15:09:50.938   100°  screens=1  raw: 01 64 00
15:09:51.044   100°  screens=1  raw: 01 64 00
15:09:51.150   100°  screens=1  raw: 01 64 00
15:09:51.257   100°  screens=1  raw: 01 64 00
15:09:51.360   100°  screens=1  raw: 01 64 00
15:09:51.465   100°  screens=1  raw: 01 64 00
15:09:51.568   100°  screens=1  raw: 01 64 00
15:09:51.674   100°  screens=1  raw: 01 64 00
15:09:51.779   100°  screens=1  raw: 01 64 00
15:09:51.883   100°  screens=1  raw: 01 64 00
15:09:51.988   100°  screens=1  raw: 01 64 00
15:09:52.093   100°  screens=1  raw: 01 64 00
15:09:52.194   100°  screens=1  raw: 01 64 00
15:09:52.300   100°  screens=1  raw: 01 64 00
15:09:52.406   101°  screens=1  raw: 01 65 00
15:09:52.511   100°  screens=1  raw: 01 64 00
15:09:52.616   100°  screens=1  raw: 01 64 00
15:09:52.717   100°  screens=1  raw: 01 64 00
15:09:52.823   100°  screens=1  raw: 01 64 00
15:09:52.929   100°  screens=1  raw: 01 64 00
15:09:53.034   100°  screens=1  raw: 01 64 00
15:09:53.140   100°  screens=1  raw: 01 64 00
15:09:53.246   100°  screens=1  raw: 01 64 00
15:09:53.350   100°  screens=1  raw: 01 64 00
15:09:53.458   100°  screens=1  raw: 01 64 00
15:09:53.560   100°  screens=1  raw: 01 64 00
15:09:53.663   100°  screens=1  raw: 01 64 00
15:09:53.769   100°  screens=1  raw: 01 64 00
15:09:53.871   100°  screens=1  raw: 01 64 00
15:09:53.977   100°  screens=1  raw: 01 64 00
15:09:54.083   100°  screens=1  raw: 01 64 00
15:09:54.184   100°  screens=1  raw: 01 64 00
15:09:54.290   100°  screens=1  raw: 01 64 00
15:09:54.396   100°  screens=1  raw: 01 64 00
15:09:54.502   100°  screens=1  raw: 01 64 00
15:09:54.606   100°  screens=1  raw: 01 64 00
15:09:54.711   100°  screens=1  raw: 01 64 00
15:09:54.816   100°  screens=1  raw: 01 64 00
15:09:54.918   100°  screens=1  raw: 01 64 00
15:09:55.024   100°  screens=1  raw: 01 64 00
15:09:55.126   101°  screens=1  raw: 01 65 00
15:09:55.232   100°  screens=1  raw: 01 64 00
15:09:55.337   100°  screens=1  raw: 01 64 00
15:09:55.442   100°  screens=1  raw: 01 64 00
15:09:55.547   101°  screens=1  raw: 01 65 00
15:09:55.651   100°  screens=1  raw: 01 64 00
15:09:55.752   100°  screens=1  raw: 01 64 00
15:09:55.858   100°  screens=1  raw: 01 64 00
15:09:55.961   100°  screens=1  raw: 01 64 00
15:09:56.067   100°  screens=1  raw: 01 64 00
15:09:56.172   100°  screens=1  raw: 01 64 00
15:09:56.279   100°  screens=1  raw: 01 64 00
15:09:56.384   101°  screens=1  raw: 01 65 00
15:09:56.491   100°  screens=1  raw: 01 64 00
15:09:56.596   100°  screens=1  raw: 01 64 00
15:09:56.701   100°  screens=1  raw: 01 64 00
15:09:56.807   100°  screens=1  raw: 01 64 00
15:09:56.913   100°  screens=1  raw: 01 64 00
15:09:57.015   100°  screens=1  raw: 01 64 00
15:09:57.119   100°  screens=1  raw: 01 64 00
15:09:57.225   101°  screens=1  raw: 01 65 00
15:09:57.331   100°  screens=1  raw: 01 64 00
15:09:57.435   100°  screens=1  raw: 01 64 00
15:09:57.541   100°  screens=1  raw: 01 64 00
15:09:57.648   100°  screens=1  raw: 01 64 00
15:09:57.752   100°  screens=1  raw: 01 64 00
15:09:57.857   100°  screens=1  raw: 01 64 00
15:09:57.963   100°  screens=1  raw: 01 64 00
15:09:58.067   100°  screens=1  raw: 01 64 00
15:09:58.173   100°  screens=1  raw: 01 64 00
15:09:58.276   100°  screens=1  raw: 01 64 00
15:09:58.382   100°  screens=1  raw: 01 64 00
15:09:58.488   100°  screens=1  raw: 01 64 00
15:09:58.593   100°  screens=1  raw: 01 64 00
15:09:58.696   100°  screens=1  raw: 01 64 00
15:09:58.800   101°  screens=1  raw: 01 65 00
15:09:58.906   100°  screens=1  raw: 01 64 00
15:09:59.009   100°  screens=1  raw: 01 64 00
15:09:59.112   101°  screens=1  raw: 01 65 00
15:09:59.213   100°  screens=1  raw: 01 64 00
15:09:59.318   100°  screens=1  raw: 01 64 00
15:09:59.423   100°  screens=1  raw: 01 64 00
15:09:59.525   100°  screens=1  raw: 01 64 00
15:09:59.631   100°  screens=1  raw: 01 64 00
15:09:59.735   100°  screens=1  raw: 01 64 00
15:09:59.839   100°  screens=1  raw: 01 64 00
15:09:59.940   100°  screens=1  raw: 01 64 00
15:10:00.043   100°  screens=1  raw: 01 64 00
15:10:00.148   100°  screens=1  raw: 01 64 00
15:10:00.253   100°  screens=1  raw: 01 64 00
15:10:00.357   100°  screens=1  raw: 01 64 00
15:10:00.462   100°  screens=1  raw: 01 64 00
15:10:00.569   101°  screens=1  raw: 01 65 00
15:10:00.674   100°  screens=1  raw: 01 64 00
15:10:00.781   100°  screens=1  raw: 01 64 00
15:10:00.885   100°  screens=1  raw: 01 64 00
15:10:00.988   100°  screens=1  raw: 01 64 00
15:10:01.090   100°  screens=1  raw: 01 64 00
15:10:01.194   100°  screens=1  raw: 01 64 00
15:10:01.300   100°  screens=1  raw: 01 64 00
15:10:01.405   100°  screens=1  raw: 01 64 00
15:10:01.511   100°  screens=1  raw: 01 64 00
15:10:01.615   100°  screens=1  raw: 01 64 00
15:10:01.721   100°  screens=1  raw: 01 64 00
15:10:01.829   101°  screens=1  raw: 01 65 00
15:10:01.931   100°  screens=1  raw: 01 64 00
15:10:02.034   100°  screens=1  raw: 01 64 00
15:10:02.136   101°  screens=1  raw: 01 65 00
15:10:02.241   100°  screens=1  raw: 01 64 00
15:10:02.344   100°  screens=1  raw: 01 64 00
15:10:02.448   101°  screens=1  raw: 01 65 00
15:10:02.554   100°  screens=1  raw: 01 64 00
15:10:02.660   100°  screens=1  raw: 01 64 00
15:10:02.767   100°  screens=1  raw: 01 64 00
15:10:02.870   100°  screens=1  raw: 01 64 00
15:10:02.973   101°  screens=1  raw: 01 65 00
15:10:03.074   100°  screens=1  raw: 01 64 00
15:10:03.175   100°  screens=1  raw: 01 64 00
15:10:03.282   100°  screens=1  raw: 01 64 00
15:10:03.388   100°  screens=1  raw: 01 64 00
15:10:03.492   100°  screens=1  raw: 01 64 00
15:10:03.595   100°  screens=1  raw: 01 64 00
15:10:03.703   100°  screens=1  raw: 01 64 00
15:10:03.809   100°  screens=1  raw: 01 64 00
15:10:03.913   100°  screens=1  raw: 01 64 00
15:10:04.018   100°  screens=1  raw: 01 64 00
15:10:04.123   100°  screens=1  raw: 01 64 00
15:10:04.226   100°  screens=1  raw: 01 64 00
15:10:04.331   100°  screens=1  raw: 01 64 00
15:10:04.434   100°  screens=1  raw: 01 64 00
15:10:04.538   100°  screens=1  raw: 01 64 00
15:10:04.643   100°  screens=1  raw: 01 64 00
15:10:04.748   100°  screens=1  raw: 01 64 00
15:10:04.849   101°  screens=1  raw: 01 65 00
15:10:04.954   100°  screens=1  raw: 01 64 00
15:10:05.059   101°  screens=1  raw: 01 65 00
15:10:05.165   100°  screens=1  raw: 01 64 00
15:10:05.271   100°  screens=1  raw: 01 64 00
15:10:05.376   100°  screens=1  raw: 01 64 00
15:10:05.481   100°  screens=1  raw: 01 64 00
15:10:05.584   100°  screens=1  raw: 01 64 00
15:10:05.690   100°  screens=1  raw: 01 64 00
15:10:05.794   100°  screens=1  raw: 01 64 00
15:10:05.898   100°  screens=1  raw: 01 64 00
15:10:06.001   100°  screens=1  raw: 01 64 00
15:10:06.105   100°  screens=1  raw: 01 64 00
15:10:06.210   101°  screens=1  raw: 01 65 00
15:10:06.314   100°  screens=1  raw: 01 64 00
15:10:06.419   100°  screens=1  raw: 01 64 00
15:10:06.523   100°  screens=1  raw: 01 64 00
15:10:06.629   100°  screens=1  raw: 01 64 00
15:10:06.734   100°  screens=1  raw: 01 64 00
15:10:06.840   100°  screens=1  raw: 01 64 00
15:10:06.945   100°  screens=1  raw: 01 64 00
15:10:07.052   100°  screens=1  raw: 01 64 00
15:10:07.156   101°  screens=1  raw: 01 65 00
15:10:07.259   100°  screens=1  raw: 01 64 00
15:10:07.364   100°  screens=1  raw: 01 64 00
15:10:07.469   100°  screens=1  raw: 01 64 00
15:10:07.571   100°  screens=1  raw: 01 64 00
15:10:07.675   100°  screens=1  raw: 01 64 00
15:10:07.781   100°  screens=1  raw: 01 64 00
15:10:07.886   100°  screens=1  raw: 01 64 00
15:10:07.989   100°  screens=1  raw: 01 64 00
15:10:08.095   100°  screens=1  raw: 01 64 00
15:10:08.200   100°  screens=1  raw: 01 64 00
15:10:08.309   100°  screens=1  raw: 01 64 00
15:10:08.414   100°  screens=1  raw: 01 64 00
15:10:08.521   101°  screens=1  raw: 01 65 00
15:10:08.631   100°  screens=1  raw: 01 64 00
15:10:08.736   100°  screens=1  raw: 01 64 00
15:10:08.841   100°  screens=1  raw: 01 64 00
15:10:08.943   100°  screens=1  raw: 01 64 00
15:10:09.045   100°  screens=1  raw: 01 64 00
15:10:09.148   101°  screens=1  raw: 01 65 00
15:10:09.254   100°  screens=1  raw: 01 64 00
15:10:09.359   100°  screens=1  raw: 01 64 00
15:10:09.464   100°  screens=1  raw: 01 64 00
15:10:09.570   100°  screens=1  raw: 01 64 00
15:10:09.671   100°  screens=1  raw: 01 64 00
15:10:09.775   100°  screens=1  raw: 01 64 00
15:10:09.880   100°  screens=1  raw: 01 64 00
15:10:09.986   100°  screens=1  raw: 01 64 00
15:10:10.092   101°  screens=1  raw: 01 65 00
15:10:10.197   100°  screens=1  raw: 01 64 00
15:10:10.301   100°  screens=1  raw: 01 64 00
15:10:10.405   100°  screens=1  raw: 01 64 00
15:10:10.510   101°  screens=1  raw: 01 65 00
15:10:10.611   100°  screens=1  raw: 01 64 00
15:10:10.715   100°  screens=1  raw: 01 64 00
15:10:10.821   100°  screens=1  raw: 01 64 00
15:10:10.926   100°  screens=1  raw: 01 64 00
15:10:11.032   100°  screens=1  raw: 01 64 00
15:10:11.135   100°  screens=1  raw: 01 64 00
15:10:11.241   100°  screens=1  raw: 01 64 00
15:10:11.346   100°  screens=1  raw: 01 64 00
15:10:11.451   100°  screens=1  raw: 01 64 00
15:10:11.557   100°  screens=1  raw: 01 64 00
15:10:11.662   100°  screens=1  raw: 01 64 00
15:10:11.765   100°  screens=1  raw: 01 64 00
15:10:11.867   100°  screens=1  raw: 01 64 00
15:10:11.970   100°  screens=1  raw: 01 64 00
15:10:12.076   100°  screens=1  raw: 01 64 00
15:10:12.180   101°  screens=1  raw: 01 65 00
15:10:12.284   100°  screens=1  raw: 01 64 00
15:10:12.390   100°  screens=1  raw: 01 64 00
15:10:12.496   100°  screens=1  raw: 01 64 00
15:10:12.602   101°  screens=1  raw: 01 65 00
15:10:12.707   100°  screens=1  raw: 01 64 00
15:10:12.813   100°  screens=1  raw: 01 64 00
15:10:12.919   100°  screens=1  raw: 01 64 00
15:10:13.024   100°  screens=1  raw: 01 64 00
15:10:13.125   100°  screens=1  raw: 01 64 00
15:10:13.231   100°  screens=1  raw: 01 64 00
15:10:13.336   100°  screens=1  raw: 01 64 00
15:10:13.437   100°  screens=1  raw: 01 64 00
15:10:13.540   100°  screens=1  raw: 01 64 00
15:10:13.646   100°  screens=1  raw: 01 64 00
15:10:13.751   100°  screens=1  raw: 01 64 00
15:10:13.857   100°  screens=1  raw: 01 64 00
15:10:13.960   100°  screens=1  raw: 01 64 00
15:10:14.065   100°  screens=1  raw: 01 64 00
15:10:14.167   100°  screens=1  raw: 01 64 00
15:10:14.273   100°  screens=1  raw: 01 64 00
15:10:14.378   100°  screens=1  raw: 01 64 00
15:10:14.484   100°  screens=1  raw: 01 64 00
15:10:14.589   100°  screens=1  raw: 01 64 00
15:10:14.694   100°  screens=1  raw: 01 64 00
15:10:14.800   101°  screens=1  raw: 01 65 00
15:10:14.905   100°  screens=1  raw: 01 64 00
15:10:15.011   100°  screens=1  raw: 01 64 00
15:10:15.113   100°  screens=1  raw: 01 64 00
15:10:15.218   100°  screens=1  raw: 01 64 00
15:10:15.323   101°  screens=1  raw: 01 65 00
15:10:15.429   100°  screens=1  raw: 01 64 00
15:10:15.533   100°  screens=1  raw: 01 64 00
15:10:15.634   100°  screens=1  raw: 01 64 00
15:10:15.740   100°  screens=1  raw: 01 64 00
15:10:15.845   100°  screens=1  raw: 01 64 00
15:10:15.948   100°  screens=1  raw: 01 64 00
15:10:16.051   100°  screens=1  raw: 01 64 00
15:10:16.157   100°  screens=1  raw: 01 64 00
15:10:16.262   100°  screens=1  raw: 01 64 00
15:10:16.367   100°  screens=1  raw: 01 64 00
15:10:16.474   100°  screens=1  raw: 01 64 00
15:10:16.579   100°  screens=1  raw: 01 64 00
15:10:16.685   100°  screens=1  raw: 01 64 00
15:10:16.791   100°  screens=1  raw: 01 64 00
15:10:16.892   101°  screens=1  raw: 01 65 00
15:10:16.997   100°  screens=1  raw: 01 64 00
15:10:17.101   100°  screens=1  raw: 01 64 00
15:10:17.204   100°  screens=1  raw: 01 64 00
15:10:17.306   100°  screens=1  raw: 01 64 00
15:10:17.412   100°  screens=1  raw: 01 64 00
15:10:17.517   100°  screens=1  raw: 01 64 00
15:10:17.623   100°  screens=1  raw: 01 64 00
15:10:17.726   100°  screens=1  raw: 01 64 00
15:10:17.832   100°  screens=1  raw: 01 64 00
15:10:17.937   100°  screens=1  raw: 01 64 00
15:10:18.040   100°  screens=1  raw: 01 64 00
15:10:18.144   100°  screens=1  raw: 01 64 00
15:10:18.247   100°  screens=1  raw: 01 64 00
15:10:18.352   100°  screens=1  raw: 01 64 00
15:10:18.456   100°  screens=1  raw: 01 64 00
15:10:18.560   100°  screens=1  raw: 01 64 00
15:10:18.661   100°  screens=1  raw: 01 64 00
15:10:18.764   100°  screens=1  raw: 01 64 00
15:10:18.867   100°  screens=1  raw: 01 64 00
15:10:18.972   101°  screens=1  raw: 01 65 00
15:10:19.076   100°  screens=1  raw: 01 64 00
15:10:19.179   100°  screens=1  raw: 01 64 00
15:10:19.283   100°  screens=1  raw: 01 64 00
15:10:19.389   100°  screens=1  raw: 01 64 00
15:10:19.493   101°  screens=1  raw: 01 65 00
15:10:19.598   100°  screens=1  raw: 01 64 00
15:10:19.704   100°  screens=1  raw: 01 64 00
15:10:19.810   100°  screens=1  raw: 01 64 00
15:10:19.916   100°  screens=1  raw: 01 64 00
15:10:20.019   100°  screens=1  raw: 01 64 00
15:10:20.123   100°  screens=1  raw: 01 64 00
15:10:20.226   100°  screens=1  raw: 01 64 00
15:10:20.331   100°  screens=1  raw: 01 64 00
15:10:20.434   100°  screens=1  raw: 01 64 00
15:10:20.540   101°  screens=1  raw: 01 65 00
15:10:20.646   100°  screens=1  raw: 01 64 00
15:10:20.750   100°  screens=1  raw: 01 64 00
15:10:20.851   100°  screens=1  raw: 01 64 00
15:10:20.957   100°  screens=1  raw: 01 64 00
15:10:21.062   100°  screens=1  raw: 01 64 00
15:10:21.168   100°  screens=1  raw: 01 64 00
15:10:21.273   101°  screens=1  raw: 01 65 00
15:10:21.377   101°  screens=1  raw: 01 65 00
15:10:21.479   100°  screens=1  raw: 01 64 00
15:10:21.583   101°  screens=1  raw: 01 65 00
15:10:21.689   100°  screens=1  raw: 01 64 00
15:10:21.794   100°  screens=1  raw: 01 64 00
15:10:21.896   100°  screens=1  raw: 01 64 00
15:10:21.998   100°  screens=1  raw: 01 64 00
15:10:22.104   100°  screens=1  raw: 01 64 00
15:10:22.210   100°  screens=1  raw: 01 64 00
15:10:22.319   100°  screens=1  raw: 01 64 00
15:10:22.425   100°  screens=1  raw: 01 64 00
15:10:22.531   100°  screens=1  raw: 01 64 00
15:10:22.634   100°  screens=1  raw: 01 64 00
15:10:22.740   100°  screens=1  raw: 01 64 00
15:10:22.845   100°  screens=1  raw: 01 64 00
15:10:22.951   100°  screens=1  raw: 01 64 00
15:10:23.055   100°  screens=1  raw: 01 64 00
15:10:23.159   100°  screens=1  raw: 01 64 00
15:10:23.265   100°  screens=1  raw: 01 64 00
15:10:23.370   100°  screens=1  raw: 01 64 00
15:10:23.477   100°  screens=1  raw: 01 64 00
15:10:23.582   100°  screens=1  raw: 01 64 00
15:10:23.687   100°  screens=1  raw: 01 64 00
15:10:23.792   100°  screens=1  raw: 01 64 00
15:10:23.898   100°  screens=1  raw: 01 64 00
15:10:24.003   100°  screens=1  raw: 01 64 00
15:10:24.108   101°  screens=1  raw: 01 65 00
15:10:24.211   100°  screens=1  raw: 01 64 00
15:10:24.312   100°  screens=1  raw: 01 64 00
15:10:24.419   100°  screens=1  raw: 01 64 00
15:10:24.521   100°  screens=1  raw: 01 64 00
15:10:24.628   100°  screens=1  raw: 01 64 00
15:10:24.730   101°  screens=1  raw: 01 65 00
15:10:24.835   100°  screens=1  raw: 01 64 00
15:10:24.940   100°  screens=1  raw: 01 64 00
15:10:25.046   100°  screens=1  raw: 01 64 00
15:10:25.149   100°  screens=1  raw: 01 64 00
15:10:25.251   100°  screens=1  raw: 01 64 00
15:10:25.355   100°  screens=1  raw: 01 64 00
15:10:25.459   100°  screens=1  raw: 01 64 00
15:10:25.565   100°  screens=1  raw: 01 64 00
15:10:25.667   100°  screens=1  raw: 01 64 00
15:10:25.773   101°  screens=1  raw: 01 65 00
15:10:25.875   100°  screens=1  raw: 01 64 00
15:10:25.978   100°  screens=1  raw: 01 64 00
15:10:26.086   100°  screens=1  raw: 01 64 00
15:10:26.191   100°  screens=1  raw: 01 64 00
15:10:26.297   100°  screens=1  raw: 01 64 00
15:10:26.402   100°  screens=1  raw: 01 64 00
15:10:26.507   100°  screens=1  raw: 01 64 00
15:10:26.612   100°  screens=1  raw: 01 64 00
15:10:26.718   100°  screens=1  raw: 01 64 00
15:10:26.821   100°  screens=1  raw: 01 64 00
15:10:26.928   100°  screens=1  raw: 01 64 00
15:10:27.031   100°  screens=1  raw: 01 64 00
15:10:27.143   100°  screens=1  raw: 01 64 00
15:10:27.248   100°  screens=1  raw: 01 64 00
15:10:27.356   100°  screens=1  raw: 01 64 00
15:10:27.459   100°  screens=1  raw: 01 64 00
15:10:27.564   100°  screens=1  raw: 01 64 00
15:10:27.670   100°  screens=1  raw: 01 64 00
15:10:27.778   100°  screens=1  raw: 01 64 00
15:10:27.884   100°  screens=1  raw: 01 64 00
15:10:27.996   100°  screens=1  raw: 01 64 00
15:10:28.098   100°  screens=1  raw: 01 64 00
15:10:28.208   100°  screens=1  raw: 01 64 00
15:10:28.315   100°  screens=1  raw: 01 64 00
15:10:28.417   100°  screens=1  raw: 01 64 00
15:10:28.523   100°  screens=1  raw: 01 64 00
15:10:28.627   100°  screens=1  raw: 01 64 00
15:10:28.730   100°  screens=1  raw: 01 64 00
15:10:28.836   100°  screens=1  raw: 01 64 00
15:10:28.941   100°  screens=1  raw: 01 64 00
15:10:29.049   100°  screens=1  raw: 01 64 00
15:10:29.154   100°  screens=1  raw: 01 64 00
15:10:29.260   100°  screens=1  raw: 01 64 00
15:10:29.366   100°  screens=1  raw: 01 64 00
15:10:29.472   100°  screens=1  raw: 01 64 00
15:10:29.573   100°  screens=1  raw: 01 64 00
15:10:29.674   100°  screens=1  raw: 01 64 00
15:10:29.776   100°  screens=1  raw: 01 64 00
15:10:29.879   100°  screens=1  raw: 01 64 00
15:10:29.985   101°  screens=1  raw: 01 65 00
15:10:30.086   100°  screens=1  raw: 01 64 00
15:10:30.192   100°  screens=1  raw: 01 64 00
15:10:30.298   100°  screens=1  raw: 01 64 00
15:10:30.404   100°  screens=1  raw: 01 64 00
15:10:30.511   100°  screens=1  raw: 01 64 00
15:10:30.614   100°  screens=1  raw: 01 64 00
15:10:30.719   100°  screens=1  raw: 01 64 00
15:10:30.823   100°  screens=1  raw: 01 64 00
15:10:30.928   100°  screens=1  raw: 01 64 00
15:10:31.033   100°  screens=1  raw: 01 64 00
15:10:31.137   100°  screens=1  raw: 01 64 00
15:10:31.240   100°  screens=1  raw: 01 64 00
15:10:31.341   100°  screens=1  raw: 01 64 00
15:10:31.446   100°  screens=1  raw: 01 64 00
15:10:31.551   100°  screens=1  raw: 01 64 00
15:10:31.657   100°  screens=1  raw: 01 64 00
15:10:31.763   100°  screens=1  raw: 01 64 00
15:10:31.869   101°  screens=1  raw: 01 65 00
15:10:31.974   100°  screens=1  raw: 01 64 00
15:10:32.076   101°  screens=1  raw: 01 65 00
15:10:32.179   100°  screens=1  raw: 01 64 00
15:10:32.282   100°  screens=1  raw: 01 64 00
15:10:32.384   100°  screens=1  raw: 01 64 00
15:10:32.488   100°  screens=1  raw: 01 64 00
15:10:32.594   101°  screens=1  raw: 01 65 00
15:10:32.699   100°  screens=1  raw: 01 64 00
15:10:32.803   100°  screens=1  raw: 01 64 00
15:10:32.909   100°  screens=1  raw: 01 64 00
15:10:33.015   100°  screens=1  raw: 01 64 00
15:10:33.117   100°  screens=1  raw: 01 64 00
15:10:33.223   100°  screens=1  raw: 01 64 00
15:10:33.329   100°  screens=1  raw: 01 64 00
15:10:33.433   100°  screens=1  raw: 01 64 00
15:10:33.539   101°  screens=1  raw: 01 65 00
15:10:33.643   100°  screens=1  raw: 01 64 00
15:10:33.749   101°  screens=1  raw: 01 65 00
15:10:33.855   100°  screens=1  raw: 01 64 00
15:10:33.960   100°  screens=1  raw: 01 64 00
15:10:34.063   100°  screens=1  raw: 01 64 00
15:10:34.165   101°  screens=1  raw: 01 65 00
15:10:34.267   100°  screens=1  raw: 01 64 00
15:10:34.374   101°  screens=1  raw: 01 65 00
15:10:34.480   100°  screens=1  raw: 01 64 00
15:10:34.586   100°  screens=1  raw: 01 64 00
15:10:34.691   100°  screens=1  raw: 01 64 00
15:10:34.796   100°  screens=1  raw: 01 64 00
15:10:34.901   100°  screens=1  raw: 01 64 00
15:10:35.007   100°  screens=1  raw: 01 64 00
15:10:35.114   100°  screens=1  raw: 01 64 00
15:10:35.217   100°  screens=1  raw: 01 64 00
15:10:35.321   100°  screens=1  raw: 01 64 00
15:10:35.426   100°  screens=1  raw: 01 64 00
15:10:35.528   100°  screens=1  raw: 01 64 00
15:10:35.633   100°  screens=1  raw: 01 64 00
15:10:35.734   100°  screens=1  raw: 01 64 00
15:10:35.842   100°  screens=1  raw: 01 64 00
15:10:35.945   100°  screens=1  raw: 01 64 00
15:10:36.047   100°  screens=1  raw: 01 64 00
15:10:36.151   100°  screens=1  raw: 01 64 00
15:10:36.256   101°  screens=1  raw: 01 65 00
15:10:36.362   100°  screens=1  raw: 01 64 00
15:10:36.467   100°  screens=1  raw: 01 64 00
15:10:36.573   100°  screens=1  raw: 01 64 00
15:10:36.676   100°  screens=1  raw: 01 64 00
15:10:36.782   100°  screens=1  raw: 01 64 00
15:10:36.887   100°  screens=1  raw: 01 64 00
15:10:36.996   100°  screens=1  raw: 01 64 00
15:10:37.107   100°  screens=1  raw: 01 64 00
15:10:37.212   100°  screens=1  raw: 01 64 00
15:10:37.318   100°  screens=1  raw: 01 64 00
15:10:37.423   100°  screens=1  raw: 01 64 00
15:10:37.526   100°  screens=1  raw: 01 64 00
15:10:37.629   100°  screens=1  raw: 01 64 00
15:10:37.730   100°  screens=1  raw: 01 64 00
15:10:37.834   100°  screens=1  raw: 01 64 00
15:10:37.938   100°  screens=1  raw: 01 64 00
15:10:38.042   101°  screens=1  raw: 01 65 00
15:10:38.145   100°  screens=1  raw: 01 64 00
15:10:38.250   100°  screens=1  raw: 01 64 00
15:10:38.354   100°  screens=1  raw: 01 64 00
15:10:38.460   100°  screens=1  raw: 01 64 00
15:10:38.565   100°  screens=1  raw: 01 64 00
15:10:38.667   100°  screens=1  raw: 01 64 00
15:10:38.773   100°  screens=1  raw: 01 64 00
15:10:38.876   100°  screens=1  raw: 01 64 00
15:10:38.981   100°  screens=1  raw: 01 64 00
15:10:39.087   100°  screens=1  raw: 01 64 00
15:10:39.192   100°  screens=1  raw: 01 64 00
15:10:39.298   100°  screens=1  raw: 01 64 00
15:10:39.402   101°  screens=1  raw: 01 65 00
15:10:39.508   100°  screens=1  raw: 01 64 00
15:10:39.612   100°  screens=1  raw: 01 64 00
15:10:39.718   101°  screens=1  raw: 01 65 00
15:10:39.821   100°  screens=1  raw: 01 64 00
15:10:39.926   100°  screens=1  raw: 01 64 00
15:10:40.031   100°  screens=1  raw: 01 64 00
15:10:40.133   100°  screens=1  raw: 01 64 00
15:10:40.239   100°  screens=1  raw: 01 64 00
15:10:40.343   100°  screens=1  raw: 01 64 00
15:10:40.445   100°  screens=1  raw: 01 64 00
15:10:40.548   101°  screens=1  raw: 01 65 00
15:10:40.654   100°  screens=1  raw: 01 64 00
15:10:40.758   101°  screens=1  raw: 01 65 00
15:10:40.866   100°  screens=1  raw: 01 64 00
15:10:40.974   100°  screens=1  raw: 01 64 00
15:10:41.079   100°  screens=1  raw: 01 64 00
15:10:41.184   100°  screens=1  raw: 01 64 00
15:10:41.288   101°  screens=1  raw: 01 65 00
15:10:41.393   100°  screens=1  raw: 01 64 00
15:10:41.503   100°  screens=1  raw: 01 64 00
15:10:41.605   100°  screens=1  raw: 01 64 00
15:10:41.709   101°  screens=1  raw: 01 65 00
15:10:41.815   100°  screens=1  raw: 01 64 00
15:10:41.920   100°  screens=1  raw: 01 64 00
15:10:42.027   100°  screens=1  raw: 01 64 00
15:10:42.130   101°  screens=1  raw: 01 65 00
15:10:42.236   100°  screens=1  raw: 01 64 00
15:10:42.341   100°  screens=1  raw: 01 64 00
15:10:42.447   100°  screens=1  raw: 01 64 00
15:10:42.553   100°  screens=1  raw: 01 64 00
15:10:42.656   100°  screens=1  raw: 01 64 00
15:10:42.759   100°  screens=1  raw: 01 64 00
15:10:42.865   100°  screens=1  raw: 01 64 00
15:10:42.967   100°  screens=1  raw: 01 64 00
15:10:43.071   100°  screens=1  raw: 01 64 00
15:10:43.176   100°  screens=1  raw: 01 64 00
15:10:43.281   101°  screens=1  raw: 01 65 00
15:10:43.386   100°  screens=1  raw: 01 64 00
15:10:43.494   100°  screens=1  raw: 01 64 00
15:10:43.596   101°  screens=1  raw: 01 65 00
15:10:43.701   100°  screens=1  raw: 01 64 00
15:10:43.806   100°  screens=1  raw: 01 64 00
15:10:43.909   100°  screens=1  raw: 01 64 00
15:10:44.013   100°  screens=1  raw: 01 64 00
15:10:44.115   100°  screens=1  raw: 01 64 00
15:10:44.217   100°  screens=1  raw: 01 64 00
15:10:44.323   100°  screens=1  raw: 01 64 00
15:10:44.426   101°  screens=1  raw: 01 65 00
15:10:44.527   101°  screens=1  raw: 01 65 00
15:10:44.632   100°  screens=1  raw: 01 64 00
15:10:44.737   100°  screens=1  raw: 01 64 00
15:10:44.842   100°  screens=1  raw: 01 64 00
15:10:44.948   100°  screens=1  raw: 01 64 00
15:10:45.051   100°  screens=1  raw: 01 64 00
15:10:45.156   100°  screens=1  raw: 01 64 00
15:10:45.258   100°  screens=1  raw: 01 64 00
15:10:45.364   100°  screens=1  raw: 01 64 00
15:10:45.468   100°  screens=1  raw: 01 64 00
15:10:45.574   101°  screens=1  raw: 01 65 00
15:10:45.675   100°  screens=1  raw: 01 64 00
15:10:45.781   100°  screens=1  raw: 01 64 00
15:10:45.885   100°  screens=1  raw: 01 64 00
15:10:45.990   100°  screens=1  raw: 01 64 00
15:10:46.096   100°  screens=1  raw: 01 64 00
15:10:46.201   100°  screens=1  raw: 01 64 00
15:10:46.306   100°  screens=1  raw: 01 64 00
15:10:46.412   100°  screens=1  raw: 01 64 00
15:10:46.520   100°  screens=1  raw: 01 64 00
15:10:46.623   100°  screens=1  raw: 01 64 00
15:10:46.729   100°  screens=1  raw: 01 64 00
15:10:46.834   100°  screens=1  raw: 01 64 00
15:10:46.940   100°  screens=1  raw: 01 64 00
15:10:47.045   100°  screens=1  raw: 01 64 00
15:10:47.150   100°  screens=1  raw: 01 64 00
15:10:47.256   100°  screens=1  raw: 01 64 00
15:10:47.362   100°  screens=1  raw: 01 64 00
15:10:47.465   100°  screens=1  raw: 01 64 00
15:10:47.570   100°  screens=1  raw: 01 64 00
15:10:47.676   101°  screens=1  raw: 01 65 00
15:10:47.779   100°  screens=1  raw: 01 64 00
15:10:47.885   100°  screens=1  raw: 01 64 00
15:10:47.990   100°  screens=1  raw: 01 64 00
15:10:48.098   100°  screens=1  raw: 01 64 00
15:10:48.201   101°  screens=1  raw: 01 65 00
15:10:48.306   100°  screens=1  raw: 01 64 00
15:10:48.408   100°  screens=1  raw: 01 64 00
15:10:48.514   100°  screens=1  raw: 01 64 00
15:10:48.620   100°  screens=1  raw: 01 64 00
15:10:48.725   101°  screens=1  raw: 01 65 00
15:10:48.826   100°  screens=1  raw: 01 64 00
15:10:48.931   100°  screens=1  raw: 01 64 00
15:10:49.036   100°  screens=1  raw: 01 64 00
15:10:49.139   100°  screens=1  raw: 01 64 00
15:10:49.245   100°  screens=1  raw: 01 64 00
15:10:49.348   100°  screens=1  raw: 01 64 00
15:10:49.453   101°  screens=1  raw: 01 65 00
15:10:49.558   100°  screens=1  raw: 01 64 00
15:10:49.666   100°  screens=1  raw: 01 64 00
15:10:49.772   100°  screens=1  raw: 01 64 00
15:10:49.877   100°  screens=1  raw: 01 64 00
15:10:49.978   100°  screens=1  raw: 01 64 00
15:10:50.082   100°  screens=1  raw: 01 64 00
15:10:50.184   100°  screens=1  raw: 01 64 00
15:10:50.290   100°  screens=1  raw: 01 64 00
15:10:50.394   101°  screens=1  raw: 01 65 00
15:10:50.499   100°  screens=1  raw: 01 64 00
15:10:50.605   100°  screens=1  raw: 01 64 00
15:10:50.711   100°  screens=1  raw: 01 64 00
15:10:50.817   100°  screens=1  raw: 01 64 00
15:10:50.923   100°  screens=1  raw: 01 64 00
15:10:51.028   101°  screens=1  raw: 01 65 00
15:10:51.136   101°  screens=1  raw: 01 65 00
15:10:51.241   101°  screens=1  raw: 01 65 00
15:10:51.344   100°  screens=1  raw: 01 64 00
15:10:51.450   100°  screens=1  raw: 01 64 00
15:10:51.551   100°  screens=1  raw: 01 64 00
15:10:51.657   100°  screens=1  raw: 01 64 00
15:10:51.759   100°  screens=1  raw: 01 64 00
15:10:51.863   100°  screens=1  raw: 01 64 00
15:10:51.969   100°  screens=1  raw: 01 64 00
15:10:52.071   101°  screens=1  raw: 01 65 00
15:10:52.177   100°  screens=1  raw: 01 64 00
15:10:52.279   100°  screens=1  raw: 01 64 00
15:10:52.380   101°  screens=1  raw: 01 65 00
15:10:52.485   100°  screens=1  raw: 01 64 00
15:10:52.589   100°  screens=1  raw: 01 64 00
15:10:52.691   100°  screens=1  raw: 01 64 00
15:10:52.798   100°  screens=1  raw: 01 64 00
15:10:52.902   100°  screens=1  raw: 01 64 00
15:10:53.004   100°  screens=1  raw: 01 64 00
15:10:53.112   100°  screens=1  raw: 01 64 00
15:10:53.221   100°  screens=1  raw: 01 64 00
15:10:53.324   100°  screens=1  raw: 01 64 00
15:10:53.427   100°  screens=1  raw: 01 64 00
15:10:53.531   100°  screens=1  raw: 01 64 00
15:10:53.639   100°  screens=1  raw: 01 64 00
15:10:53.745   100°  screens=1  raw: 01 64 00
15:10:53.851   101°  screens=1  raw: 01 65 00
15:10:53.957   100°  screens=1  raw: 01 64 00
15:10:54.063   100°  screens=1  raw: 01 64 00
15:10:54.168   100°  screens=1  raw: 01 64 00
15:10:54.274   100°  screens=1  raw: 01 64 00
15:10:54.380   101°  screens=1  raw: 01 65 00
15:10:54.486   100°  screens=1  raw: 01 64 00
15:10:54.588   100°  screens=1  raw: 01 64 00
15:10:54.692   100°  screens=1  raw: 01 64 00
15:10:54.798   100°  screens=1  raw: 01 64 00
15:10:54.902   100°  screens=1  raw: 01 64 00
15:10:55.008   100°  screens=1  raw: 01 64 00
15:10:55.113   100°  screens=1  raw: 01 64 00
15:10:55.217   100°  screens=1  raw: 01 64 00
15:10:55.321   100°  screens=1  raw: 01 64 00
15:10:55.425   100°  screens=1  raw: 01 64 00
15:10:55.530   100°  screens=1  raw: 01 64 00
15:10:55.635   100°  screens=1  raw: 01 64 00
15:10:55.739   100°  screens=1  raw: 01 64 00
15:10:55.845   100°  screens=1  raw: 01 64 00
15:10:55.946   100°  screens=1  raw: 01 64 00
15:10:56.052   100°  screens=1  raw: 01 64 00
15:10:56.155   100°  screens=1  raw: 01 64 00
15:10:56.261   100°  screens=1  raw: 01 64 00
15:10:56.366   100°  screens=1  raw: 01 64 00
15:10:56.468   100°  screens=1  raw: 01 64 00
15:10:56.571   100°  screens=1  raw: 01 64 00
15:10:56.675   100°  screens=1  raw: 01 64 00
15:10:56.781   101°  screens=1  raw: 01 65 00
15:10:56.886   100°  screens=1  raw: 01 64 00
15:10:56.993   100°  screens=1  raw: 01 64 00
15:10:57.102   100°  screens=1  raw: 01 64 00
15:10:57.205   100°  screens=1  raw: 01 64 00
15:10:57.310   100°  screens=1  raw: 01 64 00
15:10:57.413   101°  screens=1  raw: 01 65 00
15:10:57.517   101°  screens=1  raw: 01 65 00
15:10:57.618   100°  screens=1  raw: 01 64 00
15:10:57.722   100°  screens=1  raw: 01 64 00
15:10:57.824   101°  screens=1  raw: 01 65 00
15:10:57.930   100°  screens=1  raw: 01 64 00
15:10:58.033   100°  screens=1  raw: 01 64 00
15:10:58.140   100°  screens=1  raw: 01 64 00
15:10:58.243   100°  screens=1  raw: 01 64 00
15:10:58.347   100°  screens=1  raw: 01 64 00
15:10:58.452   100°  screens=1  raw: 01 64 00
15:10:58.556   100°  screens=1  raw: 01 64 00
15:10:58.662   100°  screens=1  raw: 01 64 00
15:10:58.769   101°  screens=1  raw: 01 65 00
15:10:58.873   100°  screens=1  raw: 01 64 00
15:10:58.976   100°  screens=1  raw: 01 64 00
15:10:59.082   100°  screens=1  raw: 01 64 00
15:10:59.185   100°  screens=1  raw: 01 64 00
15:10:59.288   100°  screens=1  raw: 01 64 00
15:10:59.394   100°  screens=1  raw: 01 64 00
15:10:59.499   100°  screens=1  raw: 01 64 00
15:10:59.602   100°  screens=1  raw: 01 64 00
15:10:59.705   100°  screens=1  raw: 01 64 00
15:10:59.811   100°  screens=1  raw: 01 64 00
15:10:59.916   100°  screens=1  raw: 01 64 00
15:11:00.021   101°  screens=1  raw: 01 65 00
15:11:00.126   100°  screens=1  raw: 01 64 00
15:11:00.231   100°  screens=1  raw: 01 64 00
15:11:00.341   101°  screens=1  raw: 01 65 00
15:11:00.446   101°  screens=1  raw: 01 65 00
15:11:00.552   100°  screens=1  raw: 01 64 00
15:11:00.656   100°  screens=1  raw: 01 64 00
15:11:00.761   101°  screens=1  raw: 01 65 00
15:11:00.867   100°  screens=1  raw: 01 64 00
15:11:00.971   100°  screens=1  raw: 01 64 00
15:11:01.077   100°  screens=1  raw: 01 64 00
15:11:01.182   100°  screens=1  raw: 01 64 00
15:11:01.287   100°  screens=1  raw: 01 64 00
15:11:01.393   100°  screens=1  raw: 01 64 00
15:11:01.495   100°  screens=1  raw: 01 64 00
15:11:01.600   100°  screens=1  raw: 01 64 00
15:11:01.705   100°  screens=1  raw: 01 64 00
15:11:01.809   100°  screens=1  raw: 01 64 00
15:11:01.912   100°  screens=1  raw: 01 64 00
15:11:02.017   100°  screens=1  raw: 01 64 00
15:11:02.121   100°  screens=1  raw: 01 64 00
15:11:02.225   100°  screens=1  raw: 01 64 00
15:11:02.336   100°  screens=1  raw: 01 64 00
15:11:02.441   100°  screens=1  raw: 01 64 00
15:11:02.547   100°  screens=1  raw: 01 64 00
15:11:02.653   100°  screens=1  raw: 01 64 00
15:11:02.761   100°  screens=1  raw: 01 64 00
15:11:02.867   100°  screens=1  raw: 01 64 00
15:11:02.969   100°  screens=1  raw: 01 64 00
15:11:03.074   100°  screens=1  raw: 01 64 00
15:11:03.179   100°  screens=1  raw: 01 64 00
15:11:03.286   100°  screens=1  raw: 01 64 00
15:11:03.391   100°  screens=1  raw: 01 64 00
15:11:03.498   100°  screens=1  raw: 01 64 00
15:11:03.599   100°  screens=1  raw: 01 64 00
15:11:03.705   100°  screens=1  raw: 01 64 00
15:11:03.811   100°  screens=1  raw: 01 64 00
15:11:03.913   100°  screens=1  raw: 01 64 00
15:11:04.019   100°  screens=1  raw: 01 64 00
15:11:04.125   101°  screens=1  raw: 01 65 00
15:11:04.231   100°  screens=1  raw: 01 64 00
15:11:04.337   100°  screens=1  raw: 01 64 00
15:11:04.438   100°  screens=1  raw: 01 64 00
15:11:04.544   100°  screens=1  raw: 01 64 00
15:11:04.646   100°  screens=1  raw: 01 64 00
15:11:04.752   100°  screens=1  raw: 01 64 00
15:11:04.858   100°  screens=1  raw: 01 64 00
15:11:04.963   101°  screens=1  raw: 01 65 00
15:11:05.067   100°  screens=1  raw: 01 64 00
15:11:05.178   100°  screens=1  raw: 01 64 00
15:11:05.280   100°  screens=1  raw: 01 64 00
15:11:05.384   100°  screens=1  raw: 01 64 00
15:11:05.487   100°  screens=1  raw: 01 64 00
15:11:05.593   100°  screens=1  raw: 01 64 00
15:11:05.694   100°  screens=1  raw: 01 64 00
15:11:05.796   100°  screens=1  raw: 01 64 00
15:11:05.902   100°  screens=1  raw: 01 64 00
15:11:06.003   100°  screens=1  raw: 01 64 00
15:11:06.110   100°  screens=1  raw: 01 64 00
15:11:06.212   100°  screens=1  raw: 01 64 00
15:11:06.314   100°  screens=1  raw: 01 64 00
15:11:06.416   100°  screens=1  raw: 01 64 00
15:11:06.519   100°  screens=1  raw: 01 64 00
15:11:06.630   100°  screens=1  raw: 01 64 00
15:11:06.735   100°  screens=1  raw: 01 64 00
15:11:06.838   100°  screens=1  raw: 01 64 00
15:11:06.943   100°  screens=1  raw: 01 64 00
15:11:07.047   100°  screens=1  raw: 01 64 00
15:11:07.151   100°  screens=1  raw: 01 64 00
15:11:07.255   100°  screens=1  raw: 01 64 00
15:11:07.360   100°  screens=1  raw: 01 64 00
15:11:07.461   100°  screens=1  raw: 01 64 00
15:11:07.599   101°  screens=1  raw: 01 65 00
15:11:07.703   100°  screens=1  raw: 01 64 00
15:11:07.808   101°  screens=1  raw: 01 65 00
15:11:07.909   100°  screens=1  raw: 01 64 00
15:11:08.015   101°  screens=1  raw: 01 65 00
15:11:08.120   100°  screens=1  raw: 01 64 00
15:11:08.224   100°  screens=1  raw: 01 64 00
15:11:08.330   100°  screens=1  raw: 01 64 00
15:11:08.436   100°  screens=1  raw: 01 64 00
15:11:08.540   100°  screens=1  raw: 01 64 00
15:11:08.645   100°  screens=1  raw: 01 64 00
15:11:08.746   100°  screens=1  raw: 01 64 00
15:11:08.850   100°  screens=1  raw: 01 64 00
15:11:08.951   100°  screens=1  raw: 01 64 00
15:11:09.057   100°  screens=1  raw: 01 64 00
15:11:09.163   100°  screens=1  raw: 01 64 00
15:11:09.269   100°  screens=1  raw: 01 64 00
15:11:09.371   100°  screens=1  raw: 01 64 00
15:11:09.478   100°  screens=1  raw: 01 64 00
15:11:09.583   100°  screens=1  raw: 01 64 00
15:11:09.688   100°  screens=1  raw: 01 64 00
15:11:09.791   100°  screens=1  raw: 01 64 00
15:11:09.894   100°  screens=1  raw: 01 64 00
15:11:10.000   100°  screens=1  raw: 01 64 00
15:11:10.105   101°  screens=1  raw: 01 65 00
15:11:10.206   100°  screens=1  raw: 01 64 00
15:11:10.312   100°  screens=1  raw: 01 64 00
15:11:10.418   100°  screens=1  raw: 01 64 00
15:11:10.524   100°  screens=1  raw: 01 64 00
15:11:10.626   100°  screens=1  raw: 01 64 00
15:11:10.731   100°  screens=1  raw: 01 64 00
15:11:10.836   100°  screens=1  raw: 01 64 00
15:11:10.942   101°  screens=1  raw: 01 65 00
15:11:11.044   100°  screens=1  raw: 01 64 00
15:11:11.146   101°  screens=1  raw: 01 65 00
15:11:11.252   100°  screens=1  raw: 01 64 00
15:11:11.358   100°  screens=1  raw: 01 64 00
15:11:11.464   100°  screens=1  raw: 01 64 00
15:11:11.570   100°  screens=1  raw: 01 64 00
15:11:11.675   100°  screens=1  raw: 01 64 00
15:11:11.780   100°  screens=1  raw: 01 64 00
15:11:11.885   100°  screens=1  raw: 01 64 00
15:11:11.991   100°  screens=1  raw: 01 64 00
15:11:12.097   100°  screens=1  raw: 01 64 00
15:11:12.199   100°  screens=1  raw: 01 64 00
15:11:12.306   100°  screens=1  raw: 01 64 00
15:11:12.407   100°  screens=1  raw: 01 64 00
15:11:12.508   100°  screens=1  raw: 01 64 00
15:11:12.611   101°  screens=1  raw: 01 65 00
15:11:12.717   100°  screens=1  raw: 01 64 00
15:11:12.823   101°  screens=1  raw: 01 65 00
15:11:12.926   100°  screens=1  raw: 01 64 00
15:11:13.032   100°  screens=1  raw: 01 64 00
15:11:13.136   100°  screens=1  raw: 01 64 00
15:11:13.238   101°  screens=1  raw: 01 65 00
15:11:13.344   100°  screens=1  raw: 01 64 00
15:11:13.449   100°  screens=1  raw: 01 64 00
15:11:13.555   100°  screens=1  raw: 01 64 00
15:11:13.660   100°  screens=1  raw: 01 64 00
15:11:13.764   100°  screens=1  raw: 01 64 00
15:11:13.869   100°  screens=1  raw: 01 64 00
15:11:13.974   100°  screens=1  raw: 01 64 00
15:11:14.079   100°  screens=1  raw: 01 64 00
15:11:14.185   100°  screens=1  raw: 01 64 00
15:11:14.289   100°  screens=1  raw: 01 64 00
15:11:14.392   100°  screens=1  raw: 01 64 00
15:11:14.495   100°  screens=1  raw: 01 64 00
15:11:14.596   100°  screens=1  raw: 01 64 00
15:11:14.702   100°  screens=1  raw: 01 64 00
15:11:14.808   100°  screens=1  raw: 01 64 00
15:11:14.913   100°  screens=1  raw: 01 64 00
15:11:15.019   100°  screens=1  raw: 01 64 00
15:11:15.121   100°  screens=1  raw: 01 64 00
15:11:15.227   100°  screens=1  raw: 01 64 00
15:11:15.332   101°  screens=1  raw: 01 65 00
15:11:15.436   100°  screens=1  raw: 01 64 00
15:11:15.538   101°  screens=1  raw: 01 65 00
15:11:15.641   100°  screens=1  raw: 01 64 00
15:11:15.744   100°  screens=1  raw: 01 64 00
15:11:15.852   100°  screens=1  raw: 01 64 00
15:11:15.958   100°  screens=1  raw: 01 64 00
15:11:16.060   100°  screens=1  raw: 01 64 00
15:11:16.166   100°  screens=1  raw: 01 64 00
15:11:16.274   100°  screens=1  raw: 01 64 00
15:11:16.380   100°  screens=1  raw: 01 64 00
15:11:16.481   100°  screens=1  raw: 01 64 00
15:11:16.586   100°  screens=1  raw: 01 64 00
15:11:16.688   100°  screens=1  raw: 01 64 00
15:11:16.792   100°  screens=1  raw: 01 64 00
15:11:16.897   101°  screens=1  raw: 01 65 00
15:11:17.002   100°  screens=1  raw: 01 64 00
15:11:17.108   100°  screens=1  raw: 01 64 00
15:11:17.214   100°  screens=1  raw: 01 64 00
15:11:17.319   100°  screens=1  raw: 01 64 00
15:11:17.425   100°  screens=1  raw: 01 64 00
15:11:17.531   100°  screens=1  raw: 01 64 00
15:11:17.633   100°  screens=1  raw: 01 64 00
15:11:17.738   100°  screens=1  raw: 01 64 00
15:11:17.844   100°  screens=1  raw: 01 64 00
15:11:17.949   100°  screens=1  raw: 01 64 00
15:11:18.055   100°  screens=1  raw: 01 64 00
15:11:18.160   100°  screens=1  raw: 01 64 00
15:11:18.266   100°  screens=1  raw: 01 64 00
15:11:18.371   100°  screens=1  raw: 01 64 00
15:11:18.477   100°  screens=1  raw: 01 64 00
15:11:18.578   100°  screens=1  raw: 01 64 00
15:11:18.680   100°  screens=1  raw: 01 64 00
15:11:18.786   100°  screens=1  raw: 01 64 00
15:11:18.889   100°  screens=1  raw: 01 64 00
15:11:18.995   100°  screens=1  raw: 01 64 00
15:11:19.097   100°  screens=1  raw: 01 64 00
15:11:19.203   101°  screens=1  raw: 01 65 00
15:11:19.305   100°  screens=1  raw: 01 64 00
15:11:19.410   100°  screens=1  raw: 01 64 00
15:11:19.516   100°  screens=1  raw: 01 64 00
15:11:19.617   100°  screens=1  raw: 01 64 00
15:11:19.724   100°  screens=1  raw: 01 64 00
15:11:19.829   100°  screens=1  raw: 01 64 00
15:11:19.935   100°  screens=1  raw: 01 64 00
15:11:20.041   100°  screens=1  raw: 01 64 00
15:11:20.143   101°  screens=1  raw: 01 65 00
15:11:20.247   100°  screens=1  raw: 01 64 00
15:11:20.348   100°  screens=1  raw: 01 64 00
15:11:20.449   100°  screens=1  raw: 01 64 00
15:11:20.554   101°  screens=1  raw: 01 65 00
15:11:20.660   100°  screens=1  raw: 01 64 00
15:11:20.766   100°  screens=1  raw: 01 64 00
15:11:20.873   100°  screens=1  raw: 01 64 00
15:11:20.976   100°  screens=1  raw: 01 64 00
15:11:21.083   100°  screens=1  raw: 01 64 00
15:11:21.188   100°  screens=1  raw: 01 64 00
15:11:21.293   100°  screens=1  raw: 01 64 00
15:11:21.397   100°  screens=1  raw: 01 64 00
15:11:21.503   100°  screens=1  raw: 01 64 00
15:11:21.607   101°  screens=1  raw: 01 65 00
15:11:21.712   100°  screens=1  raw: 01 64 00
15:11:21.818   100°  screens=1  raw: 01 64 00
15:11:21.921   100°  screens=1  raw: 01 64 00
15:11:22.026   100°  screens=1  raw: 01 64 00
15:11:22.131   100°  screens=1  raw: 01 64 00
15:11:22.237   100°  screens=1  raw: 01 64 00
15:11:22.342   100°  screens=1  raw: 01 64 00
15:11:22.448   100°  screens=1  raw: 01 64 00
15:11:22.554   100°  screens=1  raw: 01 64 00
15:11:22.658   101°  screens=1  raw: 01 65 00
15:11:22.762   100°  screens=1  raw: 01 64 00
15:11:22.868   100°  screens=1  raw: 01 64 00
15:11:22.974   100°  screens=1  raw: 01 64 00
15:11:23.076   100°  screens=1  raw: 01 64 00
15:11:23.181   100°  screens=1  raw: 01 64 00
15:11:23.286   100°  screens=1  raw: 01 64 00
15:11:23.388   100°  screens=1  raw: 01 64 00
15:11:23.494   100°  screens=1  raw: 01 64 00
15:11:23.596   100°  screens=1  raw: 01 64 00
15:11:23.700   100°  screens=1  raw: 01 64 00
15:11:23.802   100°  screens=1  raw: 01 64 00
15:11:23.904   100°  screens=1  raw: 01 64 00
15:11:24.008   100°  screens=1  raw: 01 64 00
15:11:24.113   101°  screens=1  raw: 01 65 00
15:11:24.220   100°  screens=1  raw: 01 64 00
15:11:24.325   100°  screens=1  raw: 01 64 00
