# Startup grace, 2026-08-12, MacBookPro18,3. Ajar launched 15:02:24.3 with the lid already at 37°.
# Lid then sat in the low zone for 72 s: no mute at all. Mic state (device 90), 5 Hz:
15:02:24.446  device=90  live
done
# Spot check after the loggers expired: 15:04:13 MUTED — the app answered the next gesture.
# Lid angle, 10 Hz:
15:02:25.531    37°  screens=1  raw: 01 25 00
15:02:25.759    37°  screens=1  raw: 01 25 00
15:02:25.860    37°  screens=1  raw: 01 25 00
15:02:25.965    37°  screens=1  raw: 01 25 00
15:02:26.068    37°  screens=1  raw: 01 25 00
15:02:26.174    37°  screens=1  raw: 01 25 00
15:02:26.279    37°  screens=1  raw: 01 25 00
15:02:26.386    37°  screens=1  raw: 01 25 00
15:02:26.492    37°  screens=1  raw: 01 25 00
15:02:26.594    37°  screens=1  raw: 01 25 00
15:02:26.700    37°  screens=1  raw: 01 25 00
15:02:26.806    37°  screens=1  raw: 01 25 00
15:02:26.912    37°  screens=1  raw: 01 25 00
15:02:27.015    37°  screens=1  raw: 01 25 00
15:02:27.120    37°  screens=1  raw: 01 25 00
15:02:27.225    37°  screens=1  raw: 01 25 00
15:02:27.331    37°  screens=1  raw: 01 25 00
15:02:27.436    37°  screens=1  raw: 01 25 00
15:02:27.540    37°  screens=1  raw: 01 25 00
15:02:27.647    37°  screens=1  raw: 01 25 00
15:02:27.751    37°  screens=1  raw: 01 25 00
15:02:27.857    37°  screens=1  raw: 01 25 00
15:02:27.960    37°  screens=1  raw: 01 25 00
15:02:28.063    37°  screens=1  raw: 01 25 00
15:02:28.167    37°  screens=1  raw: 01 25 00
15:02:28.274    37°  screens=1  raw: 01 25 00
15:02:28.379    37°  screens=1  raw: 01 25 00
15:02:28.485    37°  screens=1  raw: 01 25 00
15:02:28.589    37°  screens=1  raw: 01 25 00
15:02:28.695    37°  screens=1  raw: 01 25 00
15:02:28.797    37°  screens=1  raw: 01 25 00
15:02:28.900    37°  screens=1  raw: 01 25 00
15:02:29.006    37°  screens=1  raw: 01 25 00
15:02:29.109    37°  screens=1  raw: 01 25 00
15:02:29.215    37°  screens=1  raw: 01 25 00
15:02:29.317    37°  screens=1  raw: 01 25 00
15:02:29.422    37°  screens=1  raw: 01 25 00
15:02:29.527    37°  screens=1  raw: 01 25 00
15:02:29.629    37°  screens=1  raw: 01 25 00
15:02:29.735    37°  screens=1  raw: 01 25 00
15:02:29.837    37°  screens=1  raw: 01 25 00
15:02:29.943    37°  screens=1  raw: 01 25 00
15:02:30.048    37°  screens=1  raw: 01 25 00
15:02:30.154    37°  screens=1  raw: 01 25 00
15:02:30.260    37°  screens=1  raw: 01 25 00
15:02:30.363    37°  screens=1  raw: 01 25 00
15:02:30.469    37°  screens=1  raw: 01 25 00
15:02:30.570    37°  screens=1  raw: 01 25 00
15:02:30.675    37°  screens=1  raw: 01 25 00
15:02:30.781    37°  screens=1  raw: 01 25 00
15:02:30.887    37°  screens=1  raw: 01 25 00
15:02:30.988    37°  screens=1  raw: 01 25 00
15:02:31.094    37°  screens=1  raw: 01 25 00
15:02:31.199    37°  screens=1  raw: 01 25 00
15:02:31.304    37°  screens=1  raw: 01 25 00
15:02:31.410    37°  screens=1  raw: 01 25 00
15:02:31.516    37°  screens=1  raw: 01 25 00
15:02:31.621    37°  screens=1  raw: 01 25 00
15:02:31.726    37°  screens=1  raw: 01 25 00
15:02:31.832    37°  screens=1  raw: 01 25 00
15:02:31.936    37°  screens=1  raw: 01 25 00
15:02:32.039    37°  screens=1  raw: 01 25 00
15:02:32.145    37°  screens=1  raw: 01 25 00
15:02:32.252    37°  screens=1  raw: 01 25 00
15:02:32.356    37°  screens=1  raw: 01 25 00
15:02:32.461    37°  screens=1  raw: 01 25 00
15:02:32.567    37°  screens=1  raw: 01 25 00
15:02:32.672    37°  screens=1  raw: 01 25 00
15:02:32.782    37°  screens=1  raw: 01 25 00
15:02:32.885    37°  screens=1  raw: 01 25 00
15:02:32.990    37°  screens=1  raw: 01 25 00
15:02:33.096    37°  screens=1  raw: 01 25 00
15:02:33.200    37°  screens=1  raw: 01 25 00
15:02:33.306    37°  screens=1  raw: 01 25 00
15:02:33.413    37°  screens=1  raw: 01 25 00
15:02:33.516    37°  screens=1  raw: 01 25 00
15:02:33.621    37°  screens=1  raw: 01 25 00
15:02:33.726    37°  screens=1  raw: 01 25 00
15:02:33.831    37°  screens=1  raw: 01 25 00
15:02:33.938    37°  screens=1  raw: 01 25 00
15:02:34.045    37°  screens=1  raw: 01 25 00
15:02:34.151    37°  screens=1  raw: 01 25 00
15:02:34.258    37°  screens=1  raw: 01 25 00
15:02:34.364    37°  screens=1  raw: 01 25 00
15:02:34.466    37°  screens=1  raw: 01 25 00
15:02:34.569    37°  screens=1  raw: 01 25 00
15:02:34.675    37°  screens=1  raw: 01 25 00
15:02:34.782    37°  screens=1  raw: 01 25 00
15:02:34.888    37°  screens=1  raw: 01 25 00
15:02:34.995    37°  screens=1  raw: 01 25 00
15:02:35.099    37°  screens=1  raw: 01 25 00
15:02:35.204    37°  screens=1  raw: 01 25 00
15:02:35.311    37°  screens=1  raw: 01 25 00
15:02:35.416    37°  screens=1  raw: 01 25 00
15:02:35.521    37°  screens=1  raw: 01 25 00
15:02:35.627    37°  screens=1  raw: 01 25 00
15:02:35.733    37°  screens=1  raw: 01 25 00
15:02:35.834    37°  screens=1  raw: 01 25 00
15:02:35.938    37°  screens=1  raw: 01 25 00
15:02:36.044    37°  screens=1  raw: 01 25 00
15:02:36.147    37°  screens=1  raw: 01 25 00
15:02:36.251    37°  screens=1  raw: 01 25 00
15:02:36.357    37°  screens=1  raw: 01 25 00
15:02:36.463    37°  screens=1  raw: 01 25 00
15:02:36.570    37°  screens=1  raw: 01 25 00
15:02:36.674    37°  screens=1  raw: 01 25 00
15:02:36.780    37°  screens=1  raw: 01 25 00
15:02:36.889    37°  screens=1  raw: 01 25 00
15:02:36.992    37°  screens=1  raw: 01 25 00
15:02:37.098    37°  screens=1  raw: 01 25 00
15:02:37.201    37°  screens=1  raw: 01 25 00
15:02:37.307    37°  screens=1  raw: 01 25 00
15:02:37.410    37°  screens=1  raw: 01 25 00
15:02:37.513    37°  screens=1  raw: 01 25 00
15:02:37.620    37°  screens=1  raw: 01 25 00
15:02:37.727    37°  screens=1  raw: 01 25 00
15:02:37.834    37°  screens=1  raw: 01 25 00
15:02:37.941    37°  screens=1  raw: 01 25 00
15:02:38.044    37°  screens=1  raw: 01 25 00
15:02:38.149    37°  screens=1  raw: 01 25 00
15:02:38.257    37°  screens=1  raw: 01 25 00
15:02:38.361    37°  screens=1  raw: 01 25 00
15:02:38.468    37°  screens=1  raw: 01 25 00
15:02:38.571    37°  screens=1  raw: 01 25 00
15:02:38.676    37°  screens=1  raw: 01 25 00
15:02:38.782    37°  screens=1  raw: 01 25 00
15:02:38.888    37°  screens=1  raw: 01 25 00
15:02:38.992    37°  screens=1  raw: 01 25 00
15:02:39.099    37°  screens=1  raw: 01 25 00
15:02:39.205    37°  screens=1  raw: 01 25 00
15:02:39.311    37°  screens=1  raw: 01 25 00
15:02:39.414    37°  screens=1  raw: 01 25 00
15:02:39.518    37°  screens=1  raw: 01 25 00
15:02:39.624    37°  screens=1  raw: 01 25 00
15:02:39.728    37°  screens=1  raw: 01 25 00
15:02:39.834    37°  screens=1  raw: 01 25 00
15:02:39.940    37°  screens=1  raw: 01 25 00
15:02:40.047    37°  screens=1  raw: 01 25 00
15:02:40.150    37°  screens=1  raw: 01 25 00
15:02:40.259    37°  screens=1  raw: 01 25 00
15:02:40.366    37°  screens=1  raw: 01 25 00
15:02:40.473    37°  screens=1  raw: 01 25 00
15:02:40.579    37°  screens=1  raw: 01 25 00
15:02:40.684    37°  screens=1  raw: 01 25 00
15:02:40.790    37°  screens=1  raw: 01 25 00
15:02:40.896    37°  screens=1  raw: 01 25 00
15:02:41.001    37°  screens=1  raw: 01 25 00
15:02:41.104    37°  screens=1  raw: 01 25 00
15:02:41.214    37°  screens=1  raw: 01 25 00
15:02:41.320    37°  screens=1  raw: 01 25 00
15:02:41.427    37°  screens=1  raw: 01 25 00
15:02:41.533    37°  screens=1  raw: 01 25 00
15:02:41.640    37°  screens=1  raw: 01 25 00
15:02:41.745    37°  screens=1  raw: 01 25 00
15:02:41.851    37°  screens=1  raw: 01 25 00
15:02:41.954    37°  screens=1  raw: 01 25 00
15:02:42.063    37°  screens=1  raw: 01 25 00
15:02:42.171    37°  screens=1  raw: 01 25 00
15:02:42.281    37°  screens=1  raw: 01 25 00
15:02:42.386    37°  screens=1  raw: 01 25 00
15:02:42.493    37°  screens=1  raw: 01 25 00
15:02:42.598    37°  screens=1  raw: 01 25 00
15:02:42.704    37°  screens=1  raw: 01 25 00
15:02:42.810    37°  screens=1  raw: 01 25 00
15:02:42.917    37°  screens=1  raw: 01 25 00
15:02:43.025    37°  screens=1  raw: 01 25 00
15:02:43.132    37°  screens=1  raw: 01 25 00
15:02:43.238    37°  screens=1  raw: 01 25 00
15:02:43.344    37°  screens=1  raw: 01 25 00
15:02:43.450    37°  screens=1  raw: 01 25 00
15:02:43.556    37°  screens=1  raw: 01 25 00
15:02:43.661    37°  screens=1  raw: 01 25 00
15:02:43.763    37°  screens=1  raw: 01 25 00
15:02:43.868    37°  screens=1  raw: 01 25 00
15:02:43.973    37°  screens=1  raw: 01 25 00
15:02:44.079    37°  screens=1  raw: 01 25 00
15:02:44.186    37°  screens=1  raw: 01 25 00
15:02:44.289    37°  screens=1  raw: 01 25 00
15:02:44.392    37°  screens=1  raw: 01 25 00
15:02:44.498    37°  screens=1  raw: 01 25 00
15:02:44.604    37°  screens=1  raw: 01 25 00
15:02:44.707    37°  screens=1  raw: 01 25 00
15:02:44.811    37°  screens=1  raw: 01 25 00
15:02:44.919    37°  screens=1  raw: 01 25 00
15:02:45.023    37°  screens=1  raw: 01 25 00
15:02:45.130    37°  screens=1  raw: 01 25 00
15:02:45.237    37°  screens=1  raw: 01 25 00
15:02:45.343    37°  screens=1  raw: 01 25 00
15:02:45.449    37°  screens=1  raw: 01 25 00
15:02:45.555    37°  screens=1  raw: 01 25 00
15:02:45.658    37°  screens=1  raw: 01 25 00
15:02:45.764    37°  screens=1  raw: 01 25 00
15:02:45.865    37°  screens=1  raw: 01 25 00
15:02:45.968    37°  screens=1  raw: 01 25 00
15:02:46.074    37°  screens=1  raw: 01 25 00
15:02:46.175    37°  screens=1  raw: 01 25 00
15:02:46.276    37°  screens=1  raw: 01 25 00
15:02:46.377    37°  screens=1  raw: 01 25 00
15:02:46.484    37°  screens=1  raw: 01 25 00
15:02:46.589    37°  screens=1  raw: 01 25 00
15:02:46.695    37°  screens=1  raw: 01 25 00
15:02:46.801    37°  screens=1  raw: 01 25 00
15:02:46.907    37°  screens=1  raw: 01 25 00
15:02:47.009    37°  screens=1  raw: 01 25 00
15:02:47.113    37°  screens=1  raw: 01 25 00
15:02:47.214    37°  screens=1  raw: 01 25 00
15:02:47.318    37°  screens=1  raw: 01 25 00
15:02:47.425    37°  screens=1  raw: 01 25 00
15:02:47.530    37°  screens=1  raw: 01 25 00
15:02:47.636    37°  screens=1  raw: 01 25 00
15:02:47.742    37°  screens=1  raw: 01 25 00
15:02:47.843    37°  screens=1  raw: 01 25 00
15:02:47.950    37°  screens=1  raw: 01 25 00
15:02:48.053    37°  screens=1  raw: 01 25 00
15:02:48.155    37°  screens=1  raw: 01 25 00
15:02:48.259    37°  screens=1  raw: 01 25 00
15:02:48.365    37°  screens=1  raw: 01 25 00
15:02:48.469    37°  screens=1  raw: 01 25 00
15:02:48.574    37°  screens=1  raw: 01 25 00
15:02:48.676    37°  screens=1  raw: 01 25 00
15:02:48.780    37°  screens=1  raw: 01 25 00
15:02:48.886    37°  screens=1  raw: 01 25 00
15:02:48.992    37°  screens=1  raw: 01 25 00
15:02:49.093    37°  screens=1  raw: 01 25 00
15:02:49.196    37°  screens=1  raw: 01 25 00
15:02:49.299    37°  screens=1  raw: 01 25 00
15:02:49.403    37°  screens=1  raw: 01 25 00
15:02:49.505    37°  screens=1  raw: 01 25 00
15:02:49.608    37°  screens=1  raw: 01 25 00
15:02:49.715    37°  screens=1  raw: 01 25 00
15:02:49.820    37°  screens=1  raw: 01 25 00
15:02:49.923    37°  screens=1  raw: 01 25 00
15:02:50.031    37°  screens=1  raw: 01 25 00
15:02:50.134    37°  screens=1  raw: 01 25 00
15:02:50.237    37°  screens=1  raw: 01 25 00
15:02:50.342    37°  screens=1  raw: 01 25 00
15:02:50.446    37°  screens=1  raw: 01 25 00
15:02:50.552    37°  screens=1  raw: 01 25 00
15:02:50.655    37°  screens=1  raw: 01 25 00
15:02:50.762    37°  screens=1  raw: 01 25 00
15:02:50.867    37°  screens=1  raw: 01 25 00
15:02:50.969    37°  screens=1  raw: 01 25 00
15:02:51.073    37°  screens=1  raw: 01 25 00
15:02:51.180    37°  screens=1  raw: 01 25 00
15:02:51.286    37°  screens=1  raw: 01 25 00
15:02:51.392    37°  screens=1  raw: 01 25 00
15:02:51.498    37°  screens=1  raw: 01 25 00
15:02:51.604    37°  screens=1  raw: 01 25 00
15:02:51.709    37°  screens=1  raw: 01 25 00
15:02:51.814    37°  screens=1  raw: 01 25 00
15:02:51.920    37°  screens=1  raw: 01 25 00
15:02:52.025    37°  screens=1  raw: 01 25 00
15:02:52.133    37°  screens=1  raw: 01 25 00
15:02:52.234    37°  screens=1  raw: 01 25 00
15:02:52.340    37°  screens=1  raw: 01 25 00
15:02:52.441    37°  screens=1  raw: 01 25 00
15:02:52.548    37°  screens=1  raw: 01 25 00
15:02:52.653    37°  screens=1  raw: 01 25 00
15:02:52.758    37°  screens=1  raw: 01 25 00
15:02:52.866    37°  screens=1  raw: 01 25 00
15:02:52.973    37°  screens=1  raw: 01 25 00
15:02:53.079    37°  screens=1  raw: 01 25 00
15:02:53.184    37°  screens=1  raw: 01 25 00
15:02:53.286    37°  screens=1  raw: 01 25 00
15:02:53.392    37°  screens=1  raw: 01 25 00
15:02:53.494    37°  screens=1  raw: 01 25 00
15:02:53.595    37°  screens=1  raw: 01 25 00
15:02:53.700    37°  screens=1  raw: 01 25 00
15:02:53.805    37°  screens=1  raw: 01 25 00
15:02:53.911    37°  screens=1  raw: 01 25 00
15:02:54.014    37°  screens=1  raw: 01 25 00
15:02:54.120    37°  screens=1  raw: 01 25 00
15:02:54.222    37°  screens=1  raw: 01 25 00
15:02:54.328    37°  screens=1  raw: 01 25 00
15:02:54.432    37°  screens=1  raw: 01 25 00
15:02:54.538    37°  screens=1  raw: 01 25 00
15:02:54.639    37°  screens=1  raw: 01 25 00
15:02:54.741    37°  screens=1  raw: 01 25 00
15:02:54.847    37°  screens=1  raw: 01 25 00
15:02:54.953    37°  screens=1  raw: 01 25 00
15:02:55.054    37°  screens=1  raw: 01 25 00
15:02:55.160    37°  screens=1  raw: 01 25 00
15:02:55.266    37°  screens=1  raw: 01 25 00
15:02:55.372    37°  screens=1  raw: 01 25 00
15:02:55.476    37°  screens=1  raw: 01 25 00
15:02:55.579    37°  screens=1  raw: 01 25 00
15:02:55.680    37°  screens=1  raw: 01 25 00
15:02:55.783    37°  screens=1  raw: 01 25 00
15:02:55.889    37°  screens=1  raw: 01 25 00
15:02:55.994    37°  screens=1  raw: 01 25 00
15:02:56.097    37°  screens=1  raw: 01 25 00
15:02:56.202    37°  screens=1  raw: 01 25 00
15:02:56.308    37°  screens=1  raw: 01 25 00
15:02:56.414    37°  screens=1  raw: 01 25 00
15:02:56.517    37°  screens=1  raw: 01 25 00
15:02:56.623    37°  screens=1  raw: 01 25 00
15:02:56.725    37°  screens=1  raw: 01 25 00
15:02:56.829    37°  screens=1  raw: 01 25 00
15:02:56.935    37°  screens=1  raw: 01 25 00
15:02:57.041    37°  screens=1  raw: 01 25 00
15:02:57.148    37°  screens=1  raw: 01 25 00
15:02:57.254    37°  screens=1  raw: 01 25 00
15:02:57.357    37°  screens=1  raw: 01 25 00
15:02:57.463    37°  screens=1  raw: 01 25 00
15:02:57.565    37°  screens=1  raw: 01 25 00
15:02:57.669    37°  screens=1  raw: 01 25 00
15:02:57.775    37°  screens=1  raw: 01 25 00
15:02:57.881    37°  screens=1  raw: 01 25 00
15:02:57.984    37°  screens=1  raw: 01 25 00
15:02:58.089    37°  screens=1  raw: 01 25 00
15:02:58.192    37°  screens=1  raw: 01 25 00
15:02:58.300    37°  screens=1  raw: 01 25 00
15:02:58.407    37°  screens=1  raw: 01 25 00
15:02:58.513    37°  screens=1  raw: 01 25 00
15:02:58.614    37°  screens=1  raw: 01 25 00
15:02:58.718    37°  screens=1  raw: 01 25 00
15:02:58.823    37°  screens=1  raw: 01 25 00
15:02:58.929    37°  screens=1  raw: 01 25 00
15:02:59.036    37°  screens=1  raw: 01 25 00
15:02:59.140    37°  screens=1  raw: 01 25 00
15:02:59.246    37°  screens=1  raw: 01 25 00
15:02:59.353    37°  screens=1  raw: 01 25 00
15:02:59.457    37°  screens=1  raw: 01 25 00
15:02:59.563    37°  screens=1  raw: 01 25 00
15:02:59.672    37°  screens=1  raw: 01 25 00
15:02:59.778    37°  screens=1  raw: 01 25 00
15:02:59.884    37°  screens=1  raw: 01 25 00
15:02:59.988    37°  screens=1  raw: 01 25 00
15:03:00.091    37°  screens=1  raw: 01 25 00
15:03:00.197    37°  screens=1  raw: 01 25 00
15:03:00.303    37°  screens=1  raw: 01 25 00
15:03:00.407    37°  screens=1  raw: 01 25 00
15:03:00.511    37°  screens=1  raw: 01 25 00
15:03:00.617    37°  screens=1  raw: 01 25 00
15:03:00.721    37°  screens=1  raw: 01 25 00
15:03:00.822    37°  screens=1  raw: 01 25 00
15:03:00.928    37°  screens=1  raw: 01 25 00
15:03:01.030    37°  screens=1  raw: 01 25 00
15:03:01.137    37°  screens=1  raw: 01 25 00
15:03:01.243    37°  screens=1  raw: 01 25 00
15:03:01.346    37°  screens=1  raw: 01 25 00
15:03:01.452    37°  screens=1  raw: 01 25 00
15:03:01.557    37°  screens=1  raw: 01 25 00
15:03:01.663    37°  screens=1  raw: 01 25 00
15:03:01.768    37°  screens=1  raw: 01 25 00
15:03:01.871    37°  screens=1  raw: 01 25 00
15:03:01.976    37°  screens=1  raw: 01 25 00
15:03:02.083    37°  screens=1  raw: 01 25 00
15:03:02.184    37°  screens=1  raw: 01 25 00
15:03:02.290    37°  screens=1  raw: 01 25 00
15:03:02.392    37°  screens=1  raw: 01 25 00
15:03:02.494    37°  screens=1  raw: 01 25 00
15:03:02.601    37°  screens=1  raw: 01 25 00
15:03:02.704    37°  screens=1  raw: 01 25 00
15:03:02.810    37°  screens=1  raw: 01 25 00
15:03:02.918    37°  screens=1  raw: 01 25 00
15:03:03.024    37°  screens=1  raw: 01 25 00
15:03:03.130    37°  screens=1  raw: 01 25 00
15:03:03.235    37°  screens=1  raw: 01 25 00
15:03:03.340    37°  screens=1  raw: 01 25 00
15:03:03.443    37°  screens=1  raw: 01 25 00
15:03:03.553    37°  screens=1  raw: 01 25 00
15:03:03.659    37°  screens=1  raw: 01 25 00
15:03:03.766    37°  screens=1  raw: 01 25 00
15:03:03.869    37°  screens=1  raw: 01 25 00
15:03:03.975    37°  screens=1  raw: 01 25 00
15:03:04.086    37°  screens=1  raw: 01 25 00
15:03:04.190    37°  screens=1  raw: 01 25 00
15:03:04.295    37°  screens=1  raw: 01 25 00
15:03:04.404    37°  screens=1  raw: 01 25 00
15:03:04.510    37°  screens=1  raw: 01 25 00
15:03:04.616    37°  screens=1  raw: 01 25 00
15:03:04.725    37°  screens=1  raw: 01 25 00
15:03:04.830    37°  screens=1  raw: 01 25 00
15:03:04.934    37°  screens=1  raw: 01 25 00
15:03:05.039    37°  screens=1  raw: 01 25 00
15:03:05.141    37°  screens=1  raw: 01 25 00
15:03:05.247    37°  screens=1  raw: 01 25 00
15:03:05.352    37°  screens=1  raw: 01 25 00
15:03:05.456    37°  screens=1  raw: 01 25 00
15:03:05.557    37°  screens=1  raw: 01 25 00
15:03:05.662    37°  screens=1  raw: 01 25 00
15:03:05.770    37°  screens=1  raw: 01 25 00
15:03:05.874    37°  screens=1  raw: 01 25 00
15:03:05.980    37°  screens=1  raw: 01 25 00
15:03:06.083    37°  screens=1  raw: 01 25 00
15:03:06.190    37°  screens=1  raw: 01 25 00
15:03:06.294    37°  screens=1  raw: 01 25 00
15:03:06.400    37°  screens=1  raw: 01 25 00
15:03:06.505    37°  screens=1  raw: 01 25 00
15:03:06.611    37°  screens=1  raw: 01 25 00
15:03:06.718    37°  screens=1  raw: 01 25 00
15:03:06.823    37°  screens=1  raw: 01 25 00
15:03:06.929    37°  screens=1  raw: 01 25 00
15:03:07.035    37°  screens=1  raw: 01 25 00
15:03:07.137    37°  screens=1  raw: 01 25 00
15:03:07.242    37°  screens=1  raw: 01 25 00
15:03:07.343    37°  screens=1  raw: 01 25 00
15:03:07.449    37°  screens=1  raw: 01 25 00
15:03:07.551    37°  screens=1  raw: 01 25 00
15:03:07.660    37°  screens=1  raw: 01 25 00
15:03:07.766    37°  screens=1  raw: 01 25 00
15:03:07.869    37°  screens=1  raw: 01 25 00
15:03:07.975    37°  screens=1  raw: 01 25 00
15:03:08.081    37°  screens=1  raw: 01 25 00
15:03:08.188    37°  screens=1  raw: 01 25 00
15:03:08.293    37°  screens=1  raw: 01 25 00
15:03:08.399    37°  screens=1  raw: 01 25 00
15:03:08.506    37°  screens=1  raw: 01 25 00
15:03:08.611    37°  screens=1  raw: 01 25 00
15:03:08.716    37°  screens=1  raw: 01 25 00
15:03:08.821    37°  screens=1  raw: 01 25 00
15:03:08.928    37°  screens=1  raw: 01 25 00
15:03:09.031    37°  screens=1  raw: 01 25 00
15:03:09.137    37°  screens=1  raw: 01 25 00
15:03:09.244    37°  screens=1  raw: 01 25 00
15:03:09.350    37°  screens=1  raw: 01 25 00
15:03:09.456    37°  screens=1  raw: 01 25 00
15:03:09.562    37°  screens=1  raw: 01 25 00
15:03:09.668    37°  screens=1  raw: 01 25 00
15:03:09.774    37°  screens=1  raw: 01 25 00
15:03:09.881    37°  screens=1  raw: 01 25 00
15:03:09.988    37°  screens=1  raw: 01 25 00
15:03:10.094    37°  screens=1  raw: 01 25 00
15:03:10.200    37°  screens=1  raw: 01 25 00
15:03:10.304    37°  screens=1  raw: 01 25 00
15:03:10.411    37°  screens=1  raw: 01 25 00
15:03:10.515    37°  screens=1  raw: 01 25 00
15:03:10.620    37°  screens=1  raw: 01 25 00
15:03:10.726    37°  screens=1  raw: 01 25 00
15:03:10.829    37°  screens=1  raw: 01 25 00
15:03:10.936    37°  screens=1  raw: 01 25 00
15:03:11.039    37°  screens=1  raw: 01 25 00
15:03:11.149    37°  screens=1  raw: 01 25 00
15:03:11.253    37°  screens=1  raw: 01 25 00
15:03:11.356    37°  screens=1  raw: 01 25 00
15:03:11.458    37°  screens=1  raw: 01 25 00
15:03:11.564    37°  screens=1  raw: 01 25 00
15:03:11.670    37°  screens=1  raw: 01 25 00
15:03:11.773    37°  screens=1  raw: 01 25 00
15:03:11.879    37°  screens=1  raw: 01 25 00
15:03:11.984    37°  screens=1  raw: 01 25 00
15:03:12.088    37°  screens=1  raw: 01 25 00
15:03:12.194    37°  screens=1  raw: 01 25 00
15:03:12.299    37°  screens=1  raw: 01 25 00
15:03:12.405    37°  screens=1  raw: 01 25 00
15:03:12.510    37°  screens=1  raw: 01 25 00
15:03:12.613    37°  screens=1  raw: 01 25 00
15:03:12.718    37°  screens=1  raw: 01 25 00
15:03:12.820    37°  screens=1  raw: 01 25 00
15:03:12.926    37°  screens=1  raw: 01 25 00
15:03:13.032    37°  screens=1  raw: 01 25 00
15:03:13.134    37°  screens=1  raw: 01 25 00
15:03:13.238    37°  screens=1  raw: 01 25 00
15:03:13.340    37°  screens=1  raw: 01 25 00
15:03:13.445    37°  screens=1  raw: 01 25 00
15:03:13.548    37°  screens=1  raw: 01 25 00
15:03:13.658    37°  screens=1  raw: 01 25 00
15:03:13.762    37°  screens=1  raw: 01 25 00
15:03:13.866    37°  screens=1  raw: 01 25 00
15:03:13.972    37°  screens=1  raw: 01 25 00
15:03:14.078    37°  screens=1  raw: 01 25 00
15:03:14.183    37°  screens=1  raw: 01 25 00
15:03:14.289    37°  screens=1  raw: 01 25 00
15:03:14.395    37°  screens=1  raw: 01 25 00
15:03:14.499    37°  screens=1  raw: 01 25 00
15:03:14.606    37°  screens=1  raw: 01 25 00
15:03:14.709    37°  screens=1  raw: 01 25 00
15:03:14.815    37°  screens=1  raw: 01 25 00
15:03:14.921    37°  screens=1  raw: 01 25 00
15:03:15.028    37°  screens=1  raw: 01 25 00
15:03:15.134    37°  screens=1  raw: 01 25 00
15:03:15.240    37°  screens=1  raw: 01 25 00
15:03:15.345    37°  screens=1  raw: 01 25 00
15:03:15.452    37°  screens=1  raw: 01 25 00
15:03:15.559    37°  screens=1  raw: 01 25 00
15:03:15.667    37°  screens=1  raw: 01 25 00
15:03:15.771    37°  screens=1  raw: 01 25 00
15:03:15.877    37°  screens=1  raw: 01 25 00
15:03:15.983    37°  screens=1  raw: 01 25 00
15:03:16.089    37°  screens=1  raw: 01 25 00
15:03:16.195    37°  screens=1  raw: 01 25 00
15:03:16.301    37°  screens=1  raw: 01 25 00
15:03:16.407    37°  screens=1  raw: 01 25 00
15:03:16.513    37°  screens=1  raw: 01 25 00
15:03:16.619    37°  screens=1  raw: 01 25 00
15:03:16.725    37°  screens=1  raw: 01 25 00
15:03:16.829    37°  screens=1  raw: 01 25 00
15:03:16.935    37°  screens=1  raw: 01 25 00
15:03:17.037    37°  screens=1  raw: 01 25 00
15:03:17.145    37°  screens=1  raw: 01 25 00
15:03:17.252    37°  screens=1  raw: 01 25 00
15:03:17.355    37°  screens=1  raw: 01 25 00
15:03:17.461    37°  screens=1  raw: 01 25 00
15:03:17.562    37°  screens=1  raw: 01 25 00
15:03:17.664    37°  screens=1  raw: 01 25 00
15:03:17.768    37°  screens=1  raw: 01 25 00
15:03:17.875    37°  screens=1  raw: 01 25 00
15:03:17.981    37°  screens=1  raw: 01 25 00
15:03:18.085    37°  screens=1  raw: 01 25 00
15:03:18.188    37°  screens=1  raw: 01 25 00
15:03:18.294    37°  screens=1  raw: 01 25 00
15:03:18.397    37°  screens=1  raw: 01 25 00
15:03:18.501    37°  screens=1  raw: 01 25 00
15:03:18.608    37°  screens=1  raw: 01 25 00
15:03:18.713    37°  screens=1  raw: 01 25 00
15:03:18.819    37°  screens=1  raw: 01 25 00
15:03:18.926    37°  screens=1  raw: 01 25 00
15:03:19.031    37°  screens=1  raw: 01 25 00
15:03:19.134    37°  screens=1  raw: 01 25 00
15:03:19.240    37°  screens=1  raw: 01 25 00
15:03:19.346    37°  screens=1  raw: 01 25 00
15:03:19.450    37°  screens=1  raw: 01 25 00
15:03:19.557    37°  screens=1  raw: 01 25 00
15:03:19.663    37°  screens=1  raw: 01 25 00
15:03:19.765    37°  screens=1  raw: 01 25 00
15:03:19.869    37°  screens=1  raw: 01 25 00
15:03:19.974    37°  screens=1  raw: 01 25 00
15:03:20.080    37°  screens=1  raw: 01 25 00
15:03:20.184    37°  screens=1  raw: 01 25 00
15:03:20.289    37°  screens=1  raw: 01 25 00
15:03:20.396    37°  screens=1  raw: 01 25 00
15:03:20.506    37°  screens=1  raw: 01 25 00
15:03:20.613    37°  screens=1  raw: 01 25 00
15:03:20.720    37°  screens=1  raw: 01 25 00
15:03:20.822    37°  screens=1  raw: 01 25 00
15:03:20.926    37°  screens=1  raw: 01 25 00
15:03:21.037    37°  screens=1  raw: 01 25 00
15:03:21.145    37°  screens=1  raw: 01 25 00
15:03:21.250    37°  screens=1  raw: 01 25 00
15:03:21.358    37°  screens=1  raw: 01 25 00
15:03:21.464    37°  screens=1  raw: 01 25 00
15:03:21.570    37°  screens=1  raw: 01 25 00
15:03:21.672    37°  screens=1  raw: 01 25 00
15:03:21.778    37°  screens=1  raw: 01 25 00
15:03:21.884    37°  screens=1  raw: 01 25 00
15:03:21.989    37°  screens=1  raw: 01 25 00
15:03:22.091    37°  screens=1  raw: 01 25 00
15:03:22.197    37°  screens=1  raw: 01 25 00
15:03:22.301    37°  screens=1  raw: 01 25 00
15:03:22.404    37°  screens=1  raw: 01 25 00
15:03:22.510    37°  screens=1  raw: 01 25 00
15:03:22.613    37°  screens=1  raw: 01 25 00
15:03:22.719    37°  screens=1  raw: 01 25 00
15:03:22.822    37°  screens=1  raw: 01 25 00
15:03:22.928    37°  screens=1  raw: 01 25 00
15:03:23.034    37°  screens=1  raw: 01 25 00
15:03:23.140    37°  screens=1  raw: 01 25 00
15:03:23.247    37°  screens=1  raw: 01 25 00
15:03:23.353    37°  screens=1  raw: 01 25 00
15:03:23.456    37°  screens=1  raw: 01 25 00
15:03:23.559    37°  screens=1  raw: 01 25 00
15:03:23.665    37°  screens=1  raw: 01 25 00
15:03:23.772    37°  screens=1  raw: 01 25 00
15:03:23.875    37°  screens=1  raw: 01 25 00
15:03:23.982    37°  screens=1  raw: 01 25 00
15:03:24.088    37°  screens=1  raw: 01 25 00
15:03:24.201    37°  screens=1  raw: 01 25 00
15:03:24.308    37°  screens=1  raw: 01 25 00
15:03:24.410    37°  screens=1  raw: 01 25 00
15:03:24.511    37°  screens=1  raw: 01 25 00
15:03:24.614    37°  screens=1  raw: 01 25 00
15:03:24.721    37°  screens=1  raw: 01 25 00
15:03:24.827    37°  screens=1  raw: 01 25 00
15:03:24.934    37°  screens=1  raw: 01 25 00
15:03:25.040    37°  screens=1  raw: 01 25 00
15:03:25.146    37°  screens=1  raw: 01 25 00
15:03:25.253    37°  screens=1  raw: 01 25 00
15:03:25.359    37°  screens=1  raw: 01 25 00
15:03:25.465    37°  screens=1  raw: 01 25 00
15:03:25.570    37°  screens=1  raw: 01 25 00
15:03:25.674    37°  screens=1  raw: 01 25 00
15:03:25.783    37°  screens=1  raw: 01 25 00
15:03:25.894    37°  screens=1  raw: 01 25 00
15:03:26.005    37°  screens=1  raw: 01 25 00
15:03:26.110    37°  screens=1  raw: 01 25 00
15:03:26.213    37°  screens=1  raw: 01 25 00
15:03:26.319    37°  screens=1  raw: 01 25 00
15:03:26.425    37°  screens=1  raw: 01 25 00
15:03:26.528    37°  screens=1  raw: 01 25 00
15:03:26.631    37°  screens=1  raw: 01 25 00
15:03:26.736    37°  screens=1  raw: 01 25 00
15:03:26.843    37°  screens=1  raw: 01 25 00
15:03:26.950    37°  screens=1  raw: 01 25 00
15:03:27.056    37°  screens=1  raw: 01 25 00
15:03:27.158    37°  screens=1  raw: 01 25 00
15:03:27.261    37°  screens=1  raw: 01 25 00
15:03:27.366    37°  screens=1  raw: 01 25 00
15:03:27.473    37°  screens=1  raw: 01 25 00
15:03:27.579    37°  screens=1  raw: 01 25 00
15:03:27.681    37°  screens=1  raw: 01 25 00
15:03:27.785    37°  screens=1  raw: 01 25 00
15:03:27.887    37°  screens=1  raw: 01 25 00
15:03:27.993    37°  screens=1  raw: 01 25 00
15:03:28.099    37°  screens=1  raw: 01 25 00
15:03:28.204    37°  screens=1  raw: 01 25 00
15:03:28.306    37°  screens=1  raw: 01 25 00
15:03:28.412    37°  screens=1  raw: 01 25 00
15:03:28.518    37°  screens=1  raw: 01 25 00
15:03:28.624    37°  screens=1  raw: 01 25 00
15:03:28.729    37°  screens=1  raw: 01 25 00
15:03:28.836    37°  screens=1  raw: 01 25 00
15:03:28.942    37°  screens=1  raw: 01 25 00
15:03:29.049    37°  screens=1  raw: 01 25 00
15:03:29.155    37°  screens=1  raw: 01 25 00
15:03:29.263    37°  screens=1  raw: 01 25 00
15:03:29.365    37°  screens=1  raw: 01 25 00
15:03:29.471    37°  screens=1  raw: 01 25 00
15:03:29.577    37°  screens=1  raw: 01 25 00
15:03:29.681    37°  screens=1  raw: 01 25 00
15:03:29.788    37°  screens=1  raw: 01 25 00
15:03:29.894    37°  screens=1  raw: 01 25 00
15:03:29.999    37°  screens=1  raw: 01 25 00
15:03:30.103    37°  screens=1  raw: 01 25 00
15:03:30.209    37°  screens=1  raw: 01 25 00
15:03:30.313    37°  screens=1  raw: 01 25 00
15:03:30.419    37°  screens=1  raw: 01 25 00
15:03:30.525    37°  screens=1  raw: 01 25 00
15:03:30.631    37°  screens=1  raw: 01 25 00
15:03:30.734    37°  screens=1  raw: 01 25 00
15:03:30.836    37°  screens=1  raw: 01 25 00
15:03:30.942    37°  screens=1  raw: 01 25 00
15:03:31.045    37°  screens=1  raw: 01 25 00
15:03:31.151    37°  screens=1  raw: 01 25 00
15:03:31.257    37°  screens=1  raw: 01 25 00
15:03:31.360    37°  screens=1  raw: 01 25 00
15:03:31.466    37°  screens=1  raw: 01 25 00
15:03:31.571    37°  screens=1  raw: 01 25 00
15:03:31.674    37°  screens=1  raw: 01 25 00
15:03:31.779    37°  screens=1  raw: 01 25 00
15:03:31.885    37°  screens=1  raw: 01 25 00
15:03:31.986    37°  screens=1  raw: 01 25 00
15:03:32.087    37°  screens=1  raw: 01 25 00
15:03:32.193    37°  screens=1  raw: 01 25 00
15:03:32.298    37°  screens=1  raw: 01 25 00
15:03:32.401    37°  screens=1  raw: 01 25 00
15:03:32.506    37°  screens=1  raw: 01 25 00
15:03:32.612    37°  screens=1  raw: 01 25 00
15:03:32.714    37°  screens=1  raw: 01 25 00
15:03:32.817    37°  screens=1  raw: 01 25 00
15:03:32.923    37°  screens=1  raw: 01 25 00
15:03:33.029    37°  screens=1  raw: 01 25 00
15:03:33.135    37°  screens=1  raw: 01 25 00
15:03:33.239    37°  screens=1  raw: 01 25 00
15:03:33.340    37°  screens=1  raw: 01 25 00
15:03:33.442    37°  screens=1  raw: 01 25 00
15:03:33.547    37°  screens=1  raw: 01 25 00
15:03:33.653    37°  screens=1  raw: 01 25 00
15:03:33.759    37°  screens=1  raw: 01 25 00
15:03:33.865    37°  screens=1  raw: 01 25 00
15:03:33.971    37°  screens=1  raw: 01 25 00
15:03:34.071    37°  screens=1  raw: 01 25 00
15:03:34.176    37°  screens=1  raw: 01 25 00
15:03:34.282    37°  screens=1  raw: 01 25 00
15:03:34.388    37°  screens=1  raw: 01 25 00
15:03:34.494    37°  screens=1  raw: 01 25 00
15:03:34.600    37°  screens=1  raw: 01 25 00
15:03:34.706    37°  screens=1  raw: 01 25 00
15:03:34.817    37°  screens=1  raw: 01 25 00
15:03:34.924    37°  screens=1  raw: 01 25 00
15:03:35.030    37°  screens=1  raw: 01 25 00
15:03:35.134    37°  screens=1  raw: 01 25 00
15:03:35.237    37°  screens=1  raw: 01 25 00
15:03:35.343    37°  screens=1  raw: 01 25 00
15:03:35.449    37°  screens=1  raw: 01 25 00
15:03:35.558    37°  screens=1  raw: 01 25 00
15:03:35.661    37°  screens=1  raw: 01 25 00
15:03:35.768    37°  screens=1  raw: 01 25 00
15:03:35.870    37°  screens=1  raw: 01 25 00
15:03:35.980    37°  screens=1  raw: 01 25 00
15:03:36.084    37°  screens=1  raw: 01 25 00
15:03:36.188    37°  screens=1  raw: 01 25 00
15:03:36.293    37°  screens=1  raw: 01 25 00
15:03:36.395    37°  screens=1  raw: 01 25 00
15:03:36.501    37°  screens=1  raw: 01 25 00
15:03:36.606    37°  screens=1  raw: 01 25 00
15:03:36.708    37°  screens=1  raw: 01 25 00
15:03:36.815    37°  screens=1  raw: 01 25 00
15:03:36.921    37°  screens=1  raw: 01 25 00
15:03:37.027    37°  screens=1  raw: 01 25 00
15:03:37.129    37°  screens=1  raw: 01 25 00
15:03:37.235    37°  screens=1  raw: 01 25 00
15:03:37.338    37°  screens=1  raw: 01 25 00
15:03:37.440    37°  screens=1  raw: 01 25 00
15:03:37.543    37°  screens=1  raw: 01 25 00
15:03:37.649    37°  screens=1  raw: 01 25 00
15:03:37.756    37°  screens=1  raw: 01 25 00
15:03:37.861    37°  screens=1  raw: 01 25 00
15:03:37.968    42°  screens=1  raw: 01 2a 00
15:03:38.070    59°  screens=1  raw: 01 3b 00
15:03:38.175    96°  screens=1  raw: 01 60 00
15:03:38.281   108°  screens=1  raw: 01 6c 00
15:03:38.387   113°  screens=1  raw: 01 71 00
15:03:38.500   116°  screens=1  raw: 01 74 00
15:03:38.607   117°  screens=1  raw: 01 75 00
15:03:38.711   117°  screens=1  raw: 01 75 00
15:03:38.816   117°  screens=1  raw: 01 75 00
15:03:38.922   117°  screens=1  raw: 01 75 00
15:03:39.028   117°  screens=1  raw: 01 75 00
15:03:39.133   117°  screens=1  raw: 01 75 00
15:03:39.239   117°  screens=1  raw: 01 75 00
15:03:39.345   117°  screens=1  raw: 01 75 00
15:03:39.450   117°  screens=1  raw: 01 75 00
15:03:39.554   117°  screens=1  raw: 01 75 00
15:03:39.660   117°  screens=1  raw: 01 75 00
15:03:39.763   117°  screens=1  raw: 01 75 00
15:03:39.865   117°  screens=1  raw: 01 75 00
15:03:39.971   117°  screens=1  raw: 01 75 00
15:03:40.077   117°  screens=1  raw: 01 75 00
15:03:40.183   117°  screens=1  raw: 01 75 00
15:03:40.286   117°  screens=1  raw: 01 75 00
15:03:40.391   117°  screens=1  raw: 01 75 00
15:03:40.497   117°  screens=1  raw: 01 75 00
15:03:40.603   117°  screens=1  raw: 01 75 00
15:03:40.705   117°  screens=1  raw: 01 75 00
15:03:40.809   117°  screens=1  raw: 01 75 00
15:03:40.912   117°  screens=1  raw: 01 75 00
15:03:41.018   117°  screens=1  raw: 01 75 00
15:03:41.123   117°  screens=1  raw: 01 75 00
15:03:41.226   117°  screens=1  raw: 01 75 00
15:03:41.331   117°  screens=1  raw: 01 75 00
15:03:41.437   117°  screens=1  raw: 01 75 00
15:03:41.540   117°  screens=1  raw: 01 75 00
15:03:41.646   117°  screens=1  raw: 01 75 00
15:03:41.752   117°  screens=1  raw: 01 75 00
15:03:41.858   117°  screens=1  raw: 01 75 00
15:03:41.961   117°  screens=1  raw: 01 75 00
15:03:42.066   117°  screens=1  raw: 01 75 00
15:03:42.171   117°  screens=1  raw: 01 75 00
15:03:42.276   117°  screens=1  raw: 01 75 00
15:03:42.381   117°  screens=1  raw: 01 75 00
15:03:42.485   117°  screens=1  raw: 01 75 00
15:03:42.591   117°  screens=1  raw: 01 75 00
15:03:42.697   117°  screens=1  raw: 01 75 00
15:03:42.804   117°  screens=1  raw: 01 75 00
15:03:42.910   117°  screens=1  raw: 01 75 00
15:03:43.015   117°  screens=1  raw: 01 75 00
15:03:43.120   117°  screens=1  raw: 01 75 00
15:03:43.224   117°  screens=1  raw: 01 75 00
15:03:43.327   117°  screens=1  raw: 01 75 00
15:03:43.433   117°  screens=1  raw: 01 75 00
15:03:43.534   117°  screens=1  raw: 01 75 00
15:03:43.639   117°  screens=1  raw: 01 75 00
15:03:43.745   117°  screens=1  raw: 01 75 00
15:03:43.851   117°  screens=1  raw: 01 75 00
15:03:43.954   117°  screens=1  raw: 01 75 00
15:03:44.060   117°  screens=1  raw: 01 75 00
15:03:44.166   117°  screens=1  raw: 01 75 00
15:03:44.267   117°  screens=1  raw: 01 75 00
15:03:44.374   117°  screens=1  raw: 01 75 00
15:03:44.481   117°  screens=1  raw: 01 75 00
15:03:44.588   117°  screens=1  raw: 01 75 00
15:03:44.692   117°  screens=1  raw: 01 75 00
15:03:44.799   117°  screens=1  raw: 01 75 00
15:03:44.906   117°  screens=1  raw: 01 75 00
15:03:45.009   117°  screens=1  raw: 01 75 00
15:03:45.115   117°  screens=1  raw: 01 75 00
15:03:45.221   117°  screens=1  raw: 01 75 00
15:03:45.325   117°  screens=1  raw: 01 75 00
15:03:45.429   117°  screens=1  raw: 01 75 00
15:03:45.540   117°  screens=1  raw: 01 75 00
15:03:45.646   117°  screens=1  raw: 01 75 00
15:03:45.751   117°  screens=1  raw: 01 75 00
15:03:45.857   117°  screens=1  raw: 01 75 00
15:03:45.964   117°  screens=1  raw: 01 75 00
15:03:46.068   117°  screens=1  raw: 01 75 00
15:03:46.173   117°  screens=1  raw: 01 75 00
15:03:46.277   117°  screens=1  raw: 01 75 00
15:03:46.379   117°  screens=1  raw: 01 75 00
15:03:46.485   116°  screens=1  raw: 01 74 00
15:03:46.589   113°  screens=1  raw: 01 71 00
15:03:46.694   109°  screens=1  raw: 01 6d 00
15:03:46.800   107°  screens=1  raw: 01 6b 00
15:03:46.905   105°  screens=1  raw: 01 69 00
15:03:47.011   103°  screens=1  raw: 01 67 00
15:03:47.113   100°  screens=1  raw: 01 64 00
15:03:47.219    97°  screens=1  raw: 01 61 00
15:03:47.326    94°  screens=1  raw: 01 5e 00
15:03:47.431    91°  screens=1  raw: 01 5b 00
15:03:47.533    89°  screens=1  raw: 01 59 00
15:03:47.639    87°  screens=1  raw: 01 57 00
15:03:47.742    87°  screens=1  raw: 01 57 00
15:03:47.852    87°  screens=1  raw: 01 57 00
15:03:47.957    85°  screens=1  raw: 01 55 00
15:03:48.061    82°  screens=1  raw: 01 52 00
15:03:48.166    75°  screens=1  raw: 01 4b 00
15:03:48.272    53°  screens=1  raw: 01 35 00
15:03:48.376    43°  screens=1  raw: 01 2b 00
15:03:48.479    34°  screens=1  raw: 01 22 00
15:03:48.585    29°  screens=1  raw: 01 1d 00
15:03:48.691    27°  screens=1  raw: 01 1b 00
15:03:48.792    26°  screens=1  raw: 01 1a 00
15:03:48.894    26°  screens=1  raw: 01 1a 00
15:03:48.999    26°  screens=1  raw: 01 1a 00
15:03:49.101    26°  screens=1  raw: 01 1a 00
15:03:49.206    26°  screens=1  raw: 01 1a 00
15:03:49.307    26°  screens=1  raw: 01 1a 00
15:03:49.417    26°  screens=1  raw: 01 1a 00
15:03:49.520    26°  screens=1  raw: 01 1a 00
15:03:49.627    26°  screens=1  raw: 01 1a 00
