 115°   raw: 01 73 00
 115°   raw: 01 73 00
 115°   raw: 01 73 00
 115°   raw: 01 73 00
 115°   raw: 01 73 00
 115°   raw: 01 73 00
 115°   raw: 01 73 00
 115°   raw: 01 73 00
 115°   raw: 01 73 00
 115°   raw: 01 73 00
 115°   raw: 01 73 00
 115°   raw: 01 73 00
 115°   raw: 01 73 00
 115°   raw: 01 73 00
 115°   raw: 01 73 00
 115°   raw: 01 73 00
 115°   raw: 01 73 00
 115°   raw: 01 73 00
 115°   raw: 01 73 00
 115°   raw: 01 73 00
 115°   raw: 01 73 00
 115°   raw: 01 73 00
 115°   raw: 01 73 00
 115°   raw: 01 73 00
 115°   raw: 01 73 00
 115°   raw: 01 73 00
 115°   raw: 01 73 00
 115°   raw: 01 73 00
 115°   raw: 01 73 00
 115°   raw: 01 73 00
 115°   raw: 01 73 00
 115°   raw: 01 73 00
 115°   raw: 01 73 00
 115°   raw: 01 73 00
 115°   raw: 01 73 00
 115°   raw: 01 73 00
 115°   raw: 01 73 00
 115°   raw: 01 73 00
 115°   raw: 01 73 00
 115°   raw: 01 73 00
 115°   raw: 01 73 00
 115°   raw: 01 73 00
 115°   raw: 01 73 00
 115°   raw: 01 73 00
 115°   raw: 01 73 00
 115°   raw: 01 73 00
 115°   raw: 01 73 00
 115°   raw: 01 73 00
 115°   raw: 01 73 00
 115°   raw: 01 73 00
 115°   raw: 01 73 00
 115°   raw: 01 73 00
 115°   raw: 01 73 00
 115°   raw: 01 73 00
 115°   raw: 01 73 00
 115°   raw: 01 73 00
 115°   raw: 01 73 00
 115°   raw: 01 73 00
 115°   raw: 01 73 00
 115°   raw: 01 73 00
 115°   raw: 01 73 00
 115°   raw: 01 73 00
 115°   raw: 01 73 00
 115°   raw: 01 73 00
 115°   raw: 01 73 00
 115°   raw: 01 73 00
 115°   raw: 01 73 00
 115°   raw: 01 73 00
 115°   raw: 01 73 00
 115°   raw: 01 73 00
 115°   raw: 01 73 00
 115°   raw: 01 73 00
 115°   raw: 01 73 00
 115°   raw: 01 73 00
 115°   raw: 01 73 00
 115°   raw: 01 73 00
 115°   raw: 01 73 00
 115°   raw: 01 73 00
 115°   raw: 01 73 00
 115°   raw: 01 73 00
 115°   raw: 01 73 00
 115°   raw: 01 73 00
 115°   raw: 01 73 00
 115°   raw: 01 73 00
 115°   raw: 01 73 00
 115°   raw: 01 73 00
 115°   raw: 01 73 00
 115°   raw: 01 73 00
 115°   raw: 01 73 00
 115°   raw: 01 73 00
 115°   raw: 01 73 00
 115°   raw: 01 73 00
 115°   raw: 01 73 00
 115°   raw: 01 73 00
 115°   raw: 01 73 00
 115°   raw: 01 73 00
 115°   raw: 01 73 00
 115°   raw: 01 73 00
 115°   raw: 01 73 00
 115°   raw: 01 73 00
 115°   raw: 01 73 00
 115°   raw: 01 73 00
 115°   raw: 01 73 00
 115°   raw: 01 73 00
 115°   raw: 01 73 00
 115°   raw: 01 73 00
 115°   raw: 01 73 00
 115°   raw: 01 73 00
 115°   raw: 01 73 00
 115°   raw: 01 73 00
 115°   raw: 01 73 00
 115°   raw: 01 73 00
 115°   raw: 01 73 00
 115°   raw: 01 73 00
 115°   raw: 01 73 00
 115°   raw: 01 73 00
 115°   raw: 01 73 00
 115°   raw: 01 73 00
 115°   raw: 01 73 00
 115°   raw: 01 73 00
 115°   raw: 01 73 00
 115°   raw: 01 73 00
 115°   raw: 01 73 00
 115°   raw: 01 73 00
 115°   raw: 01 73 00
 115°   raw: 01 73 00
 115°   raw: 01 73 00
 115°   raw: 01 73 00
 115°   raw: 01 73 00
 115°   raw: 01 73 00
 115°   raw: 01 73 00
 115°   raw: 01 73 00
 115°   raw: 01 73 00
 115°   raw: 01 73 00
 115°   raw: 01 73 00
 115°   raw: 01 73 00
 115°   raw: 01 73 00
 115°   raw: 01 73 00
 115°   raw: 01 73 00
 115°   raw: 01 73 00
 115°   raw: 01 73 00
 115°   raw: 01 73 00
 115°   raw: 01 73 00
 115°   raw: 01 73 00
 115°   raw: 01 73 00
 115°   raw: 01 73 00
 115°   raw: 01 73 00
 115°   raw: 01 73 00
 115°   raw: 01 73 00
 115°   raw: 01 73 00
 115°   raw: 01 73 00
 115°   raw: 01 73 00
 115°   raw: 01 73 00
 115°   raw: 01 73 00
 115°   raw: 01 73 00
 115°   raw: 01 73 00
 115°   raw: 01 73 00
 115°   raw: 01 73 00
 115°   raw: 01 73 00
 115°   raw: 01 73 00
 115°   raw: 01 73 00
 115°   raw: 01 73 00
 115°   raw: 01 73 00
 115°   raw: 01 73 00
 115°   raw: 01 73 00
 115°   raw: 01 73 00
 115°   raw: 01 73 00
 115°   raw: 01 73 00
 115°   raw: 01 73 00
 115°   raw: 01 73 00
 115°   raw: 01 73 00
 115°   raw: 01 73 00
 115°   raw: 01 73 00
 115°   raw: 01 73 00
 115°   raw: 01 73 00
 115°   raw: 01 73 00
 115°   raw: 01 73 00
 115°   raw: 01 73 00
 115°   raw: 01 73 00
 115°   raw: 01 73 00
 115°   raw: 01 73 00
 115°   raw: 01 73 00
 115°   raw: 01 73 00
 115°   raw: 01 73 00
 115°   raw: 01 73 00
 115°   raw: 01 73 00
 115°   raw: 01 73 00
 115°   raw: 01 73 00
 115°   raw: 01 73 00
 115°   raw: 01 73 00
 115°   raw: 01 73 00
 115°   raw: 01 73 00
 115°   raw: 01 73 00
 117°   raw: 01 75 00
 120°   raw: 01 78 00
 122°   raw: 01 7a 00
 125°   raw: 01 7d 00
 129°   raw: 01 81 00
 130°   raw: 01 82 00
 131°   raw: 01 83 00
 131°   raw: 01 83 00
 131°   raw: 01 83 00
 131°   raw: 01 83 00
 131°   raw: 01 83 00
 131°   raw: 01 83 00
 131°   raw: 01 83 00
 131°   raw: 01 83 00
 130°   raw: 01 82 00
 131°   raw: 01 83 00
 130°   raw: 01 82 00
 131°   raw: 01 83 00
 130°   raw: 01 82 00
 131°   raw: 01 83 00
 131°   raw: 01 83 00
 131°   raw: 01 83 00
 131°   raw: 01 83 00
 131°   raw: 01 83 00
 131°   raw: 01 83 00
 130°   raw: 01 82 00
 131°   raw: 01 83 00
 130°   raw: 01 82 00
 131°   raw: 01 83 00
 131°   raw: 01 83 00
 130°   raw: 01 82 00
 131°   raw: 01 83 00
 131°   raw: 01 83 00
 131°   raw: 01 83 00
 130°   raw: 01 82 00
 131°   raw: 01 83 00
 131°   raw: 01 83 00
 130°   raw: 01 82 00
 131°   raw: 01 83 00
 131°   raw: 01 83 00
 130°   raw: 01 82 00
 130°   raw: 01 82 00
 130°   raw: 01 82 00
 130°   raw: 01 82 00
 128°   raw: 01 80 00
 126°   raw: 01 7e 00
 123°   raw: 01 7b 00
 120°   raw: 01 78 00
 116°   raw: 01 74 00
 112°   raw: 01 70 00
 108°   raw: 01 6c 00
 103°   raw: 01 67 00
  93°   raw: 01 5d 00
  88°   raw: 01 58 00
  84°   raw: 01 54 00
  80°   raw: 01 50 00
  76°   raw: 01 4c 00
  73°   raw: 01 49 00
  69°   raw: 01 45 00
  65°   raw: 01 41 00
  61°   raw: 01 3d 00
  56°   raw: 01 38 00
  52°   raw: 01 34 00
  48°   raw: 01 30 00
  43°   raw: 01 2b 00
  38°   raw: 01 26 00
  35°   raw: 01 23 00
  30°   raw: 01 1e 00
  26°   raw: 01 1a 00
  21°   raw: 01 15 00
  18°   raw: 01 12 00
  17°   raw: 01 11 00
  16°   raw: 01 10 00
  16°   raw: 01 10 00
  16°   raw: 01 10 00
  16°   raw: 01 10 00
  16°   raw: 01 10 00
  16°   raw: 01 10 00
  16°   raw: 01 10 00
  16°   raw: 01 10 00
  15°   raw: 01 0f 00
  15°   raw: 01 0f 00
  15°   raw: 01 0f 00
  15°   raw: 01 0f 00
  15°   raw: 01 0f 00
  15°   raw: 01 0f 00
  15°   raw: 01 0f 00
  15°   raw: 01 0f 00
  15°   raw: 01 0f 00
  15°   raw: 01 0f 00
  15°   raw: 01 0f 00
  15°   raw: 01 0f 00
  15°   raw: 01 0f 00
  15°   raw: 01 0f 00
  15°   raw: 01 0f 00
  15°   raw: 01 0f 00
  15°   raw: 01 0f 00
  15°   raw: 01 0f 00
  15°   raw: 01 0f 00
  15°   raw: 01 0f 00
  15°   raw: 01 0f 00
  15°   raw: 01 0f 00
  16°   raw: 01 10 00
  21°   raw: 01 15 00
  28°   raw: 01 1c 00
  39°   raw: 01 27 00
  51°   raw: 01 33 00
  63°   raw: 01 3f 00
  76°   raw: 01 4c 00
  88°   raw: 01 58 00
  99°   raw: 01 63 00
 109°   raw: 01 6d 00
 116°   raw: 01 74 00
 119°   raw: 01 77 00
 119°   raw: 01 77 00
 119°   raw: 01 77 00
 119°   raw: 01 77 00
 119°   raw: 01 77 00
 119°   raw: 01 77 00
 119°   raw: 01 77 00
 119°   raw: 01 77 00
 119°   raw: 01 77 00
 119°   raw: 01 77 00
 119°   raw: 01 77 00
 119°   raw: 01 77 00
 119°   raw: 01 77 00
 119°   raw: 01 77 00
 119°   raw: 01 77 00
 119°   raw: 01 77 00
 119°   raw: 01 77 00
 119°   raw: 01 77 00
 119°   raw: 01 77 00
 119°   raw: 01 77 00
 119°   raw: 01 77 00
 119°   raw: 01 77 00
 119°   raw: 01 77 00
 119°   raw: 01 77 00
 119°   raw: 01 77 00
 119°   raw: 01 77 00
 119°   raw: 01 77 00
 119°   raw: 01 77 00
 119°   raw: 01 77 00
 119°   raw: 01 77 00
 119°   raw: 01 77 00
 119°   raw: 01 77 00
 119°   raw: 01 77 00
 119°   raw: 01 77 00
 119°   raw: 01 77 00
 119°   raw: 01 77 00
 119°   raw: 01 77 00
 119°   raw: 01 77 00
 119°   raw: 01 77 00
 119°   raw: 01 77 00
 119°   raw: 01 77 00
 119°   raw: 01 77 00
 119°   raw: 01 77 00
 119°   raw: 01 77 00
 119°   raw: 01 77 00
 119°   raw: 01 77 00
 119°   raw: 01 77 00
 119°   raw: 01 77 00
 119°   raw: 01 77 00
 119°   raw: 01 77 00
 119°   raw: 01 77 00
 119°   raw: 01 77 00
 119°   raw: 01 77 00
 119°   raw: 01 77 00
 119°   raw: 01 77 00
 119°   raw: 01 77 00
 119°   raw: 01 77 00
 119°   raw: 01 77 00
 119°   raw: 01 77 00
 119°   raw: 01 77 00
 119°   raw: 01 77 00
 119°   raw: 01 77 00
 119°   raw: 01 77 00
 119°   raw: 01 77 00
 119°   raw: 01 77 00
 119°   raw: 01 77 00
 119°   raw: 01 77 00
 119°   raw: 01 77 00
 119°   raw: 01 77 00
 119°   raw: 01 77 00
 119°   raw: 01 77 00
 119°   raw: 01 77 00
 119°   raw: 01 77 00
 119°   raw: 01 77 00
 119°   raw: 01 77 00
 119°   raw: 01 77 00
 119°   raw: 01 77 00
 119°   raw: 01 77 00
 119°   raw: 01 77 00
 119°   raw: 01 77 00
 119°   raw: 01 77 00
 119°   raw: 01 77 00
 119°   raw: 01 77 00
 119°   raw: 01 77 00
 119°   raw: 01 77 00
 119°   raw: 01 77 00
 119°   raw: 01 77 00
 119°   raw: 01 77 00
 119°   raw: 01 77 00
 119°   raw: 01 77 00
 119°   raw: 01 77 00
 119°   raw: 01 77 00
 119°   raw: 01 77 00
 119°   raw: 01 77 00
 119°   raw: 01 77 00
 119°   raw: 01 77 00
 119°   raw: 01 77 00
 119°   raw: 01 77 00
 119°   raw: 01 77 00
 119°   raw: 01 77 00
 119°   raw: 01 77 00
 119°   raw: 01 77 00
